19:39:22 **** Incremental Build of configuration Debug for project freertos_blinky ****
make -r -j8 all 
make[1]: Nothing to be done for 'main-build'.
Performing post-build steps
arm-none-eabi-size "freertos_blinky.axf"; # arm-none-eabi-objcopy -v -O binary "freertos_blinky.axf" "freertos_blinky.bin" ; # checksum -p LPC1769 -d "freertos_blinky.bin";
   text	   data	    bss	    dec	    hex	filename
  17568	      8	    820	  18396	   47dc	freertos_blinky.axf
 

19:39:22 Build Finished. 0 errors, 0 warnings. (took 220ms)

