19:44:31 **** Build of configuration Debug for project lpc_board_nxp_lpcxpresso_1769 ****
make -r -j8 all 
Building file: ../src/board.c
Building file: ../src/board_sysinit.c
Building file: ../src/lpc_phy_smsc87x0.c
Invoking: MCU C Compiler
arm-none-eabi-gcc -D__REDLIB__ -DDEBUG -D__CODE_RED -D__USE_LPCOPEN -DCORE_M3 -I"D:\UTN-FRA\FisicaElectronicaIII\LPCworkspace\lpc_chip_175x_6x\inc" -I"D:\UTN-FRA\FisicaElectronicaIII\LPCworkspace\lpc_board_nxp_lpcxpresso_1769\inc" -O0 -g3 -Wall -c -fmessage-length=0 -fno-builtin -ffunction-sections -fdata-sections -fmerge-constants -fmacro-prefix-map="../src/"= -mcpu=cortex-m3 -mthumb -fstack-usage -specs=redlib.specs -MMD -MP -MF"src/board.d" -MT"src/board.o" -MT"src/board.d" -o "src/board.o" "../src/board.c"
Invoking: MCU C Compiler
arm-none-eabi-gcc -D__REDLIB__ -DDEBUG -D__CODE_RED -D__USE_LPCOPEN -DCORE_M3 -I"D:\UTN-FRA\FisicaElectronicaIII\LPCworkspace\lpc_chip_175x_6x\inc" -I"D:\UTN-FRA\FisicaElectronicaIII\LPCworkspace\lpc_board_nxp_lpcxpresso_1769\inc" -O0 -g3 -Wall -c -fmessage-length=0 -fno-builtin -ffunction-sections -fdata-sections -fmerge-constants -fmacro-prefix-map="../src/"= -mcpu=cortex-m3 -mthumb -fstack-usage -specs=redlib.specs -MMD -MP -MF"src/board_sysinit.d" -MT"src/board_sysinit.o" -MT"src/board_sysinit.d" -o "src/board_sysinit.o" "../src/board_sysinit.c"
Invoking: MCU C Compiler
arm-none-eabi-gcc -D__REDLIB__ -DDEBUG -D__CODE_RED -D__USE_LPCOPEN -DCORE_M3 -I"D:\UTN-FRA\FisicaElectronicaIII\LPCworkspace\lpc_chip_175x_6x\inc" -I"D:\UTN-FRA\FisicaElectronicaIII\LPCworkspace\lpc_board_nxp_lpcxpresso_1769\inc" -O0 -g3 -Wall -c -fmessage-length=0 -fno-builtin -ffunction-sections -fdata-sections -fmerge-constants -fmacro-prefix-map="../src/"= -mcpu=cortex-m3 -mthumb -fstack-usage -specs=redlib.specs -MMD -MP -MF"src/lpc_phy_smsc87x0.d" -MT"src/lpc_phy_smsc87x0.o" -MT"src/lpc_phy_smsc87x0.d" -o "src/lpc_phy_smsc87x0.o" "../src/lpc_phy_smsc87x0.c"
../src/board.c: In function 'Board_I2C_Init':
../src/board.c:267:2: warning: enumeration value 'I2C_NUM_INTERFACE' not handled in switch [-Wswitch]
  267 |  switch (id) {
      |  ^~~~~~
Finished building: ../src/board_sysinit.c
Finished building: ../src/board.c
Finished building: ../src/lpc_phy_smsc87x0.c
 
 
 
Building target: liblpc_board_nxp_lpcxpresso_1769.a
Invoking: MCU Archiver
arm-none-eabi-ar -r  "liblpc_board_nxp_lpcxpresso_1769.a"  ./src/board.o ./src/board_sysinit.o ./src/lpc_phy_smsc87x0.o   
arm-none-eabi-ar: creating liblpc_board_nxp_lpcxpresso_1769.a
Finished building target: liblpc_board_nxp_lpcxpresso_1769.a
 
Performing post-build steps
arm-none-eabi-size "liblpc_board_nxp_lpcxpresso_1769.a" ; # arm-none-eabi-objdump -h -S "liblpc_board_nxp_lpcxpresso_1769.a" >"liblpc_board_nxp_lpcxpresso_1769.lss"
   text	   data	    bss	    dec	    hex	filename
   2233	      0	      0	   2233	    8b9	board.o (ex liblpc_board_nxp_lpcxpresso_1769.a)
    202	      0	      0	    202	     ca	board_sysinit.o (ex liblpc_board_nxp_lpcxpresso_1769.a)
    860	      0	     18	    878	    36e	lpc_phy_smsc87x0.o (ex liblpc_board_nxp_lpcxpresso_1769.a)
 
19:44:32 **** Build of configuration Debug for project lpc_chip_175x_6x ****
make -r -j8 all 
Building file: ../src/adc_17xx_40xx.c
Building file: ../src/can_17xx_40xx.c
Building file: ../src/chip_17xx_40xx.c
Invoking: MCU C Compiler
Invoking: MCU C Compiler
arm-none-eabi-gcc -D__REDLIB__ -DDEBUG -D__CODE_RED -D__USE_LPCOPEN -DCORE_M3 -I"D:\UTN-FRA\FisicaElectronicaIII\LPCworkspace\lpc_chip_175x_6x\inc" -O0 -g3 -Wall -c -fmessage-length=0 -fno-builtin -ffunction-sections -fdata-sections -fmerge-constants -fmacro-prefix-map="../src/"= -mcpu=cortex-m3 -mthumb -fstack-usage -specs=redlib.specs -MMD -MP -MF"src/adc_17xx_40xx.d" -MT"src/adc_17xx_40xx.o" -MT"src/adc_17xx_40xx.d" -o "src/adc_17xx_40xx.o" "../src/adc_17xx_40xx.c"
Building file: ../src/clock_17xx_40xx.c
Invoking: MCU C Compiler
arm-none-eabi-gcc -D__REDLIB__ -DDEBUG -D__CODE_RED -D__USE_LPCOPEN -DCORE_M3 -I"D:\UTN-FRA\FisicaElectronicaIII\LPCworkspace\lpc_chip_175x_6x\inc" -O0 -g3 -Wall -c -fmessage-length=0 -fno-builtin -ffunction-sections -fdata-sections -fmerge-constants -fmacro-prefix-map="../src/"= -mcpu=cortex-m3 -mthumb -fstack-usage -specs=redlib.specs -MMD -MP -MF"src/can_17xx_40xx.d" -MT"src/can_17xx_40xx.o" -MT"src/can_17xx_40xx.d" -o "src/can_17xx_40xx.o" "../src/can_17xx_40xx.c"
arm-none-eabi-gcc -D__REDLIB__ -DDEBUG -D__CODE_RED -D__USE_LPCOPEN -DCORE_M3 -I"D:\UTN-FRA\FisicaElectronicaIII\LPCworkspace\lpc_chip_175x_6x\inc" -O0 -g3 -Wall -c -fmessage-length=0 -fno-builtin -ffunction-sections -fdata-sections -fmerge-constants -fmacro-prefix-map="../src/"= -mcpu=cortex-m3 -mthumb -fstack-usage -specs=redlib.specs -MMD -MP -MF"src/chip_17xx_40xx.d" -MT"src/chip_17xx_40xx.o" -MT"src/chip_17xx_40xx.d" -o "src/chip_17xx_40xx.o" "../src/chip_17xx_40xx.c"
Building file: ../src/cmp_17xx_40xx.c
Invoking: MCU C Compiler
arm-none-eabi-gcc -D__REDLIB__ -DDEBUG -D__CODE_RED -D__USE_LPCOPEN -DCORE_M3 -I"D:\UTN-FRA\FisicaElectronicaIII\LPCworkspace\lpc_chip_175x_6x\inc" -O0 -g3 -Wall -c -fmessage-length=0 -fno-builtin -ffunction-sections -fdata-sections -fmerge-constants -fmacro-prefix-map="../src/"= -mcpu=cortex-m3 -mthumb -fstack-usage -specs=redlib.specs -MMD -MP -MF"src/clock_17xx_40xx.d" -MT"src/clock_17xx_40xx.o" -MT"src/clock_17xx_40xx.d" -o "src/clock_17xx_40xx.o" "../src/clock_17xx_40xx.c"
Building file: ../src/crc_17xx_40xx.c
Building file: ../src/dac_17xx_40xx.c
Invoking: MCU C Compiler
arm-none-eabi-gcc -D__REDLIB__ -DDEBUG -D__CODE_RED -D__USE_LPCOPEN -DCORE_M3 -I"D:\UTN-FRA\FisicaElectronicaIII\LPCworkspace\lpc_chip_175x_6x\inc" -O0 -g3 -Wall -c -fmessage-length=0 -fno-builtin -ffunction-sections -fdata-sections -fmerge-constants -fmacro-prefix-map="../src/"= -mcpu=cortex-m3 -mthumb -fstack-usage -specs=redlib.specs -MMD -MP -MF"src/cmp_17xx_40xx.d" -MT"src/cmp_17xx_40xx.o" -MT"src/cmp_17xx_40xx.d" -o "src/cmp_17xx_40xx.o" "../src/cmp_17xx_40xx.c"
Building file: ../src/eeprom_17xx_40xx.c
Invoking: MCU C Compiler
arm-none-eabi-gcc -D__REDLIB__ -DDEBUG -D__CODE_RED -D__USE_LPCOPEN -DCORE_M3 -I"D:\UTN-FRA\FisicaElectronicaIII\LPCworkspace\lpc_chip_175x_6x\inc" -O0 -g3 -Wall -c -fmessage-length=0 -fno-builtin -ffunction-sections -fdata-sections -fmerge-constants -fmacro-prefix-map="../src/"= -mcpu=cortex-m3 -mthumb -fstack-usage -specs=redlib.specs -MMD -MP -MF"src/crc_17xx_40xx.d" -MT"src/crc_17xx_40xx.o" -MT"src/crc_17xx_40xx.d" -o "src/crc_17xx_40xx.o" "../src/crc_17xx_40xx.c"
Invoking: MCU C Compiler
Invoking: MCU C Compiler
arm-none-eabi-gcc -D__REDLIB__ -DDEBUG -D__CODE_RED -D__USE_LPCOPEN -DCORE_M3 -I"D:\UTN-FRA\FisicaElectronicaIII\LPCworkspace\lpc_chip_175x_6x\inc" -O0 -g3 -Wall -c -fmessage-length=0 -fno-builtin -ffunction-sections -fdata-sections -fmerge-constants -fmacro-prefix-map="../src/"= -mcpu=cortex-m3 -mthumb -fstack-usage -specs=redlib.specs -MMD -MP -MF"src/dac_17xx_40xx.d" -MT"src/dac_17xx_40xx.o" -MT"src/dac_17xx_40xx.d" -o "src/dac_17xx_40xx.o" "../src/dac_17xx_40xx.c"
arm-none-eabi-gcc -D__REDLIB__ -DDEBUG -D__CODE_RED -D__USE_LPCOPEN -DCORE_M3 -I"D:\UTN-FRA\FisicaElectronicaIII\LPCworkspace\lpc_chip_175x_6x\inc" -O0 -g3 -Wall -c -fmessage-length=0 -fno-builtin -ffunction-sections -fdata-sections -fmerge-constants -fmacro-prefix-map="../src/"= -mcpu=cortex-m3 -mthumb -fstack-usage -specs=redlib.specs -MMD -MP -MF"src/eeprom_17xx_40xx.d" -MT"src/eeprom_17xx_40xx.o" -MT"src/eeprom_17xx_40xx.d" -o "src/eeprom_17xx_40xx.o" "../src/eeprom_17xx_40xx.c"
../src/can_17xx_40xx.c: In function 'Chip_CAN_Init':
../src/can_17xx_40xx.c:751:20: warning: variable 'i' set but not used [-Wunused-but-set-variable]
  751 |  volatile uint32_t i;
      |                    ^
../src/clock_17xx_40xx.c: In function 'Chip_Clock_GetSYSCLKRate':
../src/clock_17xx_40xx.c:320:2: warning: enumeration value 'SYSCTL_PLLCLKSRC_RESERVED2' not handled in switch [-Wswitch]
  320 |  switch (Chip_Clock_GetMainPLLSource()) {
      |  ^~~~~~
Finished building: ../src/chip_17xx_40xx.c
 
Finished building: ../src/crc_17xx_40xx.c
Finished building: ../src/cmp_17xx_40xx.c
Building file: ../src/emc_17xx_40xx.c
 
 
Invoking: MCU C Compiler
Building file: ../src/enet_17xx_40xx.c
arm-none-eabi-gcc -D__REDLIB__ -DDEBUG -D__CODE_RED -D__USE_LPCOPEN -DCORE_M3 -I"D:\UTN-FRA\FisicaElectronicaIII\LPCworkspace\lpc_chip_175x_6x\inc" -O0 -g3 -Wall -c -fmessage-length=0 -fno-builtin -ffunction-sections -fdata-sections -fmerge-constants -fmacro-prefix-map="../src/"= -mcpu=cortex-m3 -mthumb -fstack-usage -specs=redlib.specs -MMD -MP -MF"src/emc_17xx_40xx.d" -MT"src/emc_17xx_40xx.o" -MT"src/emc_17xx_40xx.d" -o "src/emc_17xx_40xx.o" "../src/emc_17xx_40xx.c"
Building file: ../src/gpdma_17xx_40xx.c
Finished building: ../src/dac_17xx_40xx.c
Invoking: MCU C Compiler
Invoking: MCU C Compiler
arm-none-eabi-gcc -D__REDLIB__ -DDEBUG -D__CODE_RED -D__USE_LPCOPEN -DCORE_M3 -I"D:\UTN-FRA\FisicaElectronicaIII\LPCworkspace\lpc_chip_175x_6x\inc" -O0 -g3 -Wall -c -fmessage-length=0 -fno-builtin -ffunction-sections -fdata-sections -fmerge-constants -fmacro-prefix-map="../src/"= -mcpu=cortex-m3 -mthumb -fstack-usage -specs=redlib.specs -MMD -MP -MF"src/enet_17xx_40xx.d" -MT"src/enet_17xx_40xx.o" -MT"src/enet_17xx_40xx.d" -o "src/enet_17xx_40xx.o" "../src/enet_17xx_40xx.c"
arm-none-eabi-gcc -D__REDLIB__ -DDEBUG -D__CODE_RED -D__USE_LPCOPEN -DCORE_M3 -I"D:\UTN-FRA\FisicaElectronicaIII\LPCworkspace\lpc_chip_175x_6x\inc" -O0 -g3 -Wall -c -fmessage-length=0 -fno-builtin -ffunction-sections -fdata-sections -fmerge-constants -fmacro-prefix-map="../src/"= -mcpu=cortex-m3 -mthumb -fstack-usage -specs=redlib.specs -MMD -MP -MF"src/gpdma_17xx_40xx.d" -MT"src/gpdma_17xx_40xx.o" -MT"src/gpdma_17xx_40xx.d" -o "src/gpdma_17xx_40xx.o" "../src/gpdma_17xx_40xx.c"
Finished building: ../src/eeprom_17xx_40xx.c
 
Finished building: ../src/clock_17xx_40xx.c
Finished building: ../src/can_17xx_40xx.c
 
Building file: ../src/gpio_17xx_40xx.c
 
 
Building file: ../src/gpioint_17xx_40xx.c
Building file: ../src/i2c_17xx_40xx.c
Invoking: MCU C Compiler
arm-none-eabi-gcc -D__REDLIB__ -DDEBUG -D__CODE_RED -D__USE_LPCOPEN -DCORE_M3 -I"D:\UTN-FRA\FisicaElectronicaIII\LPCworkspace\lpc_chip_175x_6x\inc" -O0 -g3 -Wall -c -fmessage-length=0 -fno-builtin -ffunction-sections -fdata-sections -fmerge-constants -fmacro-prefix-map="../src/"= -mcpu=cortex-m3 -mthumb -fstack-usage -specs=redlib.specs -MMD -MP -MF"src/gpio_17xx_40xx.d" -MT"src/gpio_17xx_40xx.o" -MT"src/gpio_17xx_40xx.d" -o "src/gpio_17xx_40xx.o" "../src/gpio_17xx_40xx.c"
Invoking: MCU C Compiler
Invoking: MCU C Compiler
arm-none-eabi-gcc -D__REDLIB__ -DDEBUG -D__CODE_RED -D__USE_LPCOPEN -DCORE_M3 -I"D:\UTN-FRA\FisicaElectronicaIII\LPCworkspace\lpc_chip_175x_6x\inc" -O0 -g3 -Wall -c -fmessage-length=0 -fno-builtin -ffunction-sections -fdata-sections -fmerge-constants -fmacro-prefix-map="../src/"= -mcpu=cortex-m3 -mthumb -fstack-usage -specs=redlib.specs -MMD -MP -MF"src/gpioint_17xx_40xx.d" -MT"src/gpioint_17xx_40xx.o" -MT"src/gpioint_17xx_40xx.d" -o "src/gpioint_17xx_40xx.o" "../src/gpioint_17xx_40xx.c"
arm-none-eabi-gcc -D__REDLIB__ -DDEBUG -D__CODE_RED -D__USE_LPCOPEN -DCORE_M3 -I"D:\UTN-FRA\FisicaElectronicaIII\LPCworkspace\lpc_chip_175x_6x\inc" -O0 -g3 -Wall -c -fmessage-length=0 -fno-builtin -ffunction-sections -fdata-sections -fmerge-constants -fmacro-prefix-map="../src/"= -mcpu=cortex-m3 -mthumb -fstack-usage -specs=redlib.specs -MMD -MP -MF"src/i2c_17xx_40xx.d" -MT"src/i2c_17xx_40xx.o" -MT"src/i2c_17xx_40xx.d" -o "src/i2c_17xx_40xx.o" "../src/i2c_17xx_40xx.c"
Building file: ../src/i2s_17xx_40xx.c
Invoking: MCU C Compiler
arm-none-eabi-gcc -D__REDLIB__ -DDEBUG -D__CODE_RED -D__USE_LPCOPEN -DCORE_M3 -I"D:\UTN-FRA\FisicaElectronicaIII\LPCworkspace\lpc_chip_175x_6x\inc" -O0 -g3 -Wall -c -fmessage-length=0 -fno-builtin -ffunction-sections -fdata-sections -fmerge-constants -fmacro-prefix-map="../src/"= -mcpu=cortex-m3 -mthumb -fstack-usage -specs=redlib.specs -MMD -MP -MF"src/i2s_17xx_40xx.d" -MT"src/i2s_17xx_40xx.o" -MT"src/i2s_17xx_40xx.d" -o "src/i2s_17xx_40xx.o" "../src/i2s_17xx_40xx.c"
Finished building: ../src/emc_17xx_40xx.c
 
Building file: ../src/iap.c
Finished building: ../src/enet_17xx_40xx.c
Invoking: MCU C Compiler
arm-none-eabi-gcc -D__REDLIB__ -DDEBUG -D__CODE_RED -D__USE_LPCOPEN -DCORE_M3 -I"D:\UTN-FRA\FisicaElectronicaIII\LPCworkspace\lpc_chip_175x_6x\inc" -O0 -g3 -Wall -c -fmessage-length=0 -fno-builtin -ffunction-sections -fdata-sections -fmerge-constants -fmacro-prefix-map="../src/"= -mcpu=cortex-m3 -mthumb -fstack-usage -specs=redlib.specs -MMD -MP -MF"src/iap.d" -MT"src/iap.o" -MT"src/iap.d" -o "src/iap.o" "../src/iap.c"
Finished building: ../src/gpdma_17xx_40xx.c
 
 
Building file: ../src/iocon_17xx_40xx.c
Finished building: ../src/gpioint_17xx_40xx.c
Building file: ../src/lcd_17xx_40xx.c
Invoking: MCU C Compiler
 
arm-none-eabi-gcc -D__REDLIB__ -DDEBUG -D__CODE_RED -D__USE_LPCOPEN -DCORE_M3 -I"D:\UTN-FRA\FisicaElectronicaIII\LPCworkspace\lpc_chip_175x_6x\inc" -O0 -g3 -Wall -c -fmessage-length=0 -fno-builtin -ffunction-sections -fdata-sections -fmerge-constants -fmacro-prefix-map="../src/"= -mcpu=cortex-m3 -mthumb -fstack-usage -specs=redlib.specs -MMD -MP -MF"src/iocon_17xx_40xx.d" -MT"src/iocon_17xx_40xx.o" -MT"src/iocon_17xx_40xx.d" -o "src/iocon_17xx_40xx.o" "../src/iocon_17xx_40xx.c"
Finished building: ../src/gpio_17xx_40xx.c
Invoking: MCU C Compiler
Finished building: ../src/adc_17xx_40xx.c
 
arm-none-eabi-gcc -D__REDLIB__ -DDEBUG -D__CODE_RED -D__USE_LPCOPEN -DCORE_M3 -I"D:\UTN-FRA\FisicaElectronicaIII\LPCworkspace\lpc_chip_175x_6x\inc" -O0 -g3 -Wall -c -fmessage-length=0 -fno-builtin -ffunction-sections -fdata-sections -fmerge-constants -fmacro-prefix-map="../src/"= -mcpu=cortex-m3 -mthumb -fstack-usage -specs=redlib.specs -MMD -MP -MF"src/lcd_17xx_40xx.d" -MT"src/lcd_17xx_40xx.o" -MT"src/lcd_17xx_40xx.d" -o "src/lcd_17xx_40xx.o" "../src/lcd_17xx_40xx.c"
Building file: ../src/pmu_17xx_40xx.c
 
Building file: ../src/ring_buffer.c
Invoking: MCU C Compiler
arm-none-eabi-gcc -D__REDLIB__ -DDEBUG -D__CODE_RED -D__USE_LPCOPEN -DCORE_M3 -I"D:\UTN-FRA\FisicaElectronicaIII\LPCworkspace\lpc_chip_175x_6x\inc" -O0 -g3 -Wall -c -fmessage-length=0 -fno-builtin -ffunction-sections -fdata-sections -fmerge-constants -fmacro-prefix-map="../src/"= -mcpu=cortex-m3 -mthumb -fstack-usage -specs=redlib.specs -MMD -MP -MF"src/pmu_17xx_40xx.d" -MT"src/pmu_17xx_40xx.o" -MT"src/pmu_17xx_40xx.d" -o "src/pmu_17xx_40xx.o" "../src/pmu_17xx_40xx.c"
Finished building: ../src/i2c_17xx_40xx.c
Building file: ../src/ritimer_17xx_40xx.c
Finished building: ../src/i2s_17xx_40xx.c
Invoking: MCU C Compiler
 
arm-none-eabi-gcc -D__REDLIB__ -DDEBUG -D__CODE_RED -D__USE_LPCOPEN -DCORE_M3 -I"D:\UTN-FRA\FisicaElectronicaIII\LPCworkspace\lpc_chip_175x_6x\inc" -O0 -g3 -Wall -c -fmessage-length=0 -fno-builtin -ffunction-sections -fdata-sections -fmerge-constants -fmacro-prefix-map="../src/"= -mcpu=cortex-m3 -mthumb -fstack-usage -specs=redlib.specs -MMD -MP -MF"src/ring_buffer.d" -MT"src/ring_buffer.o" -MT"src/ring_buffer.d" -o "src/ring_buffer.o" "../src/ring_buffer.c"
Invoking: MCU C Compiler
 
arm-none-eabi-gcc -D__REDLIB__ -DDEBUG -D__CODE_RED -D__USE_LPCOPEN -DCORE_M3 -I"D:\UTN-FRA\FisicaElectronicaIII\LPCworkspace\lpc_chip_175x_6x\inc" -O0 -g3 -Wall -c -fmessage-length=0 -fno-builtin -ffunction-sections -fdata-sections -fmerge-constants -fmacro-prefix-map="../src/"= -mcpu=cortex-m3 -mthumb -fstack-usage -specs=redlib.specs -MMD -MP -MF"src/ritimer_17xx_40xx.d" -MT"src/ritimer_17xx_40xx.o" -MT"src/ritimer_17xx_40xx.d" -o "src/ritimer_17xx_40xx.o" "../src/ritimer_17xx_40xx.c"
Building file: ../src/rtc_17xx_40xx.c
Building file: ../src/sdc_17xx_40xx.c
Invoking: MCU C Compiler
arm-none-eabi-gcc -D__REDLIB__ -DDEBUG -D__CODE_RED -D__USE_LPCOPEN -DCORE_M3 -I"D:\UTN-FRA\FisicaElectronicaIII\LPCworkspace\lpc_chip_175x_6x\inc" -O0 -g3 -Wall -c -fmessage-length=0 -fno-builtin -ffunction-sections -fdata-sections -fmerge-constants -fmacro-prefix-map="../src/"= -mcpu=cortex-m3 -mthumb -fstack-usage -specs=redlib.specs -MMD -MP -MF"src/rtc_17xx_40xx.d" -MT"src/rtc_17xx_40xx.o" -MT"src/rtc_17xx_40xx.d" -o "src/rtc_17xx_40xx.o" "../src/rtc_17xx_40xx.c"
Invoking: MCU C Compiler
arm-none-eabi-gcc -D__REDLIB__ -DDEBUG -D__CODE_RED -D__USE_LPCOPEN -DCORE_M3 -I"D:\UTN-FRA\FisicaElectronicaIII\LPCworkspace\lpc_chip_175x_6x\inc" -O0 -g3 -Wall -c -fmessage-length=0 -fno-builtin -ffunction-sections -fdata-sections -fmerge-constants -fmacro-prefix-map="../src/"= -mcpu=cortex-m3 -mthumb -fstack-usage -specs=redlib.specs -MMD -MP -MF"src/sdc_17xx_40xx.d" -MT"src/sdc_17xx_40xx.o" -MT"src/sdc_17xx_40xx.d" -o "src/sdc_17xx_40xx.o" "../src/sdc_17xx_40xx.c"
Finished building: ../src/iap.c
 
Finished building: ../src/iocon_17xx_40xx.c
Building file: ../src/sdmmc_17xx_40xx.c
Invoking: MCU C Compiler
arm-none-eabi-gcc -D__REDLIB__ -DDEBUG -D__CODE_RED -D__USE_LPCOPEN -DCORE_M3 -I"D:\UTN-FRA\FisicaElectronicaIII\LPCworkspace\lpc_chip_175x_6x\inc" -O0 -g3 -Wall -c -fmessage-length=0 -fno-builtin -ffunction-sections -fdata-sections -fmerge-constants -fmacro-prefix-map="../src/"= -mcpu=cortex-m3 -mthumb -fstack-usage -specs=redlib.specs -MMD -MP -MF"src/sdmmc_17xx_40xx.d" -MT"src/sdmmc_17xx_40xx.o" -MT"src/sdmmc_17xx_40xx.d" -o "src/sdmmc_17xx_40xx.o" "../src/sdmmc_17xx_40xx.c"
 
Building file: ../src/spi_17xx_40xx.c
Finished building: ../src/lcd_17xx_40xx.c
Invoking: MCU C Compiler
arm-none-eabi-gcc -D__REDLIB__ -DDEBUG -D__CODE_RED -D__USE_LPCOPEN -DCORE_M3 -I"D:\UTN-FRA\FisicaElectronicaIII\LPCworkspace\lpc_chip_175x_6x\inc" -O0 -g3 -Wall -c -fmessage-length=0 -fno-builtin -ffunction-sections -fdata-sections -fmerge-constants -fmacro-prefix-map="../src/"= -mcpu=cortex-m3 -mthumb -fstack-usage -specs=redlib.specs -MMD -MP -MF"src/spi_17xx_40xx.d" -MT"src/spi_17xx_40xx.o" -MT"src/spi_17xx_40xx.d" -o "src/spi_17xx_40xx.o" "../src/spi_17xx_40xx.c"
 
Finished building: ../src/pmu_17xx_40xx.c
Finished building: ../src/ring_buffer.c
Building file: ../src/ssp_17xx_40xx.c
 
Finished building: ../src/ritimer_17xx_40xx.c
 
Invoking: MCU C Compiler
Building file: ../src/stopwatch_17xx_40xx.c
arm-none-eabi-gcc -D__REDLIB__ -DDEBUG -D__CODE_RED -D__USE_LPCOPEN -DCORE_M3 -I"D:\UTN-FRA\FisicaElectronicaIII\LPCworkspace\lpc_chip_175x_6x\inc" -O0 -g3 -Wall -c -fmessage-length=0 -fno-builtin -ffunction-sections -fdata-sections -fmerge-constants -fmacro-prefix-map="../src/"= -mcpu=cortex-m3 -mthumb -fstack-usage -specs=redlib.specs -MMD -MP -MF"src/ssp_17xx_40xx.d" -MT"src/ssp_17xx_40xx.o" -MT"src/ssp_17xx_40xx.d" -o "src/ssp_17xx_40xx.o" "../src/ssp_17xx_40xx.c"
Building file: ../src/sysctl_17xx_40xx.c
 
Invoking: MCU C Compiler
Invoking: MCU C Compiler
arm-none-eabi-gcc -D__REDLIB__ -DDEBUG -D__CODE_RED -D__USE_LPCOPEN -DCORE_M3 -I"D:\UTN-FRA\FisicaElectronicaIII\LPCworkspace\lpc_chip_175x_6x\inc" -O0 -g3 -Wall -c -fmessage-length=0 -fno-builtin -ffunction-sections -fdata-sections -fmerge-constants -fmacro-prefix-map="../src/"= -mcpu=cortex-m3 -mthumb -fstack-usage -specs=redlib.specs -MMD -MP -MF"src/stopwatch_17xx_40xx.d" -MT"src/stopwatch_17xx_40xx.o" -MT"src/stopwatch_17xx_40xx.d" -o "src/stopwatch_17xx_40xx.o" "../src/stopwatch_17xx_40xx.c"
Building file: ../src/sysinit_17xx_40xx.c
arm-none-eabi-gcc -D__REDLIB__ -DDEBUG -D__CODE_RED -D__USE_LPCOPEN -DCORE_M3 -I"D:\UTN-FRA\FisicaElectronicaIII\LPCworkspace\lpc_chip_175x_6x\inc" -O0 -g3 -Wall -c -fmessage-length=0 -fno-builtin -ffunction-sections -fdata-sections -fmerge-constants -fmacro-prefix-map="../src/"= -mcpu=cortex-m3 -mthumb -fstack-usage -specs=redlib.specs -MMD -MP -MF"src/sysctl_17xx_40xx.d" -MT"src/sysctl_17xx_40xx.o" -MT"src/sysctl_17xx_40xx.d" -o "src/sysctl_17xx_40xx.o" "../src/sysctl_17xx_40xx.c"
Finished building: ../src/sdc_17xx_40xx.c
Finished building: ../src/rtc_17xx_40xx.c
Invoking: MCU C Compiler
 
arm-none-eabi-gcc -D__REDLIB__ -DDEBUG -D__CODE_RED -D__USE_LPCOPEN -DCORE_M3 -I"D:\UTN-FRA\FisicaElectronicaIII\LPCworkspace\lpc_chip_175x_6x\inc" -O0 -g3 -Wall -c -fmessage-length=0 -fno-builtin -ffunction-sections -fdata-sections -fmerge-constants -fmacro-prefix-map="../src/"= -mcpu=cortex-m3 -mthumb -fstack-usage -specs=redlib.specs -MMD -MP -MF"src/sysinit_17xx_40xx.d" -MT"src/sysinit_17xx_40xx.o" -MT"src/sysinit_17xx_40xx.d" -o "src/sysinit_17xx_40xx.o" "../src/sysinit_17xx_40xx.c"
../src/spi_17xx_40xx.c: In function 'Chip_SPI_Int_FlushData':
../src/spi_17xx_40xx.c:138:20: warning: variable 'tmp' set but not used [-Wunused-but-set-variable]
  138 |  volatile uint32_t tmp;
      |                    ^~~
 
Building file: ../src/timer_17xx_40xx.c
Building file: ../src/uart_17xx_40xx.c
Invoking: MCU C Compiler
Invoking: MCU C Compiler
arm-none-eabi-gcc -D__REDLIB__ -DDEBUG -D__CODE_RED -D__USE_LPCOPEN -DCORE_M3 -I"D:\UTN-FRA\FisicaElectronicaIII\LPCworkspace\lpc_chip_175x_6x\inc" -O0 -g3 -Wall -c -fmessage-length=0 -fno-builtin -ffunction-sections -fdata-sections -fmerge-constants -fmacro-prefix-map="../src/"= -mcpu=cortex-m3 -mthumb -fstack-usage -specs=redlib.specs -MMD -MP -MF"src/timer_17xx_40xx.d" -MT"src/timer_17xx_40xx.o" -MT"src/timer_17xx_40xx.d" -o "src/timer_17xx_40xx.o" "../src/timer_17xx_40xx.c"
arm-none-eabi-gcc -D__REDLIB__ -DDEBUG -D__CODE_RED -D__USE_LPCOPEN -DCORE_M3 -I"D:\UTN-FRA\FisicaElectronicaIII\LPCworkspace\lpc_chip_175x_6x\inc" -O0 -g3 -Wall -c -fmessage-length=0 -fno-builtin -ffunction-sections -fdata-sections -fmerge-constants -fmacro-prefix-map="../src/"= -mcpu=cortex-m3 -mthumb -fstack-usage -specs=redlib.specs -MMD -MP -MF"src/uart_17xx_40xx.d" -MT"src/uart_17xx_40xx.o" -MT"src/uart_17xx_40xx.d" -o "src/uart_17xx_40xx.o" "../src/uart_17xx_40xx.c"
Finished building: ../src/sdmmc_17xx_40xx.c
 
Building file: ../src/wwdt_17xx_40xx.c
Invoking: MCU C Compiler
arm-none-eabi-gcc -D__REDLIB__ -DDEBUG -D__CODE_RED -D__USE_LPCOPEN -DCORE_M3 -I"D:\UTN-FRA\FisicaElectronicaIII\LPCworkspace\lpc_chip_175x_6x\inc" -O0 -g3 -Wall -c -fmessage-length=0 -fno-builtin -ffunction-sections -fdata-sections -fmerge-constants -fmacro-prefix-map="../src/"= -mcpu=cortex-m3 -mthumb -fstack-usage -specs=redlib.specs -MMD -MP -MF"src/wwdt_17xx_40xx.d" -MT"src/wwdt_17xx_40xx.o" -MT"src/wwdt_17xx_40xx.d" -o "src/wwdt_17xx_40xx.o" "../src/wwdt_17xx_40xx.c"
Finished building: ../src/spi_17xx_40xx.c
 
Finished building: ../src/sysctl_17xx_40xx.c
 
Finished building: ../src/ssp_17xx_40xx.c
Finished building: ../src/stopwatch_17xx_40xx.c
 
 
Finished building: ../src/sysinit_17xx_40xx.c
Finished building: ../src/timer_17xx_40xx.c
 
 
Finished building: ../src/uart_17xx_40xx.c
 
Finished building: ../src/wwdt_17xx_40xx.c
 
Building target: liblpc_chip_175x_6x.a
Invoking: MCU Archiver
arm-none-eabi-ar -r  "liblpc_chip_175x_6x.a"  ./src/adc_17xx_40xx.o ./src/can_17xx_40xx.o ./src/chip_17xx_40xx.o ./src/clock_17xx_40xx.o ./src/cmp_17xx_40xx.o ./src/crc_17xx_40xx.o ./src/dac_17xx_40xx.o ./src/eeprom_17xx_40xx.o ./src/emc_17xx_40xx.o ./src/enet_17xx_40xx.o ./src/gpdma_17xx_40xx.o ./src/gpio_17xx_40xx.o ./src/gpioint_17xx_40xx.o ./src/i2c_17xx_40xx.o ./src/i2s_17xx_40xx.o ./src/iap.o ./src/iocon_17xx_40xx.o ./src/lcd_17xx_40xx.o ./src/pmu_17xx_40xx.o ./src/ring_buffer.o ./src/ritimer_17xx_40xx.o ./src/rtc_17xx_40xx.o ./src/sdc_17xx_40xx.o ./src/sdmmc_17xx_40xx.o ./src/spi_17xx_40xx.o ./src/ssp_17xx_40xx.o ./src/stopwatch_17xx_40xx.o ./src/sysctl_17xx_40xx.o ./src/sysinit_17xx_40xx.o ./src/timer_17xx_40xx.o ./src/uart_17xx_40xx.o ./src/wwdt_17xx_40xx.o   
arm-none-eabi-ar: creating liblpc_chip_175x_6x.a
Finished building target: liblpc_chip_175x_6x.a
 
Performing post-build steps
arm-none-eabi-size "liblpc_chip_175x_6x.a" ; # arm-none-eabi-objdump -h -S "liblpc_chip_175x_6x.a" >"liblpc_chip_175x_6x.lss"
   text	   data	    bss	    dec	    hex	filename
    940	      0	      0	    940	    3ac	adc_17xx_40xx.o (ex liblpc_chip_175x_6x.a)
   8630	      0	      0	   8630	   21b6	can_17xx_40xx.o (ex liblpc_chip_175x_6x.a)
    172	      0	      4	    176	     b0	chip_17xx_40xx.o (ex liblpc_chip_175x_6x.a)
   1602	      0	      0	   1602	    642	clock_17xx_40xx.o (ex liblpc_chip_175x_6x.a)
      0	      0	      0	      0	      0	cmp_17xx_40xx.o (ex liblpc_chip_175x_6x.a)
      0	      0	      0	      0	      0	crc_17xx_40xx.o (ex liblpc_chip_175x_6x.a)
    140	      0	      0	    140	     8c	dac_17xx_40xx.o (ex liblpc_chip_175x_6x.a)
      0	      0	      0	      0	      0	eeprom_17xx_40xx.o (ex liblpc_chip_175x_6x.a)
      0	      0	      0	      0	      0	emc_17xx_40xx.o (ex liblpc_chip_175x_6x.a)
   1091	      0	      4	   1095	    447	enet_17xx_40xx.o (ex liblpc_chip_175x_6x.a)
   2248	     96	      8	   2352	    930	gpdma_17xx_40xx.o (ex liblpc_chip_175x_6x.a)
      0	      0	      0	      0	      0	gpio_17xx_40xx.o (ex liblpc_chip_175x_6x.a)
      0	      0	      0	      0	      0	gpioint_17xx_40xx.o (ex liblpc_chip_175x_6x.a)
   3699	     84	    120	   3903	    f3f	i2c_17xx_40xx.o (ex liblpc_chip_175x_6x.a)
   1724	      0	      0	   1724	    6bc	i2s_17xx_40xx.o (ex liblpc_chip_175x_6x.a)
    552	      0	      0	    552	    228	iap.o (ex liblpc_chip_175x_6x.a)
    302	      0	      0	    302	    12e	iocon_17xx_40xx.o (ex liblpc_chip_175x_6x.a)
      0	      0	      0	      0	      0	lcd_17xx_40xx.o (ex liblpc_chip_175x_6x.a)
    280	      0	      0	    280	    118	pmu_17xx_40xx.o (ex liblpc_chip_175x_6x.a)
    962	      0	      0	    962	    3c2	ring_buffer.o (ex liblpc_chip_175x_6x.a)
    238	      0	      0	    238	     ee	ritimer_17xx_40xx.o (ex liblpc_chip_175x_6x.a)
    746	      0	      0	    746	    2ea	rtc_17xx_40xx.o (ex liblpc_chip_175x_6x.a)
      0	      0	      0	      0	      0	sdc_17xx_40xx.o (ex liblpc_chip_175x_6x.a)
      0	      0	      0	      0	      0	sdmmc_17xx_40xx.o (ex liblpc_chip_175x_6x.a)
   1036	      0	      0	   1036	    40c	spi_17xx_40xx.o (ex liblpc_chip_175x_6x.a)
   2270	      0	      0	   2270	    8de	ssp_17xx_40xx.o (ex liblpc_chip_175x_6x.a)
    362	      0	     12	    374	    176	stopwatch_17xx_40xx.o (ex liblpc_chip_175x_6x.a)
     44	      0	      0	     44	     2c	sysctl_17xx_40xx.o (ex liblpc_chip_175x_6x.a)
    470	      0	      0	    470	    1d6	sysinit_17xx_40xx.o (ex liblpc_chip_175x_6x.a)
    310	      0	      0	    310	    136	timer_17xx_40xx.o (ex liblpc_chip_175x_6x.a)
   2326	      0	      1	   2327	    917	uart_17xx_40xx.o (ex liblpc_chip_175x_6x.a)
     94	      0	      0	     94	     5e	wwdt_17xx_40xx.o (ex liblpc_chip_175x_6x.a)
 
19:44:34 **** Clean-only build of configuration Debug for project medidor_impedancia ****
make -r -j8 clean 
rm -rf  ./freertos/src/FreeRTOSCommonHooks.o ./freertos/src/heap_3.o ./freertos/src/list.o ./freertos/src/port.o ./freertos/src/queue.o ./freertos/src/tasks.o  ./example/src/cr_startup_lpc175x_6x.o ./example/src/freertos_blinky.o ./example/src/sysinit.o  ./freertos/src/FreeRTOSCommonHooks.d ./freertos/src/heap_3.d ./freertos/src/list.d ./freertos/src/port.d ./freertos/src/queue.d ./freertos/src/tasks.d  ./example/src/cr_startup_lpc175x_6x.d ./example/src/freertos_blinky.d ./example/src/sysinit.d  freertos_blinky.axf
 
19:44:34 **** Build of configuration Debug for project medidor_impedancia ****
make -r -j8 all 
Building file: ../medidor_impedancia/src/cr_startup_lpc175x_6x.c
Building file: ../medidor_impedancia/src/freertos_blinky.c
Building file: ../medidor_impedancia/src/sysinit.c
Invoking: MCU C Compiler
Invoking: MCU C Compiler
arm-none-eabi-gcc -D__REDLIB__ -DDEBUG -D__CODE_RED -D__USE_LPCOPEN -DCORE_M3 -I"D:\UTN-FRA\FisicaElectronicaIII\LPCworkspace\lpc_chip_175x_6x\inc" -I"D:\UTN-FRA\FisicaElectronicaIII\LPCworkspace\lpc_board_nxp_lpcxpresso_1769\inc" -I"D:\UTN-FRA\FisicaElectronicaIII\LPCworkspace\medidor_impedancia\freertos\inc" -O0 -g3 -Wall -c -fmessage-length=0 -fno-builtin -ffunction-sections -fdata-sections -fmerge-constants -fmacro-prefix-map="../medidor_impedancia/src/"= -mcpu=cortex-m3 -mthumb -fstack-usage -specs=redlib.specs -MMD -MP -MF"medidor_impedancia/src/cr_startup_lpc175x_6x.d" -MT"medidor_impedancia/src/cr_startup_lpc175x_6x.o" -MT"medidor_impedancia/src/cr_startup_lpc175x_6x.d" -o "medidor_impedancia/src/cr_startup_lpc175x_6x.o" "../medidor_impedancia/src/cr_startup_lpc175x_6x.c"
Building file: ../freertos/src/FreeRTOSCommonHooks.c
arm-none-eabi-gcc -D__REDLIB__ -DDEBUG -D__CODE_RED -D__USE_LPCOPEN -DCORE_M3 -I"D:\UTN-FRA\FisicaElectronicaIII\LPCworkspace\lpc_chip_175x_6x\inc" -I"D:\UTN-FRA\FisicaElectronicaIII\LPCworkspace\lpc_board_nxp_lpcxpresso_1769\inc" -I"D:\UTN-FRA\FisicaElectronicaIII\LPCworkspace\medidor_impedancia\freertos\inc" -O0 -g3 -Wall -c -fmessage-length=0 -fno-builtin -ffunction-sections -fdata-sections -fmerge-constants -fmacro-prefix-map="../medidor_impedancia/src/"= -mcpu=cortex-m3 -mthumb -fstack-usage -specs=redlib.specs -MMD -MP -MF"medidor_impedancia/src/freertos_blinky.d" -MT"medidor_impedancia/src/freertos_blinky.o" -MT"medidor_impedancia/src/freertos_blinky.d" -o "medidor_impedancia/src/freertos_blinky.o" "../medidor_impedancia/src/freertos_blinky.c"
Invoking: MCU C Compiler
arm-none-eabi-gcc -D__REDLIB__ -DDEBUG -D__CODE_RED -D__USE_LPCOPEN -DCORE_M3 -I"D:\UTN-FRA\FisicaElectronicaIII\LPCworkspace\lpc_chip_175x_6x\inc" -I"D:\UTN-FRA\FisicaElectronicaIII\LPCworkspace\lpc_board_nxp_lpcxpresso_1769\inc" -I"D:\UTN-FRA\FisicaElectronicaIII\LPCworkspace\medidor_impedancia\freertos\inc" -O0 -g3 -Wall -c -fmessage-length=0 -fno-builtin -ffunction-sections -fdata-sections -fmerge-constants -fmacro-prefix-map="../medidor_impedancia/src/"= -mcpu=cortex-m3 -mthumb -fstack-usage -specs=redlib.specs -MMD -MP -MF"medidor_impedancia/src/sysinit.d" -MT"medidor_impedancia/src/sysinit.o" -MT"medidor_impedancia/src/sysinit.d" -o "medidor_impedancia/src/sysinit.o" "../medidor_impedancia/src/sysinit.c"
Invoking: MCU C Compiler
arm-none-eabi-gcc -D__REDLIB__ -DDEBUG -D__CODE_RED -D__USE_LPCOPEN -DCORE_M3 -I"D:\UTN-FRA\FisicaElectronicaIII\LPCworkspace\lpc_chip_175x_6x\inc" -I"D:\UTN-FRA\FisicaElectronicaIII\LPCworkspace\lpc_board_nxp_lpcxpresso_1769\inc" -I"D:\UTN-FRA\FisicaElectronicaIII\LPCworkspace\medidor_impedancia\freertos\inc" -O0 -g3 -Wall -c -fmessage-length=0 -fno-builtin -ffunction-sections -fdata-sections -fmerge-constants -fmacro-prefix-map="../freertos/src/"= -mcpu=cortex-m3 -mthumb -fstack-usage -specs=redlib.specs -MMD -MP -MF"freertos/src/FreeRTOSCommonHooks.d" -MT"freertos/src/FreeRTOSCommonHooks.o" -MT"freertos/src/FreeRTOSCommonHooks.d" -o "freertos/src/FreeRTOSCommonHooks.o" "../freertos/src/FreeRTOSCommonHooks.c"
Building file: ../freertos/src/heap_3.c
Building file: ../freertos/src/list.c
Invoking: MCU C Compiler
arm-none-eabi-gcc -D__REDLIB__ -DDEBUG -D__CODE_RED -D__USE_LPCOPEN -DCORE_M3 -I"D:\UTN-FRA\FisicaElectronicaIII\LPCworkspace\lpc_chip_175x_6x\inc" -I"D:\UTN-FRA\FisicaElectronicaIII\LPCworkspace\lpc_board_nxp_lpcxpresso_1769\inc" -I"D:\UTN-FRA\FisicaElectronicaIII\LPCworkspace\medidor_impedancia\freertos\inc" -O0 -g3 -Wall -c -fmessage-length=0 -fno-builtin -ffunction-sections -fdata-sections -fmerge-constants -fmacro-prefix-map="../freertos/src/"= -mcpu=cortex-m3 -mthumb -fstack-usage -specs=redlib.specs -MMD -MP -MF"freertos/src/heap_3.d" -MT"freertos/src/heap_3.o" -MT"freertos/src/heap_3.d" -o "freertos/src/heap_3.o" "../freertos/src/heap_3.c"
Building file: ../freertos/src/port.c
Building file: ../freertos/src/queue.c
Invoking: MCU C Compiler
arm-none-eabi-gcc -D__REDLIB__ -DDEBUG -D__CODE_RED -D__USE_LPCOPEN -DCORE_M3 -I"D:\UTN-FRA\FisicaElectronicaIII\LPCworkspace\lpc_chip_175x_6x\inc" -I"D:\UTN-FRA\FisicaElectronicaIII\LPCworkspace\lpc_board_nxp_lpcxpresso_1769\inc" -I"D:\UTN-FRA\FisicaElectronicaIII\LPCworkspace\medidor_impedancia\freertos\inc" -O0 -g3 -Wall -c -fmessage-length=0 -fno-builtin -ffunction-sections -fdata-sections -fmerge-constants -fmacro-prefix-map="../freertos/src/"= -mcpu=cortex-m3 -mthumb -fstack-usage -specs=redlib.specs -MMD -MP -MF"freertos/src/list.d" -MT"freertos/src/list.o" -MT"freertos/src/list.d" -o "freertos/src/list.o" "../freertos/src/list.c"
Invoking: MCU C Compiler
arm-none-eabi-gcc -D__REDLIB__ -DDEBUG -D__CODE_RED -D__USE_LPCOPEN -DCORE_M3 -I"D:\UTN-FRA\FisicaElectronicaIII\LPCworkspace\lpc_chip_175x_6x\inc" -I"D:\UTN-FRA\FisicaElectronicaIII\LPCworkspace\lpc_board_nxp_lpcxpresso_1769\inc" -I"D:\UTN-FRA\FisicaElectronicaIII\LPCworkspace\medidor_impedancia\freertos\inc" -O0 -g3 -Wall -c -fmessage-length=0 -fno-builtin -ffunction-sections -fdata-sections -fmerge-constants -fmacro-prefix-map="../freertos/src/"= -mcpu=cortex-m3 -mthumb -fstack-usage -specs=redlib.specs -MMD -MP -MF"freertos/src/port.d" -MT"freertos/src/port.o" -MT"freertos/src/port.d" -o "freertos/src/port.o" "../freertos/src/port.c"
Invoking: MCU C Compiler
arm-none-eabi-gcc -D__REDLIB__ -DDEBUG -D__CODE_RED -D__USE_LPCOPEN -DCORE_M3 -I"D:\UTN-FRA\FisicaElectronicaIII\LPCworkspace\lpc_chip_175x_6x\inc" -I"D:\UTN-FRA\FisicaElectronicaIII\LPCworkspace\lpc_board_nxp_lpcxpresso_1769\inc" -I"D:\UTN-FRA\FisicaElectronicaIII\LPCworkspace\medidor_impedancia\freertos\inc" -O0 -g3 -Wall -c -fmessage-length=0 -fno-builtin -ffunction-sections -fdata-sections -fmerge-constants -fmacro-prefix-map="../freertos/src/"= -mcpu=cortex-m3 -mthumb -fstack-usage -specs=redlib.specs -MMD -MP -MF"freertos/src/queue.d" -MT"freertos/src/queue.o" -MT"freertos/src/queue.d" -o "freertos/src/queue.o" "../freertos/src/queue.c"
Finished building: ../medidor_impedancia/src/freertos_blinky.c
 
Finished building: ../freertos/src/FreeRTOSCommonHooks.c
Building file: ../freertos/src/tasks.c
 
Finished building: ../medidor_impedancia/src/sysinit.c
Invoking: MCU C Compiler
arm-none-eabi-gcc -D__REDLIB__ -DDEBUG -D__CODE_RED -D__USE_LPCOPEN -DCORE_M3 -I"D:\UTN-FRA\FisicaElectronicaIII\LPCworkspace\lpc_chip_175x_6x\inc" -I"D:\UTN-FRA\FisicaElectronicaIII\LPCworkspace\lpc_board_nxp_lpcxpresso_1769\inc" -I"D:\UTN-FRA\FisicaElectronicaIII\LPCworkspace\medidor_impedancia\freertos\inc" -O0 -g3 -Wall -c -fmessage-length=0 -fno-builtin -ffunction-sections -fdata-sections -fmerge-constants -fmacro-prefix-map="../freertos/src/"= -mcpu=cortex-m3 -mthumb -fstack-usage -specs=redlib.specs -MMD -MP -MF"freertos/src/tasks.d" -MT"freertos/src/tasks.o" -MT"freertos/src/tasks.d" -o "freertos/src/tasks.o" "../freertos/src/tasks.c"
 
Finished building: ../freertos/src/heap_3.c
Finished building: ../medidor_impedancia/src/cr_startup_lpc175x_6x.c
 
Finished building: ../freertos/src/port.c
 
 
Finished building: ../freertos/src/list.c
 
Finished building: ../freertos/src/queue.c
 
Finished building: ../freertos/src/tasks.c
 
Building target: medidor_impedancia.axf
Invoking: MCU Linker
arm-none-eabi-gcc -nostdlib -L"D:\UTN-FRA\FisicaElectronicaIII\LPCworkspace\lpc_chip_175x_6x\Debug" -L"D:\UTN-FRA\FisicaElectronicaIII\LPCworkspace\lpc_board_nxp_lpcxpresso_1769\Debug" -Xlinker -Map="medidor_impedancia.map" -Xlinker --gc-sections -mcpu=cortex-m3 -mthumb -T "freertos_blinky_Debug.ld" -o "medidor_impedancia.axf"  ./medidor_impedancia/src/cr_startup_lpc175x_6x.o ./medidor_impedancia/src/freertos_blinky.o ./medidor_impedancia/src/sysinit.o  ./freertos/src/FreeRTOSCommonHooks.o ./freertos/src/heap_3.o ./freertos/src/list.o ./freertos/src/port.o ./freertos/src/queue.o ./freertos/src/tasks.o   -llpc_board_nxp_lpcxpresso_1769 -llpc_chip_175x_6x
Finished building target: medidor_impedancia.axf
 
Performing post-build steps
arm-none-eabi-size "medidor_impedancia.axf"; # arm-none-eabi-objcopy -v -O binary "medidor_impedancia.axf" "medidor_impedancia.bin" ; # checksum -p LPC1769 -d "medidor_impedancia.bin";
   text	   data	    bss	    dec	    hex	filename
  17568	      8	    820	  18396	   47dc	medidor_impedancia.axf
 
19:47:17 **** Incremental Build of configuration Debug for project lpc_board_nxp_lpcxpresso_1769 ****
make -r -j8 all 
make[1]: Nothing to be done for 'main-build'.
Performing post-build steps
arm-none-eabi-size "liblpc_board_nxp_lpcxpresso_1769.a" ; # arm-none-eabi-objdump -h -S "liblpc_board_nxp_lpcxpresso_1769.a" >"liblpc_board_nxp_lpcxpresso_1769.lss"
   text	   data	    bss	    dec	    hex	filename
   2233	      0	      0	   2233	    8b9	board.o (ex liblpc_board_nxp_lpcxpresso_1769.a)
    202	      0	      0	    202	     ca	board_sysinit.o (ex liblpc_board_nxp_lpcxpresso_1769.a)
    860	      0	     18	    878	    36e	lpc_phy_smsc87x0.o (ex liblpc_board_nxp_lpcxpresso_1769.a)
 
19:47:17 **** Incremental Build of configuration Debug for project lpc_chip_175x_6x ****
make -r -j8 all 
make[1]: Nothing to be done for 'main-build'.
Performing post-build steps
arm-none-eabi-size "liblpc_chip_175x_6x.a" ; # arm-none-eabi-objdump -h -S "liblpc_chip_175x_6x.a" >"liblpc_chip_175x_6x.lss"
   text	   data	    bss	    dec	    hex	filename
    940	      0	      0	    940	    3ac	adc_17xx_40xx.o (ex liblpc_chip_175x_6x.a)
   8630	      0	      0	   8630	   21b6	can_17xx_40xx.o (ex liblpc_chip_175x_6x.a)
    172	      0	      4	    176	     b0	chip_17xx_40xx.o (ex liblpc_chip_175x_6x.a)
   1602	      0	      0	   1602	    642	clock_17xx_40xx.o (ex liblpc_chip_175x_6x.a)
      0	      0	      0	      0	      0	cmp_17xx_40xx.o (ex liblpc_chip_175x_6x.a)
      0	      0	      0	      0	      0	crc_17xx_40xx.o (ex liblpc_chip_175x_6x.a)
    140	      0	      0	    140	     8c	dac_17xx_40xx.o (ex liblpc_chip_175x_6x.a)
      0	      0	      0	      0	      0	eeprom_17xx_40xx.o (ex liblpc_chip_175x_6x.a)
      0	      0	      0	      0	      0	emc_17xx_40xx.o (ex liblpc_chip_175x_6x.a)
   1091	      0	      4	   1095	    447	enet_17xx_40xx.o (ex liblpc_chip_175x_6x.a)
   2248	     96	      8	   2352	    930	gpdma_17xx_40xx.o (ex liblpc_chip_175x_6x.a)
      0	      0	      0	      0	      0	gpio_17xx_40xx.o (ex liblpc_chip_175x_6x.a)
      0	      0	      0	      0	      0	gpioint_17xx_40xx.o (ex liblpc_chip_175x_6x.a)
   3699	     84	    120	   3903	    f3f	i2c_17xx_40xx.o (ex liblpc_chip_175x_6x.a)
   1724	      0	      0	   1724	    6bc	i2s_17xx_40xx.o (ex liblpc_chip_175x_6x.a)
    552	      0	      0	    552	    228	iap.o (ex liblpc_chip_175x_6x.a)
    302	      0	      0	    302	    12e	iocon_17xx_40xx.o (ex liblpc_chip_175x_6x.a)
      0	      0	      0	      0	      0	lcd_17xx_40xx.o (ex liblpc_chip_175x_6x.a)
    280	      0	      0	    280	    118	pmu_17xx_40xx.o (ex liblpc_chip_175x_6x.a)
    962	      0	      0	    962	    3c2	ring_buffer.o (ex liblpc_chip_175x_6x.a)
    238	      0	      0	    238	     ee	ritimer_17xx_40xx.o (ex liblpc_chip_175x_6x.a)
    746	      0	      0	    746	    2ea	rtc_17xx_40xx.o (ex liblpc_chip_175x_6x.a)
      0	      0	      0	      0	      0	sdc_17xx_40xx.o (ex liblpc_chip_175x_6x.a)
      0	      0	      0	      0	      0	sdmmc_17xx_40xx.o (ex liblpc_chip_175x_6x.a)
   1036	      0	      0	   1036	    40c	spi_17xx_40xx.o (ex liblpc_chip_175x_6x.a)
   2270	      0	      0	   2270	    8de	ssp_17xx_40xx.o (ex liblpc_chip_175x_6x.a)
    362	      0	     12	    374	    176	stopwatch_17xx_40xx.o (ex liblpc_chip_175x_6x.a)
     44	      0	      0	     44	     2c	sysctl_17xx_40xx.o (ex liblpc_chip_175x_6x.a)
    470	      0	      0	    470	    1d6	sysinit_17xx_40xx.o (ex liblpc_chip_175x_6x.a)
    310	      0	      0	    310	    136	timer_17xx_40xx.o (ex liblpc_chip_175x_6x.a)
   2326	      0	      1	   2327	    917	uart_17xx_40xx.o (ex liblpc_chip_175x_6x.a)
     94	      0	      0	     94	     5e	wwdt_17xx_40xx.o (ex liblpc_chip_175x_6x.a)
 
19:47:18 **** Incremental Build of configuration Debug for project medidor_impedancia ****
make -r -j8 all 
Building file: ../medidor_impedancia/src/cr_startup_lpc175x_6x.c
Building file: ../medidor_impedancia/src/main.c
Building file: ../medidor_impedancia/src/sysinit.c
Invoking: MCU C Compiler
Invoking: MCU C Compiler
arm-none-eabi-gcc -D__REDLIB__ -DDEBUG -D__CODE_RED -D__USE_LPCOPEN -DCORE_M3 -I"D:\UTN-FRA\FisicaElectronicaIII\LPCworkspace\lpc_chip_175x_6x\inc" -I"D:\UTN-FRA\FisicaElectronicaIII\LPCworkspace\lpc_board_nxp_lpcxpresso_1769\inc" -I"D:\UTN-FRA\FisicaElectronicaIII\LPCworkspace\medidor_impedancia\freertos\inc" -I"D:\UTN-FRA\FisicaElectronicaIII\LPCworkspace\medidor_impedancia\medidor_impedancia\inc" -O0 -g3 -Wall -c -fmessage-length=0 -fno-builtin -ffunction-sections -fdata-sections -fmerge-constants -fmacro-prefix-map="../medidor_impedancia/src/"= -mcpu=cortex-m3 -mthumb -fstack-usage -specs=redlib.specs -MMD -MP -MF"medidor_impedancia/src/cr_startup_lpc175x_6x.d" -MT"medidor_impedancia/src/cr_startup_lpc175x_6x.o" -MT"medidor_impedancia/src/cr_startup_lpc175x_6x.d" -o "medidor_impedancia/src/cr_startup_lpc175x_6x.o" "../medidor_impedancia/src/cr_startup_lpc175x_6x.c"
Invoking: MCU C Compiler
arm-none-eabi-gcc -D__REDLIB__ -DDEBUG -D__CODE_RED -D__USE_LPCOPEN -DCORE_M3 -I"D:\UTN-FRA\FisicaElectronicaIII\LPCworkspace\lpc_chip_175x_6x\inc" -I"D:\UTN-FRA\FisicaElectronicaIII\LPCworkspace\lpc_board_nxp_lpcxpresso_1769\inc" -I"D:\UTN-FRA\FisicaElectronicaIII\LPCworkspace\medidor_impedancia\freertos\inc" -I"D:\UTN-FRA\FisicaElectronicaIII\LPCworkspace\medidor_impedancia\medidor_impedancia\inc" -O0 -g3 -Wall -c -fmessage-length=0 -fno-builtin -ffunction-sections -fdata-sections -fmerge-constants -fmacro-prefix-map="../medidor_impedancia/src/"= -mcpu=cortex-m3 -mthumb -fstack-usage -specs=redlib.specs -MMD -MP -MF"medidor_impedancia/src/main.d" -MT"medidor_impedancia/src/main.o" -MT"medidor_impedancia/src/main.d" -o "medidor_impedancia/src/main.o" "../medidor_impedancia/src/main.c"
Building file: ../freertos/src/FreeRTOSCommonHooks.c
arm-none-eabi-gcc -D__REDLIB__ -DDEBUG -D__CODE_RED -D__USE_LPCOPEN -DCORE_M3 -I"D:\UTN-FRA\FisicaElectronicaIII\LPCworkspace\lpc_chip_175x_6x\inc" -I"D:\UTN-FRA\FisicaElectronicaIII\LPCworkspace\lpc_board_nxp_lpcxpresso_1769\inc" -I"D:\UTN-FRA\FisicaElectronicaIII\LPCworkspace\medidor_impedancia\freertos\inc" -I"D:\UTN-FRA\FisicaElectronicaIII\LPCworkspace\medidor_impedancia\medidor_impedancia\inc" -O0 -g3 -Wall -c -fmessage-length=0 -fno-builtin -ffunction-sections -fdata-sections -fmerge-constants -fmacro-prefix-map="../medidor_impedancia/src/"= -mcpu=cortex-m3 -mthumb -fstack-usage -specs=redlib.specs -MMD -MP -MF"medidor_impedancia/src/sysinit.d" -MT"medidor_impedancia/src/sysinit.o" -MT"medidor_impedancia/src/sysinit.d" -o "medidor_impedancia/src/sysinit.o" "../medidor_impedancia/src/sysinit.c"
Invoking: MCU C Compiler
Building file: ../freertos/src/heap_3.c
arm-none-eabi-gcc -D__REDLIB__ -DDEBUG -D__CODE_RED -D__USE_LPCOPEN -DCORE_M3 -I"D:\UTN-FRA\FisicaElectronicaIII\LPCworkspace\lpc_chip_175x_6x\inc" -I"D:\UTN-FRA\FisicaElectronicaIII\LPCworkspace\lpc_board_nxp_lpcxpresso_1769\inc" -I"D:\UTN-FRA\FisicaElectronicaIII\LPCworkspace\medidor_impedancia\freertos\inc" -I"D:\UTN-FRA\FisicaElectronicaIII\LPCworkspace\medidor_impedancia\medidor_impedancia\inc" -O0 -g3 -Wall -c -fmessage-length=0 -fno-builtin -ffunction-sections -fdata-sections -fmerge-constants -fmacro-prefix-map="../freertos/src/"= -mcpu=cortex-m3 -mthumb -fstack-usage -specs=redlib.specs -MMD -MP -MF"freertos/src/FreeRTOSCommonHooks.d" -MT"freertos/src/FreeRTOSCommonHooks.o" -MT"freertos/src/FreeRTOSCommonHooks.d" -o "freertos/src/FreeRTOSCommonHooks.o" "../freertos/src/FreeRTOSCommonHooks.c"
Building file: ../freertos/src/list.c
Invoking: MCU C Compiler
Building file: ../freertos/src/port.c
arm-none-eabi-gcc -D__REDLIB__ -DDEBUG -D__CODE_RED -D__USE_LPCOPEN -DCORE_M3 -I"D:\UTN-FRA\FisicaElectronicaIII\LPCworkspace\lpc_chip_175x_6x\inc" -I"D:\UTN-FRA\FisicaElectronicaIII\LPCworkspace\lpc_board_nxp_lpcxpresso_1769\inc" -I"D:\UTN-FRA\FisicaElectronicaIII\LPCworkspace\medidor_impedancia\freertos\inc" -I"D:\UTN-FRA\FisicaElectronicaIII\LPCworkspace\medidor_impedancia\medidor_impedancia\inc" -O0 -g3 -Wall -c -fmessage-length=0 -fno-builtin -ffunction-sections -fdata-sections -fmerge-constants -fmacro-prefix-map="../freertos/src/"= -mcpu=cortex-m3 -mthumb -fstack-usage -specs=redlib.specs -MMD -MP -MF"freertos/src/heap_3.d" -MT"freertos/src/heap_3.o" -MT"freertos/src/heap_3.d" -o "freertos/src/heap_3.o" "../freertos/src/heap_3.c"
Invoking: MCU C Compiler
arm-none-eabi-gcc -D__REDLIB__ -DDEBUG -D__CODE_RED -D__USE_LPCOPEN -DCORE_M3 -I"D:\UTN-FRA\FisicaElectronicaIII\LPCworkspace\lpc_chip_175x_6x\inc" -I"D:\UTN-FRA\FisicaElectronicaIII\LPCworkspace\lpc_board_nxp_lpcxpresso_1769\inc" -I"D:\UTN-FRA\FisicaElectronicaIII\LPCworkspace\medidor_impedancia\freertos\inc" -I"D:\UTN-FRA\FisicaElectronicaIII\LPCworkspace\medidor_impedancia\medidor_impedancia\inc" -O0 -g3 -Wall -c -fmessage-length=0 -fno-builtin -ffunction-sections -fdata-sections -fmerge-constants -fmacro-prefix-map="../freertos/src/"= -mcpu=cortex-m3 -mthumb -fstack-usage -specs=redlib.specs -MMD -MP -MF"freertos/src/list.d" -MT"freertos/src/list.o" -MT"freertos/src/list.d" -o "freertos/src/list.o" "../freertos/src/list.c"
Building file: ../freertos/src/queue.c
Invoking: MCU C Compiler
arm-none-eabi-gcc -D__REDLIB__ -DDEBUG -D__CODE_RED -D__USE_LPCOPEN -DCORE_M3 -I"D:\UTN-FRA\FisicaElectronicaIII\LPCworkspace\lpc_chip_175x_6x\inc" -I"D:\UTN-FRA\FisicaElectronicaIII\LPCworkspace\lpc_board_nxp_lpcxpresso_1769\inc" -I"D:\UTN-FRA\FisicaElectronicaIII\LPCworkspace\medidor_impedancia\freertos\inc" -I"D:\UTN-FRA\FisicaElectronicaIII\LPCworkspace\medidor_impedancia\medidor_impedancia\inc" -O0 -g3 -Wall -c -fmessage-length=0 -fno-builtin -ffunction-sections -fdata-sections -fmerge-constants -fmacro-prefix-map="../freertos/src/"= -mcpu=cortex-m3 -mthumb -fstack-usage -specs=redlib.specs -MMD -MP -MF"freertos/src/port.d" -MT"freertos/src/port.o" -MT"freertos/src/port.d" -o "freertos/src/port.o" "../freertos/src/port.c"
Invoking: MCU C Compiler
arm-none-eabi-gcc -D__REDLIB__ -DDEBUG -D__CODE_RED -D__USE_LPCOPEN -DCORE_M3 -I"D:\UTN-FRA\FisicaElectronicaIII\LPCworkspace\lpc_chip_175x_6x\inc" -I"D:\UTN-FRA\FisicaElectronicaIII\LPCworkspace\lpc_board_nxp_lpcxpresso_1769\inc" -I"D:\UTN-FRA\FisicaElectronicaIII\LPCworkspace\medidor_impedancia\freertos\inc" -I"D:\UTN-FRA\FisicaElectronicaIII\LPCworkspace\medidor_impedancia\medidor_impedancia\inc" -O0 -g3 -Wall -c -fmessage-length=0 -fno-builtin -ffunction-sections -fdata-sections -fmerge-constants -fmacro-prefix-map="../freertos/src/"= -mcpu=cortex-m3 -mthumb -fstack-usage -specs=redlib.specs -MMD -MP -MF"freertos/src/queue.d" -MT"freertos/src/queue.o" -MT"freertos/src/queue.d" -o "freertos/src/queue.o" "../freertos/src/queue.c"
Finished building: ../medidor_impedancia/src/main.c
 
Finished building: ../freertos/src/heap_3.c
Building file: ../freertos/src/tasks.c
 
Finished building: ../freertos/src/list.c
Finished building: ../medidor_impedancia/src/sysinit.c
Invoking: MCU C Compiler
 
arm-none-eabi-gcc -D__REDLIB__ -DDEBUG -D__CODE_RED -D__USE_LPCOPEN -DCORE_M3 -I"D:\UTN-FRA\FisicaElectronicaIII\LPCworkspace\lpc_chip_175x_6x\inc" -I"D:\UTN-FRA\FisicaElectronicaIII\LPCworkspace\lpc_board_nxp_lpcxpresso_1769\inc" -I"D:\UTN-FRA\FisicaElectronicaIII\LPCworkspace\medidor_impedancia\freertos\inc" -I"D:\UTN-FRA\FisicaElectronicaIII\LPCworkspace\medidor_impedancia\medidor_impedancia\inc" -O0 -g3 -Wall -c -fmessage-length=0 -fno-builtin -ffunction-sections -fdata-sections -fmerge-constants -fmacro-prefix-map="../freertos/src/"= -mcpu=cortex-m3 -mthumb -fstack-usage -specs=redlib.specs -MMD -MP -MF"freertos/src/tasks.d" -MT"freertos/src/tasks.o" -MT"freertos/src/tasks.d" -o "freertos/src/tasks.o" "../freertos/src/tasks.c"
 
Finished building: ../medidor_impedancia/src/cr_startup_lpc175x_6x.c
Finished building: ../freertos/src/port.c
 
 
Finished building: ../freertos/src/FreeRTOSCommonHooks.c
 
Finished building: ../freertos/src/queue.c
 
Finished building: ../freertos/src/tasks.c
 
Building target: medidor_impedancia.axf
Invoking: MCU Linker
arm-none-eabi-gcc -nostdlib -L"D:\UTN-FRA\FisicaElectronicaIII\LPCworkspace\lpc_chip_175x_6x\Debug" -L"D:\UTN-FRA\FisicaElectronicaIII\LPCworkspace\lpc_board_nxp_lpcxpresso_1769\Debug" -Xlinker -Map="medidor_impedancia.map" -Xlinker --gc-sections -mcpu=cortex-m3 -mthumb -T "freertos_blinky_Debug.ld" -o "medidor_impedancia.axf"  ./medidor_impedancia/src/cr_startup_lpc175x_6x.o ./medidor_impedancia/src/main.o ./medidor_impedancia/src/sysinit.o  ./freertos/src/FreeRTOSCommonHooks.o ./freertos/src/heap_3.o ./freertos/src/list.o ./freertos/src/port.o ./freertos/src/queue.o ./freertos/src/tasks.o   -llpc_board_nxp_lpcxpresso_1769 -llpc_chip_175x_6x
Finished building target: medidor_impedancia.axf
 
Performing post-build steps
arm-none-eabi-size "medidor_impedancia.axf"; # arm-none-eabi-objcopy -v -O binary "medidor_impedancia.axf" "medidor_impedancia.bin" ; # checksum -p LPC1769 -d "medidor_impedancia.bin";
   text	   data	    bss	    dec	    hex	filename
  17568	      8	    820	  18396	   47dc	medidor_impedancia.axf
 
19:47:19 **** Incremental Build of configuration Debug for project medidor_impedancia ****
make -r -j8 all 
make[1]: Nothing to be done for 'main-build'.
Performing post-build steps
arm-none-eabi-size "medidor_impedancia.axf"; # arm-none-eabi-objcopy -v -O binary "medidor_impedancia.axf" "medidor_impedancia.bin" ; # checksum -p LPC1769 -d "medidor_impedancia.bin";
   text	   data	    bss	    dec	    hex	filename
  17568	      8	    820	  18396	   47dc	medidor_impedancia.axf
 
19:54:26 **** Incremental Build of configuration Debug for project lpc_board_nxp_lpcxpresso_1769 ****
make -r -j8 all 
Building file: ../src/board.c
Invoking: MCU C Compiler
arm-none-eabi-gcc -D__REDLIB__ -DDEBUG -D__CODE_RED -D__USE_LPCOPEN -DCORE_M3 -I"D:\UTN-FRA\FisicaElectronicaIII\LPCworkspace\lpc_chip_175x_6x\inc" -I"D:\UTN-FRA\FisicaElectronicaIII\LPCworkspace\lpc_board_nxp_lpcxpresso_1769\inc" -O0 -g3 -Wall -c -fmessage-length=0 -fno-builtin -ffunction-sections -fdata-sections -fmerge-constants -fmacro-prefix-map="../src/"= -mcpu=cortex-m3 -mthumb -fstack-usage -specs=redlib.specs -MMD -MP -MF"src/board.d" -MT"src/board.o" -MT"src/board.d" -o "src/board.o" "../src/board.c"
../src/board.c: In function 'Board_I2C_Init':
../src/board.c:267:2: warning: enumeration value 'I2C_NUM_INTERFACE' not handled in switch [-Wswitch]
  267 |  switch (id) {
      |  ^~~~~~
Finished building: ../src/board.c
 
Building target: liblpc_board_nxp_lpcxpresso_1769.a
Invoking: MCU Archiver
arm-none-eabi-ar -r  "liblpc_board_nxp_lpcxpresso_1769.a"  ./src/board.o ./src/board_sysinit.o ./src/lpc_phy_smsc87x0.o   
arm-none-eabi-ar: creating liblpc_board_nxp_lpcxpresso_1769.a
Finished building target: liblpc_board_nxp_lpcxpresso_1769.a
 
Performing post-build steps
arm-none-eabi-size "liblpc_board_nxp_lpcxpresso_1769.a" ; # arm-none-eabi-objdump -h -S "liblpc_board_nxp_lpcxpresso_1769.a" >"liblpc_board_nxp_lpcxpresso_1769.lss"
   text	   data	    bss	    dec	    hex	filename
   2233	      0	      0	   2233	    8b9	board.o (ex liblpc_board_nxp_lpcxpresso_1769.a)
    202	      0	      0	    202	     ca	board_sysinit.o (ex liblpc_board_nxp_lpcxpresso_1769.a)
    860	      0	     18	    878	    36e	lpc_phy_smsc87x0.o (ex liblpc_board_nxp_lpcxpresso_1769.a)
 
19:54:26 **** Incremental Build of configuration Debug for project lpc_chip_175x_6x ****
make -r -j8 all 
make[1]: Nothing to be done for 'main-build'.
Performing post-build steps
arm-none-eabi-size "liblpc_chip_175x_6x.a" ; # arm-none-eabi-objdump -h -S "liblpc_chip_175x_6x.a" >"liblpc_chip_175x_6x.lss"
   text	   data	    bss	    dec	    hex	filename
    940	      0	      0	    940	    3ac	adc_17xx_40xx.o (ex liblpc_chip_175x_6x.a)
   8630	      0	      0	   8630	   21b6	can_17xx_40xx.o (ex liblpc_chip_175x_6x.a)
    172	      0	      4	    176	     b0	chip_17xx_40xx.o (ex liblpc_chip_175x_6x.a)
   1602	      0	      0	   1602	    642	clock_17xx_40xx.o (ex liblpc_chip_175x_6x.a)
      0	      0	      0	      0	      0	cmp_17xx_40xx.o (ex liblpc_chip_175x_6x.a)
      0	      0	      0	      0	      0	crc_17xx_40xx.o (ex liblpc_chip_175x_6x.a)
    140	      0	      0	    140	     8c	dac_17xx_40xx.o (ex liblpc_chip_175x_6x.a)
      0	      0	      0	      0	      0	eeprom_17xx_40xx.o (ex liblpc_chip_175x_6x.a)
      0	      0	      0	      0	      0	emc_17xx_40xx.o (ex liblpc_chip_175x_6x.a)
   1091	      0	      4	   1095	    447	enet_17xx_40xx.o (ex liblpc_chip_175x_6x.a)
   2248	     96	      8	   2352	    930	gpdma_17xx_40xx.o (ex liblpc_chip_175x_6x.a)
      0	      0	      0	      0	      0	gpio_17xx_40xx.o (ex liblpc_chip_175x_6x.a)
      0	      0	      0	      0	      0	gpioint_17xx_40xx.o (ex liblpc_chip_175x_6x.a)
   3699	     84	    120	   3903	    f3f	i2c_17xx_40xx.o (ex liblpc_chip_175x_6x.a)
   1724	      0	      0	   1724	    6bc	i2s_17xx_40xx.o (ex liblpc_chip_175x_6x.a)
    552	      0	      0	    552	    228	iap.o (ex liblpc_chip_175x_6x.a)
    302	      0	      0	    302	    12e	iocon_17xx_40xx.o (ex liblpc_chip_175x_6x.a)
      0	      0	      0	      0	      0	lcd_17xx_40xx.o (ex liblpc_chip_175x_6x.a)
    280	      0	      0	    280	    118	pmu_17xx_40xx.o (ex liblpc_chip_175x_6x.a)
    962	      0	      0	    962	    3c2	ring_buffer.o (ex liblpc_chip_175x_6x.a)
    238	      0	      0	    238	     ee	ritimer_17xx_40xx.o (ex liblpc_chip_175x_6x.a)
    746	      0	      0	    746	    2ea	rtc_17xx_40xx.o (ex liblpc_chip_175x_6x.a)
      0	      0	      0	      0	      0	sdc_17xx_40xx.o (ex liblpc_chip_175x_6x.a)
      0	      0	      0	      0	      0	sdmmc_17xx_40xx.o (ex liblpc_chip_175x_6x.a)
   1036	      0	      0	   1036	    40c	spi_17xx_40xx.o (ex liblpc_chip_175x_6x.a)
   2270	      0	      0	   2270	    8de	ssp_17xx_40xx.o (ex liblpc_chip_175x_6x.a)
    362	      0	     12	    374	    176	stopwatch_17xx_40xx.o (ex liblpc_chip_175x_6x.a)
     44	      0	      0	     44	     2c	sysctl_17xx_40xx.o (ex liblpc_chip_175x_6x.a)
    470	      0	      0	    470	    1d6	sysinit_17xx_40xx.o (ex liblpc_chip_175x_6x.a)
    310	      0	      0	    310	    136	timer_17xx_40xx.o (ex liblpc_chip_175x_6x.a)
   2326	      0	      1	   2327	    917	uart_17xx_40xx.o (ex liblpc_chip_175x_6x.a)
     94	      0	      0	     94	     5e	wwdt_17xx_40xx.o (ex liblpc_chip_175x_6x.a)
 
19:54:27 **** Incremental Build of configuration Debug for project medidor_impedancia ****
make -r -j8 all 
Building file: ../medidor_impedancia/src/main.c
Invoking: MCU C Compiler
arm-none-eabi-gcc -D__REDLIB__ -DDEBUG -D__CODE_RED -D__USE_LPCOPEN -DCORE_M3 -I"D:\UTN-FRA\FisicaElectronicaIII\LPCworkspace\lpc_chip_175x_6x\inc" -I"D:\UTN-FRA\FisicaElectronicaIII\LPCworkspace\lpc_board_nxp_lpcxpresso_1769\inc" -I"D:\UTN-FRA\FisicaElectronicaIII\LPCworkspace\medidor_impedancia\freertos\inc" -I"D:\UTN-FRA\FisicaElectronicaIII\LPCworkspace\medidor_impedancia\medidor_impedancia\inc" -O0 -g3 -Wall -c -fmessage-length=0 -fno-builtin -ffunction-sections -fdata-sections -fmerge-constants -fmacro-prefix-map="../medidor_impedancia/src/"= -mcpu=cortex-m3 -mthumb -fstack-usage -specs=redlib.specs -MMD -MP -MF"medidor_impedancia/src/main.d" -MT"medidor_impedancia/src/main.o" -MT"medidor_impedancia/src/main.d" -o "medidor_impedancia/src/main.o" "../medidor_impedancia/src/main.c"
Finished building: ../medidor_impedancia/src/main.c
 
Building target: medidor_impedancia.axf
Invoking: MCU Linker
arm-none-eabi-gcc -nostdlib -L"D:\UTN-FRA\FisicaElectronicaIII\LPCworkspace\lpc_chip_175x_6x\Debug" -L"D:\UTN-FRA\FisicaElectronicaIII\LPCworkspace\lpc_board_nxp_lpcxpresso_1769\Debug" -Xlinker -Map="medidor_impedancia.map" -Xlinker --gc-sections -mcpu=cortex-m3 -mthumb -T "freertos_blinky_Debug.ld" -o "medidor_impedancia.axf"  ./medidor_impedancia/src/cr_startup_lpc175x_6x.o ./medidor_impedancia/src/main.o ./medidor_impedancia/src/sysinit.o  ./freertos/src/FreeRTOSCommonHooks.o ./freertos/src/heap_3.o ./freertos/src/list.o ./freertos/src/port.o ./freertos/src/queue.o ./freertos/src/tasks.o   -llpc_board_nxp_lpcxpresso_1769 -llpc_chip_175x_6x
Finished building target: medidor_impedancia.axf
 
Performing post-build steps
arm-none-eabi-size "medidor_impedancia.axf"; # arm-none-eabi-objcopy -v -O binary "medidor_impedancia.axf" "medidor_impedancia.bin" ; # checksum -p LPC1769 -d "medidor_impedancia.bin";
   text	   data	    bss	    dec	    hex	filename
  17480	      8	    820	  18308	   4784	medidor_impedancia.axf
 
19:54:28 **** Incremental Build of configuration Debug for project medidor_impedancia ****
make -r -j8 all 
make[1]: Nothing to be done for 'main-build'.
Performing post-build steps
arm-none-eabi-size "medidor_impedancia.axf"; # arm-none-eabi-objcopy -v -O binary "medidor_impedancia.axf" "medidor_impedancia.bin" ; # checksum -p LPC1769 -d "medidor_impedancia.bin";
   text	   data	    bss	    dec	    hex	filename
  17480	      8	    820	  18308	   4784	medidor_impedancia.axf
 
20:20:42 **** Incremental Build of configuration Debug for project lpc_board_nxp_lpcxpresso_1769 ****
make -r -j8 all 
make[1]: Nothing to be done for 'main-build'.
Performing post-build steps
arm-none-eabi-size "liblpc_board_nxp_lpcxpresso_1769.a" ; # arm-none-eabi-objdump -h -S "liblpc_board_nxp_lpcxpresso_1769.a" >"liblpc_board_nxp_lpcxpresso_1769.lss"
   text	   data	    bss	    dec	    hex	filename
   2233	      0	      0	   2233	    8b9	board.o (ex liblpc_board_nxp_lpcxpresso_1769.a)
    202	      0	      0	    202	     ca	board_sysinit.o (ex liblpc_board_nxp_lpcxpresso_1769.a)
    860	      0	     18	    878	    36e	lpc_phy_smsc87x0.o (ex liblpc_board_nxp_lpcxpresso_1769.a)
 
20:20:43 **** Incremental Build of configuration Debug for project lpc_chip_175x_6x ****
make -r -j8 all 
make[1]: Nothing to be done for 'main-build'.
Performing post-build steps
arm-none-eabi-size "liblpc_chip_175x_6x.a" ; # arm-none-eabi-objdump -h -S "liblpc_chip_175x_6x.a" >"liblpc_chip_175x_6x.lss"
   text	   data	    bss	    dec	    hex	filename
    940	      0	      0	    940	    3ac	adc_17xx_40xx.o (ex liblpc_chip_175x_6x.a)
   8630	      0	      0	   8630	   21b6	can_17xx_40xx.o (ex liblpc_chip_175x_6x.a)
    172	      0	      4	    176	     b0	chip_17xx_40xx.o (ex liblpc_chip_175x_6x.a)
   1602	      0	      0	   1602	    642	clock_17xx_40xx.o (ex liblpc_chip_175x_6x.a)
      0	      0	      0	      0	      0	cmp_17xx_40xx.o (ex liblpc_chip_175x_6x.a)
      0	      0	      0	      0	      0	crc_17xx_40xx.o (ex liblpc_chip_175x_6x.a)
    140	      0	      0	    140	     8c	dac_17xx_40xx.o (ex liblpc_chip_175x_6x.a)
      0	      0	      0	      0	      0	eeprom_17xx_40xx.o (ex liblpc_chip_175x_6x.a)
      0	      0	      0	      0	      0	emc_17xx_40xx.o (ex liblpc_chip_175x_6x.a)
   1091	      0	      4	   1095	    447	enet_17xx_40xx.o (ex liblpc_chip_175x_6x.a)
   2248	     96	      8	   2352	    930	gpdma_17xx_40xx.o (ex liblpc_chip_175x_6x.a)
      0	      0	      0	      0	      0	gpio_17xx_40xx.o (ex liblpc_chip_175x_6x.a)
      0	      0	      0	      0	      0	gpioint_17xx_40xx.o (ex liblpc_chip_175x_6x.a)
   3699	     84	    120	   3903	    f3f	i2c_17xx_40xx.o (ex liblpc_chip_175x_6x.a)
   1724	      0	      0	   1724	    6bc	i2s_17xx_40xx.o (ex liblpc_chip_175x_6x.a)
    552	      0	      0	    552	    228	iap.o (ex liblpc_chip_175x_6x.a)
    302	      0	      0	    302	    12e	iocon_17xx_40xx.o (ex liblpc_chip_175x_6x.a)
      0	      0	      0	      0	      0	lcd_17xx_40xx.o (ex liblpc_chip_175x_6x.a)
    280	      0	      0	    280	    118	pmu_17xx_40xx.o (ex liblpc_chip_175x_6x.a)
    962	      0	      0	    962	    3c2	ring_buffer.o (ex liblpc_chip_175x_6x.a)
    238	      0	      0	    238	     ee	ritimer_17xx_40xx.o (ex liblpc_chip_175x_6x.a)
    746	      0	      0	    746	    2ea	rtc_17xx_40xx.o (ex liblpc_chip_175x_6x.a)
      0	      0	      0	      0	      0	sdc_17xx_40xx.o (ex liblpc_chip_175x_6x.a)
      0	      0	      0	      0	      0	sdmmc_17xx_40xx.o (ex liblpc_chip_175x_6x.a)
   1036	      0	      0	   1036	    40c	spi_17xx_40xx.o (ex liblpc_chip_175x_6x.a)
   2270	      0	      0	   2270	    8de	ssp_17xx_40xx.o (ex liblpc_chip_175x_6x.a)
    362	      0	     12	    374	    176	stopwatch_17xx_40xx.o (ex liblpc_chip_175x_6x.a)
     44	      0	      0	     44	     2c	sysctl_17xx_40xx.o (ex liblpc_chip_175x_6x.a)
    470	      0	      0	    470	    1d6	sysinit_17xx_40xx.o (ex liblpc_chip_175x_6x.a)
    310	      0	      0	    310	    136	timer_17xx_40xx.o (ex liblpc_chip_175x_6x.a)
   2326	      0	      1	   2327	    917	uart_17xx_40xx.o (ex liblpc_chip_175x_6x.a)
     94	      0	      0	     94	     5e	wwdt_17xx_40xx.o (ex liblpc_chip_175x_6x.a)
 
20:20:43 **** Incremental Build of configuration Debug for project medidor_impedancia ****
make -r -j8 all 
make[1]: Nothing to be done for 'main-build'.
Performing post-build steps
arm-none-eabi-size "medidor_impedancia.axf"; # arm-none-eabi-objcopy -v -O binary "medidor_impedancia.axf" "medidor_impedancia.bin" ; # checksum -p LPC1769 -d "medidor_impedancia.bin";
   text	   data	    bss	    dec	    hex	filename
  17480	      8	    820	  18308	   4784	medidor_impedancia.axf
 
20:20:44 **** Incremental Build of configuration Debug for project medidor_impedancia ****
make -r -j8 all 
make[1]: Nothing to be done for 'main-build'.
Performing post-build steps
arm-none-eabi-size "medidor_impedancia.axf"; # arm-none-eabi-objcopy -v -O binary "medidor_impedancia.axf" "medidor_impedancia.bin" ; # checksum -p LPC1769 -d "medidor_impedancia.bin";
   text	   data	    bss	    dec	    hex	filename
  17480	      8	    820	  18308	   4784	medidor_impedancia.axf
 
20:22:21 **** Incremental Build of configuration Debug for project lpc_board_nxp_lpcxpresso_1769 ****
make -r -j8 all 
Building file: ../src/board.c
Building file: ../src/board_sysinit.c
Building file: ../src/lpc_phy_smsc87x0.c
Invoking: MCU C Compiler
arm-none-eabi-gcc -D__REDLIB__ -DDEBUG -D__CODE_RED -D__USE_LPCOPEN -DCORE_M3 -I"D:\UTN-FRA\FisicaElectronicaIII\zt5\lpc\LPCworkspace\lpc_chip_175x_6x\inc" -I"D:\UTN-FRA\FisicaElectronicaIII\zt5\lpc\LPCworkspace\lpc_board_nxp_lpcxpresso_1769\inc" -O0 -g3 -Wall -c -fmessage-length=0 -fno-builtin -ffunction-sections -fdata-sections -fmerge-constants -fmacro-prefix-map="../src/"= -mcpu=cortex-m3 -mthumb -fstack-usage -specs=redlib.specs -MMD -MP -MF"src/board.d" -MT"src/board.o" -MT"src/board.d" -o "src/board.o" "../src/board.c"
Invoking: MCU C Compiler
Invoking: MCU C Compiler
arm-none-eabi-gcc -D__REDLIB__ -DDEBUG -D__CODE_RED -D__USE_LPCOPEN -DCORE_M3 -I"D:\UTN-FRA\FisicaElectronicaIII\zt5\lpc\LPCworkspace\lpc_chip_175x_6x\inc" -I"D:\UTN-FRA\FisicaElectronicaIII\zt5\lpc\LPCworkspace\lpc_board_nxp_lpcxpresso_1769\inc" -O0 -g3 -Wall -c -fmessage-length=0 -fno-builtin -ffunction-sections -fdata-sections -fmerge-constants -fmacro-prefix-map="../src/"= -mcpu=cortex-m3 -mthumb -fstack-usage -specs=redlib.specs -MMD -MP -MF"src/board_sysinit.d" -MT"src/board_sysinit.o" -MT"src/board_sysinit.d" -o "src/board_sysinit.o" "../src/board_sysinit.c"
arm-none-eabi-gcc -D__REDLIB__ -DDEBUG -D__CODE_RED -D__USE_LPCOPEN -DCORE_M3 -I"D:\UTN-FRA\FisicaElectronicaIII\zt5\lpc\LPCworkspace\lpc_chip_175x_6x\inc" -I"D:\UTN-FRA\FisicaElectronicaIII\zt5\lpc\LPCworkspace\lpc_board_nxp_lpcxpresso_1769\inc" -O0 -g3 -Wall -c -fmessage-length=0 -fno-builtin -ffunction-sections -fdata-sections -fmerge-constants -fmacro-prefix-map="../src/"= -mcpu=cortex-m3 -mthumb -fstack-usage -specs=redlib.specs -MMD -MP -MF"src/lpc_phy_smsc87x0.d" -MT"src/lpc_phy_smsc87x0.o" -MT"src/lpc_phy_smsc87x0.d" -o "src/lpc_phy_smsc87x0.o" "../src/lpc_phy_smsc87x0.c"
../src/board.c: In function 'Board_I2C_Init':
../src/board.c:267:2: warning: enumeration value 'I2C_NUM_INTERFACE' not handled in switch [-Wswitch]
  267 |  switch (id) {
      |  ^~~~~~
Finished building: ../src/board_sysinit.c
Finished building: ../src/lpc_phy_smsc87x0.c
 
 
Finished building: ../src/board.c
 
Building target: liblpc_board_nxp_lpcxpresso_1769.a
Invoking: MCU Archiver
arm-none-eabi-ar -r  "liblpc_board_nxp_lpcxpresso_1769.a"  ./src/board.o ./src/board_sysinit.o ./src/lpc_phy_smsc87x0.o   
Finished building target: liblpc_board_nxp_lpcxpresso_1769.a
 
Performing post-build steps
arm-none-eabi-size "liblpc_board_nxp_lpcxpresso_1769.a" ; # arm-none-eabi-objdump -h -S "liblpc_board_nxp_lpcxpresso_1769.a" >"liblpc_board_nxp_lpcxpresso_1769.lss"
   text	   data	    bss	    dec	    hex	filename
   2233	      0	      0	   2233	    8b9	board.o (ex liblpc_board_nxp_lpcxpresso_1769.a)
    202	      0	      0	    202	     ca	board_sysinit.o (ex liblpc_board_nxp_lpcxpresso_1769.a)
    860	      0	     18	    878	    36e	lpc_phy_smsc87x0.o (ex liblpc_board_nxp_lpcxpresso_1769.a)
 
20:22:22 **** Incremental Build of configuration Debug for project lpc_chip_175x_6x ****
make -r -j8 all 
Building file: ../src/adc_17xx_40xx.c
Building file: ../src/can_17xx_40xx.c
Building file: ../src/chip_17xx_40xx.c
Invoking: MCU C Compiler
Invoking: MCU C Compiler
arm-none-eabi-gcc -D__REDLIB__ -DDEBUG -D__CODE_RED -D__USE_LPCOPEN -DCORE_M3 -I"D:\UTN-FRA\FisicaElectronicaIII\zt5\lpc\LPCworkspace\lpc_chip_175x_6x\inc" -O0 -g3 -Wall -c -fmessage-length=0 -fno-builtin -ffunction-sections -fdata-sections -fmerge-constants -fmacro-prefix-map="../src/"= -mcpu=cortex-m3 -mthumb -fstack-usage -specs=redlib.specs -MMD -MP -MF"src/adc_17xx_40xx.d" -MT"src/adc_17xx_40xx.o" -MT"src/adc_17xx_40xx.d" -o "src/adc_17xx_40xx.o" "../src/adc_17xx_40xx.c"
Building file: ../src/clock_17xx_40xx.c
arm-none-eabi-gcc -D__REDLIB__ -DDEBUG -D__CODE_RED -D__USE_LPCOPEN -DCORE_M3 -I"D:\UTN-FRA\FisicaElectronicaIII\zt5\lpc\LPCworkspace\lpc_chip_175x_6x\inc" -O0 -g3 -Wall -c -fmessage-length=0 -fno-builtin -ffunction-sections -fdata-sections -fmerge-constants -fmacro-prefix-map="../src/"= -mcpu=cortex-m3 -mthumb -fstack-usage -specs=redlib.specs -MMD -MP -MF"src/can_17xx_40xx.d" -MT"src/can_17xx_40xx.o" -MT"src/can_17xx_40xx.d" -o "src/can_17xx_40xx.o" "../src/can_17xx_40xx.c"
Invoking: MCU C Compiler
arm-none-eabi-gcc -D__REDLIB__ -DDEBUG -D__CODE_RED -D__USE_LPCOPEN -DCORE_M3 -I"D:\UTN-FRA\FisicaElectronicaIII\zt5\lpc\LPCworkspace\lpc_chip_175x_6x\inc" -O0 -g3 -Wall -c -fmessage-length=0 -fno-builtin -ffunction-sections -fdata-sections -fmerge-constants -fmacro-prefix-map="../src/"= -mcpu=cortex-m3 -mthumb -fstack-usage -specs=redlib.specs -MMD -MP -MF"src/chip_17xx_40xx.d" -MT"src/chip_17xx_40xx.o" -MT"src/chip_17xx_40xx.d" -o "src/chip_17xx_40xx.o" "../src/chip_17xx_40xx.c"
Invoking: MCU C Compiler
arm-none-eabi-gcc -D__REDLIB__ -DDEBUG -D__CODE_RED -D__USE_LPCOPEN -DCORE_M3 -I"D:\UTN-FRA\FisicaElectronicaIII\zt5\lpc\LPCworkspace\lpc_chip_175x_6x\inc" -O0 -g3 -Wall -c -fmessage-length=0 -fno-builtin -ffunction-sections -fdata-sections -fmerge-constants -fmacro-prefix-map="../src/"= -mcpu=cortex-m3 -mthumb -fstack-usage -specs=redlib.specs -MMD -MP -MF"src/clock_17xx_40xx.d" -MT"src/clock_17xx_40xx.o" -MT"src/clock_17xx_40xx.d" -o "src/clock_17xx_40xx.o" "../src/clock_17xx_40xx.c"
Building file: ../src/cmp_17xx_40xx.c
Building file: ../src/crc_17xx_40xx.c
Invoking: MCU C Compiler
arm-none-eabi-gcc -D__REDLIB__ -DDEBUG -D__CODE_RED -D__USE_LPCOPEN -DCORE_M3 -I"D:\UTN-FRA\FisicaElectronicaIII\zt5\lpc\LPCworkspace\lpc_chip_175x_6x\inc" -O0 -g3 -Wall -c -fmessage-length=0 -fno-builtin -ffunction-sections -fdata-sections -fmerge-constants -fmacro-prefix-map="../src/"= -mcpu=cortex-m3 -mthumb -fstack-usage -specs=redlib.specs -MMD -MP -MF"src/cmp_17xx_40xx.d" -MT"src/cmp_17xx_40xx.o" -MT"src/cmp_17xx_40xx.d" -o "src/cmp_17xx_40xx.o" "../src/cmp_17xx_40xx.c"
Building file: ../src/dac_17xx_40xx.c
Building file: ../src/eeprom_17xx_40xx.c
Invoking: MCU C Compiler
Invoking: MCU C Compiler
arm-none-eabi-gcc -D__REDLIB__ -DDEBUG -D__CODE_RED -D__USE_LPCOPEN -DCORE_M3 -I"D:\UTN-FRA\FisicaElectronicaIII\zt5\lpc\LPCworkspace\lpc_chip_175x_6x\inc" -O0 -g3 -Wall -c -fmessage-length=0 -fno-builtin -ffunction-sections -fdata-sections -fmerge-constants -fmacro-prefix-map="../src/"= -mcpu=cortex-m3 -mthumb -fstack-usage -specs=redlib.specs -MMD -MP -MF"src/dac_17xx_40xx.d" -MT"src/dac_17xx_40xx.o" -MT"src/dac_17xx_40xx.d" -o "src/dac_17xx_40xx.o" "../src/dac_17xx_40xx.c"
arm-none-eabi-gcc -D__REDLIB__ -DDEBUG -D__CODE_RED -D__USE_LPCOPEN -DCORE_M3 -I"D:\UTN-FRA\FisicaElectronicaIII\zt5\lpc\LPCworkspace\lpc_chip_175x_6x\inc" -O0 -g3 -Wall -c -fmessage-length=0 -fno-builtin -ffunction-sections -fdata-sections -fmerge-constants -fmacro-prefix-map="../src/"= -mcpu=cortex-m3 -mthumb -fstack-usage -specs=redlib.specs -MMD -MP -MF"src/crc_17xx_40xx.d" -MT"src/crc_17xx_40xx.o" -MT"src/crc_17xx_40xx.d" -o "src/crc_17xx_40xx.o" "../src/crc_17xx_40xx.c"
Invoking: MCU C Compiler
arm-none-eabi-gcc -D__REDLIB__ -DDEBUG -D__CODE_RED -D__USE_LPCOPEN -DCORE_M3 -I"D:\UTN-FRA\FisicaElectronicaIII\zt5\lpc\LPCworkspace\lpc_chip_175x_6x\inc" -O0 -g3 -Wall -c -fmessage-length=0 -fno-builtin -ffunction-sections -fdata-sections -fmerge-constants -fmacro-prefix-map="../src/"= -mcpu=cortex-m3 -mthumb -fstack-usage -specs=redlib.specs -MMD -MP -MF"src/eeprom_17xx_40xx.d" -MT"src/eeprom_17xx_40xx.o" -MT"src/eeprom_17xx_40xx.d" -o "src/eeprom_17xx_40xx.o" "../src/eeprom_17xx_40xx.c"
../src/can_17xx_40xx.c: In function 'Chip_CAN_Init':
../src/can_17xx_40xx.c:751:20: warning: variable 'i' set but not used [-Wunused-but-set-variable]
  751 |  volatile uint32_t i;
      |                    ^
../src/clock_17xx_40xx.c: In function 'Chip_Clock_GetSYSCLKRate':
../src/clock_17xx_40xx.c:320:2: warning: enumeration value 'SYSCTL_PLLCLKSRC_RESERVED2' not handled in switch [-Wswitch]
  320 |  switch (Chip_Clock_GetMainPLLSource()) {
      |  ^~~~~~
Finished building: ../src/crc_17xx_40xx.c
 
Finished building: ../src/cmp_17xx_40xx.c
Building file: ../src/emc_17xx_40xx.c
Finished building: ../src/dac_17xx_40xx.c
Finished building: ../src/adc_17xx_40xx.c
Finished building: ../src/eeprom_17xx_40xx.c
 
Invoking: MCU C Compiler
 
 
Building file: ../src/enet_17xx_40xx.c
Finished building: ../src/chip_17xx_40xx.c
arm-none-eabi-gcc -D__REDLIB__ -DDEBUG -D__CODE_RED -D__USE_LPCOPEN -DCORE_M3 -I"D:\UTN-FRA\FisicaElectronicaIII\zt5\lpc\LPCworkspace\lpc_chip_175x_6x\inc" -O0 -g3 -Wall -c -fmessage-length=0 -fno-builtin -ffunction-sections -fdata-sections -fmerge-constants -fmacro-prefix-map="../src/"= -mcpu=cortex-m3 -mthumb -fstack-usage -specs=redlib.specs -MMD -MP -MF"src/emc_17xx_40xx.d" -MT"src/emc_17xx_40xx.o" -MT"src/emc_17xx_40xx.d" -o "src/emc_17xx_40xx.o" "../src/emc_17xx_40xx.c"
 
Finished building: ../src/can_17xx_40xx.c
Invoking: MCU C Compiler
 
 
arm-none-eabi-gcc -D__REDLIB__ -DDEBUG -D__CODE_RED -D__USE_LPCOPEN -DCORE_M3 -I"D:\UTN-FRA\FisicaElectronicaIII\zt5\lpc\LPCworkspace\lpc_chip_175x_6x\inc" -O0 -g3 -Wall -c -fmessage-length=0 -fno-builtin -ffunction-sections -fdata-sections -fmerge-constants -fmacro-prefix-map="../src/"= -mcpu=cortex-m3 -mthumb -fstack-usage -specs=redlib.specs -MMD -MP -MF"src/enet_17xx_40xx.d" -MT"src/enet_17xx_40xx.o" -MT"src/enet_17xx_40xx.d" -o "src/enet_17xx_40xx.o" "../src/enet_17xx_40xx.c"
Finished building: ../src/clock_17xx_40xx.c
Building file: ../src/gpdma_17xx_40xx.c
 
Building file: ../src/gpio_17xx_40xx.c
Invoking: MCU C Compiler
Building file: ../src/gpioint_17xx_40xx.c
arm-none-eabi-gcc -D__REDLIB__ -DDEBUG -D__CODE_RED -D__USE_LPCOPEN -DCORE_M3 -I"D:\UTN-FRA\FisicaElectronicaIII\zt5\lpc\LPCworkspace\lpc_chip_175x_6x\inc" -O0 -g3 -Wall -c -fmessage-length=0 -fno-builtin -ffunction-sections -fdata-sections -fmerge-constants -fmacro-prefix-map="../src/"= -mcpu=cortex-m3 -mthumb -fstack-usage -specs=redlib.specs -MMD -MP -MF"src/gpdma_17xx_40xx.d" -MT"src/gpdma_17xx_40xx.o" -MT"src/gpdma_17xx_40xx.d" -o "src/gpdma_17xx_40xx.o" "../src/gpdma_17xx_40xx.c"
Building file: ../src/i2c_17xx_40xx.c
Invoking: MCU C Compiler
arm-none-eabi-gcc -D__REDLIB__ -DDEBUG -D__CODE_RED -D__USE_LPCOPEN -DCORE_M3 -I"D:\UTN-FRA\FisicaElectronicaIII\zt5\lpc\LPCworkspace\lpc_chip_175x_6x\inc" -O0 -g3 -Wall -c -fmessage-length=0 -fno-builtin -ffunction-sections -fdata-sections -fmerge-constants -fmacro-prefix-map="../src/"= -mcpu=cortex-m3 -mthumb -fstack-usage -specs=redlib.specs -MMD -MP -MF"src/gpio_17xx_40xx.d" -MT"src/gpio_17xx_40xx.o" -MT"src/gpio_17xx_40xx.d" -o "src/gpio_17xx_40xx.o" "../src/gpio_17xx_40xx.c"
Invoking: MCU C Compiler
Invoking: MCU C Compiler
arm-none-eabi-gcc -D__REDLIB__ -DDEBUG -D__CODE_RED -D__USE_LPCOPEN -DCORE_M3 -I"D:\UTN-FRA\FisicaElectronicaIII\zt5\lpc\LPCworkspace\lpc_chip_175x_6x\inc" -O0 -g3 -Wall -c -fmessage-length=0 -fno-builtin -ffunction-sections -fdata-sections -fmerge-constants -fmacro-prefix-map="../src/"= -mcpu=cortex-m3 -mthumb -fstack-usage -specs=redlib.specs -MMD -MP -MF"src/gpioint_17xx_40xx.d" -MT"src/gpioint_17xx_40xx.o" -MT"src/gpioint_17xx_40xx.d" -o "src/gpioint_17xx_40xx.o" "../src/gpioint_17xx_40xx.c"
arm-none-eabi-gcc -D__REDLIB__ -DDEBUG -D__CODE_RED -D__USE_LPCOPEN -DCORE_M3 -I"D:\UTN-FRA\FisicaElectronicaIII\zt5\lpc\LPCworkspace\lpc_chip_175x_6x\inc" -O0 -g3 -Wall -c -fmessage-length=0 -fno-builtin -ffunction-sections -fdata-sections -fmerge-constants -fmacro-prefix-map="../src/"= -mcpu=cortex-m3 -mthumb -fstack-usage -specs=redlib.specs -MMD -MP -MF"src/i2c_17xx_40xx.d" -MT"src/i2c_17xx_40xx.o" -MT"src/i2c_17xx_40xx.d" -o "src/i2c_17xx_40xx.o" "../src/i2c_17xx_40xx.c"
Building file: ../src/i2s_17xx_40xx.c
Invoking: MCU C Compiler
arm-none-eabi-gcc -D__REDLIB__ -DDEBUG -D__CODE_RED -D__USE_LPCOPEN -DCORE_M3 -I"D:\UTN-FRA\FisicaElectronicaIII\zt5\lpc\LPCworkspace\lpc_chip_175x_6x\inc" -O0 -g3 -Wall -c -fmessage-length=0 -fno-builtin -ffunction-sections -fdata-sections -fmerge-constants -fmacro-prefix-map="../src/"= -mcpu=cortex-m3 -mthumb -fstack-usage -specs=redlib.specs -MMD -MP -MF"src/i2s_17xx_40xx.d" -MT"src/i2s_17xx_40xx.o" -MT"src/i2s_17xx_40xx.d" -o "src/i2s_17xx_40xx.o" "../src/i2s_17xx_40xx.c"
Building file: ../src/iap.c
Invoking: MCU C Compiler
arm-none-eabi-gcc -D__REDLIB__ -DDEBUG -D__CODE_RED -D__USE_LPCOPEN -DCORE_M3 -I"D:\UTN-FRA\FisicaElectronicaIII\zt5\lpc\LPCworkspace\lpc_chip_175x_6x\inc" -O0 -g3 -Wall -c -fmessage-length=0 -fno-builtin -ffunction-sections -fdata-sections -fmerge-constants -fmacro-prefix-map="../src/"= -mcpu=cortex-m3 -mthumb -fstack-usage -specs=redlib.specs -MMD -MP -MF"src/iap.d" -MT"src/iap.o" -MT"src/iap.d" -o "src/iap.o" "../src/iap.c"
Finished building: ../src/emc_17xx_40xx.c
Finished building: ../src/gpdma_17xx_40xx.c
Finished building: ../src/gpio_17xx_40xx.c
Finished building: ../src/gpioint_17xx_40xx.c
 
 
 
 
Building file: ../src/iocon_17xx_40xx.c
Building file: ../src/lcd_17xx_40xx.c
Building file: ../src/pmu_17xx_40xx.c
Building file: ../src/ring_buffer.c
Finished building: ../src/iap.c
Invoking: MCU C Compiler
Invoking: MCU C Compiler
Invoking: MCU C Compiler
arm-none-eabi-gcc -D__REDLIB__ -DDEBUG -D__CODE_RED -D__USE_LPCOPEN -DCORE_M3 -I"D:\UTN-FRA\FisicaElectronicaIII\zt5\lpc\LPCworkspace\lpc_chip_175x_6x\inc" -O0 -g3 -Wall -c -fmessage-length=0 -fno-builtin -ffunction-sections -fdata-sections -fmerge-constants -fmacro-prefix-map="../src/"= -mcpu=cortex-m3 -mthumb -fstack-usage -specs=redlib.specs -MMD -MP -MF"src/iocon_17xx_40xx.d" -MT"src/iocon_17xx_40xx.o" -MT"src/iocon_17xx_40xx.d" -o "src/iocon_17xx_40xx.o" "../src/iocon_17xx_40xx.c"
Invoking: MCU C Compiler
arm-none-eabi-gcc -D__REDLIB__ -DDEBUG -D__CODE_RED -D__USE_LPCOPEN -DCORE_M3 -I"D:\UTN-FRA\FisicaElectronicaIII\zt5\lpc\LPCworkspace\lpc_chip_175x_6x\inc" -O0 -g3 -Wall -c -fmessage-length=0 -fno-builtin -ffunction-sections -fdata-sections -fmerge-constants -fmacro-prefix-map="../src/"= -mcpu=cortex-m3 -mthumb -fstack-usage -specs=redlib.specs -MMD -MP -MF"src/lcd_17xx_40xx.d" -MT"src/lcd_17xx_40xx.o" -MT"src/lcd_17xx_40xx.d" -o "src/lcd_17xx_40xx.o" "../src/lcd_17xx_40xx.c"
Finished building: ../src/i2s_17xx_40xx.c
arm-none-eabi-gcc -D__REDLIB__ -DDEBUG -D__CODE_RED -D__USE_LPCOPEN -DCORE_M3 -I"D:\UTN-FRA\FisicaElectronicaIII\zt5\lpc\LPCworkspace\lpc_chip_175x_6x\inc" -O0 -g3 -Wall -c -fmessage-length=0 -fno-builtin -ffunction-sections -fdata-sections -fmerge-constants -fmacro-prefix-map="../src/"= -mcpu=cortex-m3 -mthumb -fstack-usage -specs=redlib.specs -MMD -MP -MF"src/pmu_17xx_40xx.d" -MT"src/pmu_17xx_40xx.o" -MT"src/pmu_17xx_40xx.d" -o "src/pmu_17xx_40xx.o" "../src/pmu_17xx_40xx.c"
 
arm-none-eabi-gcc -D__REDLIB__ -DDEBUG -D__CODE_RED -D__USE_LPCOPEN -DCORE_M3 -I"D:\UTN-FRA\FisicaElectronicaIII\zt5\lpc\LPCworkspace\lpc_chip_175x_6x\inc" -O0 -g3 -Wall -c -fmessage-length=0 -fno-builtin -ffunction-sections -fdata-sections -fmerge-constants -fmacro-prefix-map="../src/"= -mcpu=cortex-m3 -mthumb -fstack-usage -specs=redlib.specs -MMD -MP -MF"src/ring_buffer.d" -MT"src/ring_buffer.o" -MT"src/ring_buffer.d" -o "src/ring_buffer.o" "../src/ring_buffer.c"
 
Building file: ../src/ritimer_17xx_40xx.c
Finished building: ../src/i2c_17xx_40xx.c
Building file: ../src/rtc_17xx_40xx.c
Invoking: MCU C Compiler
arm-none-eabi-gcc -D__REDLIB__ -DDEBUG -D__CODE_RED -D__USE_LPCOPEN -DCORE_M3 -I"D:\UTN-FRA\FisicaElectronicaIII\zt5\lpc\LPCworkspace\lpc_chip_175x_6x\inc" -O0 -g3 -Wall -c -fmessage-length=0 -fno-builtin -ffunction-sections -fdata-sections -fmerge-constants -fmacro-prefix-map="../src/"= -mcpu=cortex-m3 -mthumb -fstack-usage -specs=redlib.specs -MMD -MP -MF"src/ritimer_17xx_40xx.d" -MT"src/ritimer_17xx_40xx.o" -MT"src/ritimer_17xx_40xx.d" -o "src/ritimer_17xx_40xx.o" "../src/ritimer_17xx_40xx.c"
 
Invoking: MCU C Compiler
arm-none-eabi-gcc -D__REDLIB__ -DDEBUG -D__CODE_RED -D__USE_LPCOPEN -DCORE_M3 -I"D:\UTN-FRA\FisicaElectronicaIII\zt5\lpc\LPCworkspace\lpc_chip_175x_6x\inc" -O0 -g3 -Wall -c -fmessage-length=0 -fno-builtin -ffunction-sections -fdata-sections -fmerge-constants -fmacro-prefix-map="../src/"= -mcpu=cortex-m3 -mthumb -fstack-usage -specs=redlib.specs -MMD -MP -MF"src/rtc_17xx_40xx.d" -MT"src/rtc_17xx_40xx.o" -MT"src/rtc_17xx_40xx.d" -o "src/rtc_17xx_40xx.o" "../src/rtc_17xx_40xx.c"
Building file: ../src/sdc_17xx_40xx.c
Invoking: MCU C Compiler
arm-none-eabi-gcc -D__REDLIB__ -DDEBUG -D__CODE_RED -D__USE_LPCOPEN -DCORE_M3 -I"D:\UTN-FRA\FisicaElectronicaIII\zt5\lpc\LPCworkspace\lpc_chip_175x_6x\inc" -O0 -g3 -Wall -c -fmessage-length=0 -fno-builtin -ffunction-sections -fdata-sections -fmerge-constants -fmacro-prefix-map="../src/"= -mcpu=cortex-m3 -mthumb -fstack-usage -specs=redlib.specs -MMD -MP -MF"src/sdc_17xx_40xx.d" -MT"src/sdc_17xx_40xx.o" -MT"src/sdc_17xx_40xx.d" -o "src/sdc_17xx_40xx.o" "../src/sdc_17xx_40xx.c"
Finished building: ../src/ring_buffer.c
Finished building: ../src/iocon_17xx_40xx.c
 
 
Building file: ../src/sdmmc_17xx_40xx.c
Finished building: ../src/pmu_17xx_40xx.c
Building file: ../src/spi_17xx_40xx.c
Invoking: MCU C Compiler
 
Invoking: MCU C Compiler
arm-none-eabi-gcc -D__REDLIB__ -DDEBUG -D__CODE_RED -D__USE_LPCOPEN -DCORE_M3 -I"D:\UTN-FRA\FisicaElectronicaIII\zt5\lpc\LPCworkspace\lpc_chip_175x_6x\inc" -O0 -g3 -Wall -c -fmessage-length=0 -fno-builtin -ffunction-sections -fdata-sections -fmerge-constants -fmacro-prefix-map="../src/"= -mcpu=cortex-m3 -mthumb -fstack-usage -specs=redlib.specs -MMD -MP -MF"src/sdmmc_17xx_40xx.d" -MT"src/sdmmc_17xx_40xx.o" -MT"src/sdmmc_17xx_40xx.d" -o "src/sdmmc_17xx_40xx.o" "../src/sdmmc_17xx_40xx.c"
Finished building: ../src/ritimer_17xx_40xx.c
arm-none-eabi-gcc -D__REDLIB__ -DDEBUG -D__CODE_RED -D__USE_LPCOPEN -DCORE_M3 -I"D:\UTN-FRA\FisicaElectronicaIII\zt5\lpc\LPCworkspace\lpc_chip_175x_6x\inc" -O0 -g3 -Wall -c -fmessage-length=0 -fno-builtin -ffunction-sections -fdata-sections -fmerge-constants -fmacro-prefix-map="../src/"= -mcpu=cortex-m3 -mthumb -fstack-usage -specs=redlib.specs -MMD -MP -MF"src/spi_17xx_40xx.d" -MT"src/spi_17xx_40xx.o" -MT"src/spi_17xx_40xx.d" -o "src/spi_17xx_40xx.o" "../src/spi_17xx_40xx.c"
Finished building: ../src/enet_17xx_40xx.c
Finished building: ../src/lcd_17xx_40xx.c
 
 
 
Building file: ../src/ssp_17xx_40xx.c
Building file: ../src/stopwatch_17xx_40xx.c
Building file: ../src/sysctl_17xx_40xx.c
Finished building: ../src/rtc_17xx_40xx.c
Invoking: MCU C Compiler
arm-none-eabi-gcc -D__REDLIB__ -DDEBUG -D__CODE_RED -D__USE_LPCOPEN -DCORE_M3 -I"D:\UTN-FRA\FisicaElectronicaIII\zt5\lpc\LPCworkspace\lpc_chip_175x_6x\inc" -O0 -g3 -Wall -c -fmessage-length=0 -fno-builtin -ffunction-sections -fdata-sections -fmerge-constants -fmacro-prefix-map="../src/"= -mcpu=cortex-m3 -mthumb -fstack-usage -specs=redlib.specs -MMD -MP -MF"src/ssp_17xx_40xx.d" -MT"src/ssp_17xx_40xx.o" -MT"src/ssp_17xx_40xx.d" -o "src/ssp_17xx_40xx.o" "../src/ssp_17xx_40xx.c"
Invoking: MCU C Compiler
Building file: ../src/sysinit_17xx_40xx.c
Invoking: MCU C Compiler
arm-none-eabi-gcc -D__REDLIB__ -DDEBUG -D__CODE_RED -D__USE_LPCOPEN -DCORE_M3 -I"D:\UTN-FRA\FisicaElectronicaIII\zt5\lpc\LPCworkspace\lpc_chip_175x_6x\inc" -O0 -g3 -Wall -c -fmessage-length=0 -fno-builtin -ffunction-sections -fdata-sections -fmerge-constants -fmacro-prefix-map="../src/"= -mcpu=cortex-m3 -mthumb -fstack-usage -specs=redlib.specs -MMD -MP -MF"src/stopwatch_17xx_40xx.d" -MT"src/stopwatch_17xx_40xx.o" -MT"src/stopwatch_17xx_40xx.d" -o "src/stopwatch_17xx_40xx.o" "../src/stopwatch_17xx_40xx.c"
 
arm-none-eabi-gcc -D__REDLIB__ -DDEBUG -D__CODE_RED -D__USE_LPCOPEN -DCORE_M3 -I"D:\UTN-FRA\FisicaElectronicaIII\zt5\lpc\LPCworkspace\lpc_chip_175x_6x\inc" -O0 -g3 -Wall -c -fmessage-length=0 -fno-builtin -ffunction-sections -fdata-sections -fmerge-constants -fmacro-prefix-map="../src/"= -mcpu=cortex-m3 -mthumb -fstack-usage -specs=redlib.specs -MMD -MP -MF"src/sysctl_17xx_40xx.d" -MT"src/sysctl_17xx_40xx.o" -MT"src/sysctl_17xx_40xx.d" -o "src/sysctl_17xx_40xx.o" "../src/sysctl_17xx_40xx.c"
Finished building: ../src/sdc_17xx_40xx.c
Invoking: MCU C Compiler
arm-none-eabi-gcc -D__REDLIB__ -DDEBUG -D__CODE_RED -D__USE_LPCOPEN -DCORE_M3 -I"D:\UTN-FRA\FisicaElectronicaIII\zt5\lpc\LPCworkspace\lpc_chip_175x_6x\inc" -O0 -g3 -Wall -c -fmessage-length=0 -fno-builtin -ffunction-sections -fdata-sections -fmerge-constants -fmacro-prefix-map="../src/"= -mcpu=cortex-m3 -mthumb -fstack-usage -specs=redlib.specs -MMD -MP -MF"src/sysinit_17xx_40xx.d" -MT"src/sysinit_17xx_40xx.o" -MT"src/sysinit_17xx_40xx.d" -o "src/sysinit_17xx_40xx.o" "../src/sysinit_17xx_40xx.c"
Building file: ../src/timer_17xx_40xx.c
 
Invoking: MCU C Compiler
Building file: ../src/uart_17xx_40xx.c
arm-none-eabi-gcc -D__REDLIB__ -DDEBUG -D__CODE_RED -D__USE_LPCOPEN -DCORE_M3 -I"D:\UTN-FRA\FisicaElectronicaIII\zt5\lpc\LPCworkspace\lpc_chip_175x_6x\inc" -O0 -g3 -Wall -c -fmessage-length=0 -fno-builtin -ffunction-sections -fdata-sections -fmerge-constants -fmacro-prefix-map="../src/"= -mcpu=cortex-m3 -mthumb -fstack-usage -specs=redlib.specs -MMD -MP -MF"src/timer_17xx_40xx.d" -MT"src/timer_17xx_40xx.o" -MT"src/timer_17xx_40xx.d" -o "src/timer_17xx_40xx.o" "../src/timer_17xx_40xx.c"
../src/spi_17xx_40xx.c: In function 'Chip_SPI_Int_FlushData':
../src/spi_17xx_40xx.c:138:20: warning: variable 'tmp' set but not used [-Wunused-but-set-variable]
  138 |  volatile uint32_t tmp;
      |                    ^~~
Invoking: MCU C Compiler
arm-none-eabi-gcc -D__REDLIB__ -DDEBUG -D__CODE_RED -D__USE_LPCOPEN -DCORE_M3 -I"D:\UTN-FRA\FisicaElectronicaIII\zt5\lpc\LPCworkspace\lpc_chip_175x_6x\inc" -O0 -g3 -Wall -c -fmessage-length=0 -fno-builtin -ffunction-sections -fdata-sections -fmerge-constants -fmacro-prefix-map="../src/"= -mcpu=cortex-m3 -mthumb -fstack-usage -specs=redlib.specs -MMD -MP -MF"src/uart_17xx_40xx.d" -MT"src/uart_17xx_40xx.o" -MT"src/uart_17xx_40xx.d" -o "src/uart_17xx_40xx.o" "../src/uart_17xx_40xx.c"
Finished building: ../src/sdmmc_17xx_40xx.c
 
Building file: ../src/wwdt_17xx_40xx.c
Invoking: MCU C Compiler
arm-none-eabi-gcc -D__REDLIB__ -DDEBUG -D__CODE_RED -D__USE_LPCOPEN -DCORE_M3 -I"D:\UTN-FRA\FisicaElectronicaIII\zt5\lpc\LPCworkspace\lpc_chip_175x_6x\inc" -O0 -g3 -Wall -c -fmessage-length=0 -fno-builtin -ffunction-sections -fdata-sections -fmerge-constants -fmacro-prefix-map="../src/"= -mcpu=cortex-m3 -mthumb -fstack-usage -specs=redlib.specs -MMD -MP -MF"src/wwdt_17xx_40xx.d" -MT"src/wwdt_17xx_40xx.o" -MT"src/wwdt_17xx_40xx.d" -o "src/wwdt_17xx_40xx.o" "../src/wwdt_17xx_40xx.c"
Finished building: ../src/sysinit_17xx_40xx.c
Finished building: ../src/sysctl_17xx_40xx.c
 
Finished building: ../src/ssp_17xx_40xx.c
 
 
Finished building: ../src/stopwatch_17xx_40xx.c
Finished building: ../src/timer_17xx_40xx.c
 
 
Finished building: ../src/spi_17xx_40xx.c
Finished building: ../src/uart_17xx_40xx.c
 
 
Finished building: ../src/wwdt_17xx_40xx.c
 
Building target: liblpc_chip_175x_6x.a
Invoking: MCU Archiver
arm-none-eabi-ar -r  "liblpc_chip_175x_6x.a"  ./src/adc_17xx_40xx.o ./src/can_17xx_40xx.o ./src/chip_17xx_40xx.o ./src/clock_17xx_40xx.o ./src/cmp_17xx_40xx.o ./src/crc_17xx_40xx.o ./src/dac_17xx_40xx.o ./src/eeprom_17xx_40xx.o ./src/emc_17xx_40xx.o ./src/enet_17xx_40xx.o ./src/gpdma_17xx_40xx.o ./src/gpio_17xx_40xx.o ./src/gpioint_17xx_40xx.o ./src/i2c_17xx_40xx.o ./src/i2s_17xx_40xx.o ./src/iap.o ./src/iocon_17xx_40xx.o ./src/lcd_17xx_40xx.o ./src/pmu_17xx_40xx.o ./src/ring_buffer.o ./src/ritimer_17xx_40xx.o ./src/rtc_17xx_40xx.o ./src/sdc_17xx_40xx.o ./src/sdmmc_17xx_40xx.o ./src/spi_17xx_40xx.o ./src/ssp_17xx_40xx.o ./src/stopwatch_17xx_40xx.o ./src/sysctl_17xx_40xx.o ./src/sysinit_17xx_40xx.o ./src/timer_17xx_40xx.o ./src/uart_17xx_40xx.o ./src/wwdt_17xx_40xx.o   
Finished building target: liblpc_chip_175x_6x.a
 
Performing post-build steps
arm-none-eabi-size "liblpc_chip_175x_6x.a" ; # arm-none-eabi-objdump -h -S "liblpc_chip_175x_6x.a" >"liblpc_chip_175x_6x.lss"
   text	   data	    bss	    dec	    hex	filename
    940	      0	      0	    940	    3ac	adc_17xx_40xx.o (ex liblpc_chip_175x_6x.a)
   8630	      0	      0	   8630	   21b6	can_17xx_40xx.o (ex liblpc_chip_175x_6x.a)
    172	      0	      4	    176	     b0	chip_17xx_40xx.o (ex liblpc_chip_175x_6x.a)
   1602	      0	      0	   1602	    642	clock_17xx_40xx.o (ex liblpc_chip_175x_6x.a)
      0	      0	      0	      0	      0	cmp_17xx_40xx.o (ex liblpc_chip_175x_6x.a)
      0	      0	      0	      0	      0	crc_17xx_40xx.o (ex liblpc_chip_175x_6x.a)
    140	      0	      0	    140	     8c	dac_17xx_40xx.o (ex liblpc_chip_175x_6x.a)
      0	      0	      0	      0	      0	eeprom_17xx_40xx.o (ex liblpc_chip_175x_6x.a)
      0	      0	      0	      0	      0	emc_17xx_40xx.o (ex liblpc_chip_175x_6x.a)
   1091	      0	      4	   1095	    447	enet_17xx_40xx.o (ex liblpc_chip_175x_6x.a)
   2248	     96	      8	   2352	    930	gpdma_17xx_40xx.o (ex liblpc_chip_175x_6x.a)
      0	      0	      0	      0	      0	gpio_17xx_40xx.o (ex liblpc_chip_175x_6x.a)
      0	      0	      0	      0	      0	gpioint_17xx_40xx.o (ex liblpc_chip_175x_6x.a)
   3699	     84	    120	   3903	    f3f	i2c_17xx_40xx.o (ex liblpc_chip_175x_6x.a)
   1724	      0	      0	   1724	    6bc	i2s_17xx_40xx.o (ex liblpc_chip_175x_6x.a)
    552	      0	      0	    552	    228	iap.o (ex liblpc_chip_175x_6x.a)
    302	      0	      0	    302	    12e	iocon_17xx_40xx.o (ex liblpc_chip_175x_6x.a)
      0	      0	      0	      0	      0	lcd_17xx_40xx.o (ex liblpc_chip_175x_6x.a)
    280	      0	      0	    280	    118	pmu_17xx_40xx.o (ex liblpc_chip_175x_6x.a)
    962	      0	      0	    962	    3c2	ring_buffer.o (ex liblpc_chip_175x_6x.a)
    238	      0	      0	    238	     ee	ritimer_17xx_40xx.o (ex liblpc_chip_175x_6x.a)
    746	      0	      0	    746	    2ea	rtc_17xx_40xx.o (ex liblpc_chip_175x_6x.a)
      0	      0	      0	      0	      0	sdc_17xx_40xx.o (ex liblpc_chip_175x_6x.a)
      0	      0	      0	      0	      0	sdmmc_17xx_40xx.o (ex liblpc_chip_175x_6x.a)
   1036	      0	      0	   1036	    40c	spi_17xx_40xx.o (ex liblpc_chip_175x_6x.a)
   2270	      0	      0	   2270	    8de	ssp_17xx_40xx.o (ex liblpc_chip_175x_6x.a)
    362	      0	     12	    374	    176	stopwatch_17xx_40xx.o (ex liblpc_chip_175x_6x.a)
     44	      0	      0	     44	     2c	sysctl_17xx_40xx.o (ex liblpc_chip_175x_6x.a)
    470	      0	      0	    470	    1d6	sysinit_17xx_40xx.o (ex liblpc_chip_175x_6x.a)
    310	      0	      0	    310	    136	timer_17xx_40xx.o (ex liblpc_chip_175x_6x.a)
   2326	      0	      1	   2327	    917	uart_17xx_40xx.o (ex liblpc_chip_175x_6x.a)
     94	      0	      0	     94	     5e	wwdt_17xx_40xx.o (ex liblpc_chip_175x_6x.a)
 
20:22:25 **** Incremental Build of configuration Debug for project medidor_impedancia ****
make -r -j8 all 
Building file: ../medidor_impedancia/src/cr_startup_lpc175x_6x.c
Building file: ../medidor_impedancia/src/main.c
Building file: ../medidor_impedancia/src/sysinit.c
Invoking: MCU C Compiler
Invoking: MCU C Compiler
arm-none-eabi-gcc -D__REDLIB__ -DDEBUG -D__CODE_RED -D__USE_LPCOPEN -DCORE_M3 -I"D:\UTN-FRA\FisicaElectronicaIII\zt5\lpc\LPCworkspace\lpc_chip_175x_6x\inc" -I"D:\UTN-FRA\FisicaElectronicaIII\zt5\lpc\LPCworkspace\lpc_board_nxp_lpcxpresso_1769\inc" -I"D:\UTN-FRA\FisicaElectronicaIII\zt5\lpc\LPCworkspace\medidor_impedancia\freertos\inc" -I"D:\UTN-FRA\FisicaElectronicaIII\zt5\lpc\LPCworkspace\medidor_impedancia\medidor_impedancia\inc" -O0 -g3 -Wall -c -fmessage-length=0 -fno-builtin -ffunction-sections -fdata-sections -fmerge-constants -fmacro-prefix-map="../medidor_impedancia/src/"= -mcpu=cortex-m3 -mthumb -fstack-usage -specs=redlib.specs -MMD -MP -MF"medidor_impedancia/src/cr_startup_lpc175x_6x.d" -MT"medidor_impedancia/src/cr_startup_lpc175x_6x.o" -MT"medidor_impedancia/src/cr_startup_lpc175x_6x.d" -o "medidor_impedancia/src/cr_startup_lpc175x_6x.o" "../medidor_impedancia/src/cr_startup_lpc175x_6x.c"
Invoking: MCU C Compiler
arm-none-eabi-gcc -D__REDLIB__ -DDEBUG -D__CODE_RED -D__USE_LPCOPEN -DCORE_M3 -I"D:\UTN-FRA\FisicaElectronicaIII\zt5\lpc\LPCworkspace\lpc_chip_175x_6x\inc" -I"D:\UTN-FRA\FisicaElectronicaIII\zt5\lpc\LPCworkspace\lpc_board_nxp_lpcxpresso_1769\inc" -I"D:\UTN-FRA\FisicaElectronicaIII\zt5\lpc\LPCworkspace\medidor_impedancia\freertos\inc" -I"D:\UTN-FRA\FisicaElectronicaIII\zt5\lpc\LPCworkspace\medidor_impedancia\medidor_impedancia\inc" -O0 -g3 -Wall -c -fmessage-length=0 -fno-builtin -ffunction-sections -fdata-sections -fmerge-constants -fmacro-prefix-map="../medidor_impedancia/src/"= -mcpu=cortex-m3 -mthumb -fstack-usage -specs=redlib.specs -MMD -MP -MF"medidor_impedancia/src/main.d" -MT"medidor_impedancia/src/main.o" -MT"medidor_impedancia/src/main.d" -o "medidor_impedancia/src/main.o" "../medidor_impedancia/src/main.c"
Building file: ../freertos/src/FreeRTOSCommonHooks.c
arm-none-eabi-gcc -D__REDLIB__ -DDEBUG -D__CODE_RED -D__USE_LPCOPEN -DCORE_M3 -I"D:\UTN-FRA\FisicaElectronicaIII\zt5\lpc\LPCworkspace\lpc_chip_175x_6x\inc" -I"D:\UTN-FRA\FisicaElectronicaIII\zt5\lpc\LPCworkspace\lpc_board_nxp_lpcxpresso_1769\inc" -I"D:\UTN-FRA\FisicaElectronicaIII\zt5\lpc\LPCworkspace\medidor_impedancia\freertos\inc" -I"D:\UTN-FRA\FisicaElectronicaIII\zt5\lpc\LPCworkspace\medidor_impedancia\medidor_impedancia\inc" -O0 -g3 -Wall -c -fmessage-length=0 -fno-builtin -ffunction-sections -fdata-sections -fmerge-constants -fmacro-prefix-map="../medidor_impedancia/src/"= -mcpu=cortex-m3 -mthumb -fstack-usage -specs=redlib.specs -MMD -MP -MF"medidor_impedancia/src/sysinit.d" -MT"medidor_impedancia/src/sysinit.o" -MT"medidor_impedancia/src/sysinit.d" -o "medidor_impedancia/src/sysinit.o" "../medidor_impedancia/src/sysinit.c"
Invoking: MCU C Compiler
arm-none-eabi-gcc -D__REDLIB__ -DDEBUG -D__CODE_RED -D__USE_LPCOPEN -DCORE_M3 -I"D:\UTN-FRA\FisicaElectronicaIII\zt5\lpc\LPCworkspace\lpc_chip_175x_6x\inc" -I"D:\UTN-FRA\FisicaElectronicaIII\zt5\lpc\LPCworkspace\lpc_board_nxp_lpcxpresso_1769\inc" -I"D:\UTN-FRA\FisicaElectronicaIII\zt5\lpc\LPCworkspace\medidor_impedancia\freertos\inc" -I"D:\UTN-FRA\FisicaElectronicaIII\zt5\lpc\LPCworkspace\medidor_impedancia\medidor_impedancia\inc" -O0 -g3 -Wall -c -fmessage-length=0 -fno-builtin -ffunction-sections -fdata-sections -fmerge-constants -fmacro-prefix-map="../freertos/src/"= -mcpu=cortex-m3 -mthumb -fstack-usage -specs=redlib.specs -MMD -MP -MF"freertos/src/FreeRTOSCommonHooks.d" -MT"freertos/src/FreeRTOSCommonHooks.o" -MT"freertos/src/FreeRTOSCommonHooks.d" -o "freertos/src/FreeRTOSCommonHooks.o" "../freertos/src/FreeRTOSCommonHooks.c"
Building file: ../freertos/src/heap_3.c
Building file: ../freertos/src/list.c
Building file: ../freertos/src/port.c
Invoking: MCU C Compiler
Building file: ../freertos/src/queue.c
Invoking: MCU C Compiler
Invoking: MCU C Compiler
Invoking: MCU C Compiler
arm-none-eabi-gcc -D__REDLIB__ -DDEBUG -D__CODE_RED -D__USE_LPCOPEN -DCORE_M3 -I"D:\UTN-FRA\FisicaElectronicaIII\zt5\lpc\LPCworkspace\lpc_chip_175x_6x\inc" -I"D:\UTN-FRA\FisicaElectronicaIII\zt5\lpc\LPCworkspace\lpc_board_nxp_lpcxpresso_1769\inc" -I"D:\UTN-FRA\FisicaElectronicaIII\zt5\lpc\LPCworkspace\medidor_impedancia\freertos\inc" -I"D:\UTN-FRA\FisicaElectronicaIII\zt5\lpc\LPCworkspace\medidor_impedancia\medidor_impedancia\inc" -O0 -g3 -Wall -c -fmessage-length=0 -fno-builtin -ffunction-sections -fdata-sections -fmerge-constants -fmacro-prefix-map="../freertos/src/"= -mcpu=cortex-m3 -mthumb -fstack-usage -specs=redlib.specs -MMD -MP -MF"freertos/src/list.d" -MT"freertos/src/list.o" -MT"freertos/src/list.d" -o "freertos/src/list.o" "../freertos/src/list.c"
arm-none-eabi-gcc -D__REDLIB__ -DDEBUG -D__CODE_RED -D__USE_LPCOPEN -DCORE_M3 -I"D:\UTN-FRA\FisicaElectronicaIII\zt5\lpc\LPCworkspace\lpc_chip_175x_6x\inc" -I"D:\UTN-FRA\FisicaElectronicaIII\zt5\lpc\LPCworkspace\lpc_board_nxp_lpcxpresso_1769\inc" -I"D:\UTN-FRA\FisicaElectronicaIII\zt5\lpc\LPCworkspace\medidor_impedancia\freertos\inc" -I"D:\UTN-FRA\FisicaElectronicaIII\zt5\lpc\LPCworkspace\medidor_impedancia\medidor_impedancia\inc" -O0 -g3 -Wall -c -fmessage-length=0 -fno-builtin -ffunction-sections -fdata-sections -fmerge-constants -fmacro-prefix-map="../freertos/src/"= -mcpu=cortex-m3 -mthumb -fstack-usage -specs=redlib.specs -MMD -MP -MF"freertos/src/heap_3.d" -MT"freertos/src/heap_3.o" -MT"freertos/src/heap_3.d" -o "freertos/src/heap_3.o" "../freertos/src/heap_3.c"
arm-none-eabi-gcc -D__REDLIB__ -DDEBUG -D__CODE_RED -D__USE_LPCOPEN -DCORE_M3 -I"D:\UTN-FRA\FisicaElectronicaIII\zt5\lpc\LPCworkspace\lpc_chip_175x_6x\inc" -I"D:\UTN-FRA\FisicaElectronicaIII\zt5\lpc\LPCworkspace\lpc_board_nxp_lpcxpresso_1769\inc" -I"D:\UTN-FRA\FisicaElectronicaIII\zt5\lpc\LPCworkspace\medidor_impedancia\freertos\inc" -I"D:\UTN-FRA\FisicaElectronicaIII\zt5\lpc\LPCworkspace\medidor_impedancia\medidor_impedancia\inc" -O0 -g3 -Wall -c -fmessage-length=0 -fno-builtin -ffunction-sections -fdata-sections -fmerge-constants -fmacro-prefix-map="../freertos/src/"= -mcpu=cortex-m3 -mthumb -fstack-usage -specs=redlib.specs -MMD -MP -MF"freertos/src/port.d" -MT"freertos/src/port.o" -MT"freertos/src/port.d" -o "freertos/src/port.o" "../freertos/src/port.c"
arm-none-eabi-gcc -D__REDLIB__ -DDEBUG -D__CODE_RED -D__USE_LPCOPEN -DCORE_M3 -I"D:\UTN-FRA\FisicaElectronicaIII\zt5\lpc\LPCworkspace\lpc_chip_175x_6x\inc" -I"D:\UTN-FRA\FisicaElectronicaIII\zt5\lpc\LPCworkspace\lpc_board_nxp_lpcxpresso_1769\inc" -I"D:\UTN-FRA\FisicaElectronicaIII\zt5\lpc\LPCworkspace\medidor_impedancia\freertos\inc" -I"D:\UTN-FRA\FisicaElectronicaIII\zt5\lpc\LPCworkspace\medidor_impedancia\medidor_impedancia\inc" -O0 -g3 -Wall -c -fmessage-length=0 -fno-builtin -ffunction-sections -fdata-sections -fmerge-constants -fmacro-prefix-map="../freertos/src/"= -mcpu=cortex-m3 -mthumb -fstack-usage -specs=redlib.specs -MMD -MP -MF"freertos/src/queue.d" -MT"freertos/src/queue.o" -MT"freertos/src/queue.d" -o "freertos/src/queue.o" "../freertos/src/queue.c"
Finished building: ../medidor_impedancia/src/sysinit.c
 
Building file: ../freertos/src/tasks.c
Invoking: MCU C Compiler
Finished building: ../medidor_impedancia/src/main.c
arm-none-eabi-gcc -D__REDLIB__ -DDEBUG -D__CODE_RED -D__USE_LPCOPEN -DCORE_M3 -I"D:\UTN-FRA\FisicaElectronicaIII\zt5\lpc\LPCworkspace\lpc_chip_175x_6x\inc" -I"D:\UTN-FRA\FisicaElectronicaIII\zt5\lpc\LPCworkspace\lpc_board_nxp_lpcxpresso_1769\inc" -I"D:\UTN-FRA\FisicaElectronicaIII\zt5\lpc\LPCworkspace\medidor_impedancia\freertos\inc" -I"D:\UTN-FRA\FisicaElectronicaIII\zt5\lpc\LPCworkspace\medidor_impedancia\medidor_impedancia\inc" -O0 -g3 -Wall -c -fmessage-length=0 -fno-builtin -ffunction-sections -fdata-sections -fmerge-constants -fmacro-prefix-map="../freertos/src/"= -mcpu=cortex-m3 -mthumb -fstack-usage -specs=redlib.specs -MMD -MP -MF"freertos/src/tasks.d" -MT"freertos/src/tasks.o" -MT"freertos/src/tasks.d" -o "freertos/src/tasks.o" "../freertos/src/tasks.c"
Finished building: ../freertos/src/FreeRTOSCommonHooks.c
Finished building: ../freertos/src/list.c
 
 
 
Finished building: ../freertos/src/heap_3.c
 
Finished building: ../freertos/src/port.c
 
Finished building: ../freertos/src/queue.c
 
Finished building: ../medidor_impedancia/src/cr_startup_lpc175x_6x.c
 
Finished building: ../freertos/src/tasks.c
 
Building target: medidor_impedancia.axf
Invoking: MCU Linker
arm-none-eabi-gcc -nostdlib -L"D:\UTN-FRA\FisicaElectronicaIII\zt5\lpc\LPCworkspace\lpc_chip_175x_6x\Debug" -L"D:\UTN-FRA\FisicaElectronicaIII\zt5\lpc\LPCworkspace\lpc_board_nxp_lpcxpresso_1769\Debug" -Xlinker -Map="medidor_impedancia.map" -Xlinker --gc-sections -mcpu=cortex-m3 -mthumb -T "freertos_blinky_Debug.ld" -o "medidor_impedancia.axf"  ./medidor_impedancia/src/cr_startup_lpc175x_6x.o ./medidor_impedancia/src/main.o ./medidor_impedancia/src/sysinit.o  ./freertos/src/FreeRTOSCommonHooks.o ./freertos/src/heap_3.o ./freertos/src/list.o ./freertos/src/port.o ./freertos/src/queue.o ./freertos/src/tasks.o   -llpc_board_nxp_lpcxpresso_1769 -llpc_chip_175x_6x
Finished building target: medidor_impedancia.axf
 
Performing post-build steps
arm-none-eabi-size "medidor_impedancia.axf"; # arm-none-eabi-objcopy -v -O binary "medidor_impedancia.axf" "medidor_impedancia.bin" ; # checksum -p LPC1769 -d "medidor_impedancia.bin";
   text	   data	    bss	    dec	    hex	filename
  17480	      8	    820	  18308	   4784	medidor_impedancia.axf
 
20:22:26 **** Incremental Build of configuration Debug for project medidor_impedancia ****
make -r -j8 all 
make[1]: Nothing to be done for 'main-build'.
Performing post-build steps
arm-none-eabi-size "medidor_impedancia.axf"; # arm-none-eabi-objcopy -v -O binary "medidor_impedancia.axf" "medidor_impedancia.bin" ; # checksum -p LPC1769 -d "medidor_impedancia.bin";
   text	   data	    bss	    dec	    hex	filename
  17480	      8	    820	  18308	   4784	medidor_impedancia.axf
 
