20:22:22 **** Incremental Build of configuration Debug for project lpc_chip_175x_6x ****
make -r -j8 all 
Building file: ../src/adc_17xx_40xx.c
Building file: ../src/can_17xx_40xx.c
Building file: ../src/chip_17xx_40xx.c
Invoking: MCU C Compiler
Invoking: MCU C Compiler
arm-none-eabi-gcc -D__REDLIB__ -DDEBUG -D__CODE_RED -D__USE_LPCOPEN -DCORE_M3 -I"D:\UTN-FRA\FisicaElectronicaIII\zt5\lpc\LPCworkspace\lpc_chip_175x_6x\inc" -O0 -g3 -Wall -c -fmessage-length=0 -fno-builtin -ffunction-sections -fdata-sections -fmerge-constants -fmacro-prefix-map="../src/"= -mcpu=cortex-m3 -mthumb -fstack-usage -specs=redlib.specs -MMD -MP -MF"src/adc_17xx_40xx.d" -MT"src/adc_17xx_40xx.o" -MT"src/adc_17xx_40xx.d" -o "src/adc_17xx_40xx.o" "../src/adc_17xx_40xx.c"
Building file: ../src/clock_17xx_40xx.c
arm-none-eabi-gcc -D__REDLIB__ -DDEBUG -D__CODE_RED -D__USE_LPCOPEN -DCORE_M3 -I"D:\UTN-FRA\FisicaElectronicaIII\zt5\lpc\LPCworkspace\lpc_chip_175x_6x\inc" -O0 -g3 -Wall -c -fmessage-length=0 -fno-builtin -ffunction-sections -fdata-sections -fmerge-constants -fmacro-prefix-map="../src/"= -mcpu=cortex-m3 -mthumb -fstack-usage -specs=redlib.specs -MMD -MP -MF"src/can_17xx_40xx.d" -MT"src/can_17xx_40xx.o" -MT"src/can_17xx_40xx.d" -o "src/can_17xx_40xx.o" "../src/can_17xx_40xx.c"
Invoking: MCU C Compiler
arm-none-eabi-gcc -D__REDLIB__ -DDEBUG -D__CODE_RED -D__USE_LPCOPEN -DCORE_M3 -I"D:\UTN-FRA\FisicaElectronicaIII\zt5\lpc\LPCworkspace\lpc_chip_175x_6x\inc" -O0 -g3 -Wall -c -fmessage-length=0 -fno-builtin -ffunction-sections -fdata-sections -fmerge-constants -fmacro-prefix-map="../src/"= -mcpu=cortex-m3 -mthumb -fstack-usage -specs=redlib.specs -MMD -MP -MF"src/chip_17xx_40xx.d" -MT"src/chip_17xx_40xx.o" -MT"src/chip_17xx_40xx.d" -o "src/chip_17xx_40xx.o" "../src/chip_17xx_40xx.c"
Invoking: MCU C Compiler
arm-none-eabi-gcc -D__REDLIB__ -DDEBUG -D__CODE_RED -D__USE_LPCOPEN -DCORE_M3 -I"D:\UTN-FRA\FisicaElectronicaIII\zt5\lpc\LPCworkspace\lpc_chip_175x_6x\inc" -O0 -g3 -Wall -c -fmessage-length=0 -fno-builtin -ffunction-sections -fdata-sections -fmerge-constants -fmacro-prefix-map="../src/"= -mcpu=cortex-m3 -mthumb -fstack-usage -specs=redlib.specs -MMD -MP -MF"src/clock_17xx_40xx.d" -MT"src/clock_17xx_40xx.o" -MT"src/clock_17xx_40xx.d" -o "src/clock_17xx_40xx.o" "../src/clock_17xx_40xx.c"
Building file: ../src/cmp_17xx_40xx.c
Building file: ../src/crc_17xx_40xx.c
Invoking: MCU C Compiler
arm-none-eabi-gcc -D__REDLIB__ -DDEBUG -D__CODE_RED -D__USE_LPCOPEN -DCORE_M3 -I"D:\UTN-FRA\FisicaElectronicaIII\zt5\lpc\LPCworkspace\lpc_chip_175x_6x\inc" -O0 -g3 -Wall -c -fmessage-length=0 -fno-builtin -ffunction-sections -fdata-sections -fmerge-constants -fmacro-prefix-map="../src/"= -mcpu=cortex-m3 -mthumb -fstack-usage -specs=redlib.specs -MMD -MP -MF"src/cmp_17xx_40xx.d" -MT"src/cmp_17xx_40xx.o" -MT"src/cmp_17xx_40xx.d" -o "src/cmp_17xx_40xx.o" "../src/cmp_17xx_40xx.c"
Building file: ../src/dac_17xx_40xx.c
Building file: ../src/eeprom_17xx_40xx.c
Invoking: MCU C Compiler
Invoking: MCU C Compiler
arm-none-eabi-gcc -D__REDLIB__ -DDEBUG -D__CODE_RED -D__USE_LPCOPEN -DCORE_M3 -I"D:\UTN-FRA\FisicaElectronicaIII\zt5\lpc\LPCworkspace\lpc_chip_175x_6x\inc" -O0 -g3 -Wall -c -fmessage-length=0 -fno-builtin -ffunction-sections -fdata-sections -fmerge-constants -fmacro-prefix-map="../src/"= -mcpu=cortex-m3 -mthumb -fstack-usage -specs=redlib.specs -MMD -MP -MF"src/dac_17xx_40xx.d" -MT"src/dac_17xx_40xx.o" -MT"src/dac_17xx_40xx.d" -o "src/dac_17xx_40xx.o" "../src/dac_17xx_40xx.c"
arm-none-eabi-gcc -D__REDLIB__ -DDEBUG -D__CODE_RED -D__USE_LPCOPEN -DCORE_M3 -I"D:\UTN-FRA\FisicaElectronicaIII\zt5\lpc\LPCworkspace\lpc_chip_175x_6x\inc" -O0 -g3 -Wall -c -fmessage-length=0 -fno-builtin -ffunction-sections -fdata-sections -fmerge-constants -fmacro-prefix-map="../src/"= -mcpu=cortex-m3 -mthumb -fstack-usage -specs=redlib.specs -MMD -MP -MF"src/crc_17xx_40xx.d" -MT"src/crc_17xx_40xx.o" -MT"src/crc_17xx_40xx.d" -o "src/crc_17xx_40xx.o" "../src/crc_17xx_40xx.c"
Invoking: MCU C Compiler
arm-none-eabi-gcc -D__REDLIB__ -DDEBUG -D__CODE_RED -D__USE_LPCOPEN -DCORE_M3 -I"D:\UTN-FRA\FisicaElectronicaIII\zt5\lpc\LPCworkspace\lpc_chip_175x_6x\inc" -O0 -g3 -Wall -c -fmessage-length=0 -fno-builtin -ffunction-sections -fdata-sections -fmerge-constants -fmacro-prefix-map="../src/"= -mcpu=cortex-m3 -mthumb -fstack-usage -specs=redlib.specs -MMD -MP -MF"src/eeprom_17xx_40xx.d" -MT"src/eeprom_17xx_40xx.o" -MT"src/eeprom_17xx_40xx.d" -o "src/eeprom_17xx_40xx.o" "../src/eeprom_17xx_40xx.c"
../src/can_17xx_40xx.c: In function 'Chip_CAN_Init':
../src/can_17xx_40xx.c:751:20: warning: variable 'i' set but not used [-Wunused-but-set-variable]
  751 |  volatile uint32_t i;
      |                    ^
../src/clock_17xx_40xx.c: In function 'Chip_Clock_GetSYSCLKRate':
../src/clock_17xx_40xx.c:320:2: warning: enumeration value 'SYSCTL_PLLCLKSRC_RESERVED2' not handled in switch [-Wswitch]
  320 |  switch (Chip_Clock_GetMainPLLSource()) {
      |  ^~~~~~
Finished building: ../src/crc_17xx_40xx.c
 
Finished building: ../src/cmp_17xx_40xx.c
Building file: ../src/emc_17xx_40xx.c
Finished building: ../src/dac_17xx_40xx.c
Finished building: ../src/adc_17xx_40xx.c
Finished building: ../src/eeprom_17xx_40xx.c
 
Invoking: MCU C Compiler
 
 
Building file: ../src/enet_17xx_40xx.c
Finished building: ../src/chip_17xx_40xx.c
arm-none-eabi-gcc -D__REDLIB__ -DDEBUG -D__CODE_RED -D__USE_LPCOPEN -DCORE_M3 -I"D:\UTN-FRA\FisicaElectronicaIII\zt5\lpc\LPCworkspace\lpc_chip_175x_6x\inc" -O0 -g3 -Wall -c -fmessage-length=0 -fno-builtin -ffunction-sections -fdata-sections -fmerge-constants -fmacro-prefix-map="../src/"= -mcpu=cortex-m3 -mthumb -fstack-usage -specs=redlib.specs -MMD -MP -MF"src/emc_17xx_40xx.d" -MT"src/emc_17xx_40xx.o" -MT"src/emc_17xx_40xx.d" -o "src/emc_17xx_40xx.o" "../src/emc_17xx_40xx.c"
 
Finished building: ../src/can_17xx_40xx.c
Invoking: MCU C Compiler
 
 
arm-none-eabi-gcc -D__REDLIB__ -DDEBUG -D__CODE_RED -D__USE_LPCOPEN -DCORE_M3 -I"D:\UTN-FRA\FisicaElectronicaIII\zt5\lpc\LPCworkspace\lpc_chip_175x_6x\inc" -O0 -g3 -Wall -c -fmessage-length=0 -fno-builtin -ffunction-sections -fdata-sections -fmerge-constants -fmacro-prefix-map="../src/"= -mcpu=cortex-m3 -mthumb -fstack-usage -specs=redlib.specs -MMD -MP -MF"src/enet_17xx_40xx.d" -MT"src/enet_17xx_40xx.o" -MT"src/enet_17xx_40xx.d" -o "src/enet_17xx_40xx.o" "../src/enet_17xx_40xx.c"
Finished building: ../src/clock_17xx_40xx.c
Building file: ../src/gpdma_17xx_40xx.c
 
Building file: ../src/gpio_17xx_40xx.c
Invoking: MCU C Compiler
Building file: ../src/gpioint_17xx_40xx.c
arm-none-eabi-gcc -D__REDLIB__ -DDEBUG -D__CODE_RED -D__USE_LPCOPEN -DCORE_M3 -I"D:\UTN-FRA\FisicaElectronicaIII\zt5\lpc\LPCworkspace\lpc_chip_175x_6x\inc" -O0 -g3 -Wall -c -fmessage-length=0 -fno-builtin -ffunction-sections -fdata-sections -fmerge-constants -fmacro-prefix-map="../src/"= -mcpu=cortex-m3 -mthumb -fstack-usage -specs=redlib.specs -MMD -MP -MF"src/gpdma_17xx_40xx.d" -MT"src/gpdma_17xx_40xx.o" -MT"src/gpdma_17xx_40xx.d" -o "src/gpdma_17xx_40xx.o" "../src/gpdma_17xx_40xx.c"
Building file: ../src/i2c_17xx_40xx.c
Invoking: MCU C Compiler
arm-none-eabi-gcc -D__REDLIB__ -DDEBUG -D__CODE_RED -D__USE_LPCOPEN -DCORE_M3 -I"D:\UTN-FRA\FisicaElectronicaIII\zt5\lpc\LPCworkspace\lpc_chip_175x_6x\inc" -O0 -g3 -Wall -c -fmessage-length=0 -fno-builtin -ffunction-sections -fdata-sections -fmerge-constants -fmacro-prefix-map="../src/"= -mcpu=cortex-m3 -mthumb -fstack-usage -specs=redlib.specs -MMD -MP -MF"src/gpio_17xx_40xx.d" -MT"src/gpio_17xx_40xx.o" -MT"src/gpio_17xx_40xx.d" -o "src/gpio_17xx_40xx.o" "../src/gpio_17xx_40xx.c"
Invoking: MCU C Compiler
Invoking: MCU C Compiler
arm-none-eabi-gcc -D__REDLIB__ -DDEBUG -D__CODE_RED -D__USE_LPCOPEN -DCORE_M3 -I"D:\UTN-FRA\FisicaElectronicaIII\zt5\lpc\LPCworkspace\lpc_chip_175x_6x\inc" -O0 -g3 -Wall -c -fmessage-length=0 -fno-builtin -ffunction-sections -fdata-sections -fmerge-constants -fmacro-prefix-map="../src/"= -mcpu=cortex-m3 -mthumb -fstack-usage -specs=redlib.specs -MMD -MP -MF"src/gpioint_17xx_40xx.d" -MT"src/gpioint_17xx_40xx.o" -MT"src/gpioint_17xx_40xx.d" -o "src/gpioint_17xx_40xx.o" "../src/gpioint_17xx_40xx.c"
arm-none-eabi-gcc -D__REDLIB__ -DDEBUG -D__CODE_RED -D__USE_LPCOPEN -DCORE_M3 -I"D:\UTN-FRA\FisicaElectronicaIII\zt5\lpc\LPCworkspace\lpc_chip_175x_6x\inc" -O0 -g3 -Wall -c -fmessage-length=0 -fno-builtin -ffunction-sections -fdata-sections -fmerge-constants -fmacro-prefix-map="../src/"= -mcpu=cortex-m3 -mthumb -fstack-usage -specs=redlib.specs -MMD -MP -MF"src/i2c_17xx_40xx.d" -MT"src/i2c_17xx_40xx.o" -MT"src/i2c_17xx_40xx.d" -o "src/i2c_17xx_40xx.o" "../src/i2c_17xx_40xx.c"
Building file: ../src/i2s_17xx_40xx.c
Invoking: MCU C Compiler
arm-none-eabi-gcc -D__REDLIB__ -DDEBUG -D__CODE_RED -D__USE_LPCOPEN -DCORE_M3 -I"D:\UTN-FRA\FisicaElectronicaIII\zt5\lpc\LPCworkspace\lpc_chip_175x_6x\inc" -O0 -g3 -Wall -c -fmessage-length=0 -fno-builtin -ffunction-sections -fdata-sections -fmerge-constants -fmacro-prefix-map="../src/"= -mcpu=cortex-m3 -mthumb -fstack-usage -specs=redlib.specs -MMD -MP -MF"src/i2s_17xx_40xx.d" -MT"src/i2s_17xx_40xx.o" -MT"src/i2s_17xx_40xx.d" -o "src/i2s_17xx_40xx.o" "../src/i2s_17xx_40xx.c"
Building file: ../src/iap.c
Invoking: MCU C Compiler
arm-none-eabi-gcc -D__REDLIB__ -DDEBUG -D__CODE_RED -D__USE_LPCOPEN -DCORE_M3 -I"D:\UTN-FRA\FisicaElectronicaIII\zt5\lpc\LPCworkspace\lpc_chip_175x_6x\inc" -O0 -g3 -Wall -c -fmessage-length=0 -fno-builtin -ffunction-sections -fdata-sections -fmerge-constants -fmacro-prefix-map="../src/"= -mcpu=cortex-m3 -mthumb -fstack-usage -specs=redlib.specs -MMD -MP -MF"src/iap.d" -MT"src/iap.o" -MT"src/iap.d" -o "src/iap.o" "../src/iap.c"
Finished building: ../src/emc_17xx_40xx.c
Finished building: ../src/gpdma_17xx_40xx.c
Finished building: ../src/gpio_17xx_40xx.c
Finished building: ../src/gpioint_17xx_40xx.c
 
 
 
 
Building file: ../src/iocon_17xx_40xx.c
Building file: ../src/lcd_17xx_40xx.c
Building file: ../src/pmu_17xx_40xx.c
Building file: ../src/ring_buffer.c
Finished building: ../src/iap.c
Invoking: MCU C Compiler
Invoking: MCU C Compiler
Invoking: MCU C Compiler
arm-none-eabi-gcc -D__REDLIB__ -DDEBUG -D__CODE_RED -D__USE_LPCOPEN -DCORE_M3 -I"D:\UTN-FRA\FisicaElectronicaIII\zt5\lpc\LPCworkspace\lpc_chip_175x_6x\inc" -O0 -g3 -Wall -c -fmessage-length=0 -fno-builtin -ffunction-sections -fdata-sections -fmerge-constants -fmacro-prefix-map="../src/"= -mcpu=cortex-m3 -mthumb -fstack-usage -specs=redlib.specs -MMD -MP -MF"src/iocon_17xx_40xx.d" -MT"src/iocon_17xx_40xx.o" -MT"src/iocon_17xx_40xx.d" -o "src/iocon_17xx_40xx.o" "../src/iocon_17xx_40xx.c"
Invoking: MCU C Compiler
arm-none-eabi-gcc -D__REDLIB__ -DDEBUG -D__CODE_RED -D__USE_LPCOPEN -DCORE_M3 -I"D:\UTN-FRA\FisicaElectronicaIII\zt5\lpc\LPCworkspace\lpc_chip_175x_6x\inc" -O0 -g3 -Wall -c -fmessage-length=0 -fno-builtin -ffunction-sections -fdata-sections -fmerge-constants -fmacro-prefix-map="../src/"= -mcpu=cortex-m3 -mthumb -fstack-usage -specs=redlib.specs -MMD -MP -MF"src/lcd_17xx_40xx.d" -MT"src/lcd_17xx_40xx.o" -MT"src/lcd_17xx_40xx.d" -o "src/lcd_17xx_40xx.o" "../src/lcd_17xx_40xx.c"
Finished building: ../src/i2s_17xx_40xx.c
arm-none-eabi-gcc -D__REDLIB__ -DDEBUG -D__CODE_RED -D__USE_LPCOPEN -DCORE_M3 -I"D:\UTN-FRA\FisicaElectronicaIII\zt5\lpc\LPCworkspace\lpc_chip_175x_6x\inc" -O0 -g3 -Wall -c -fmessage-length=0 -fno-builtin -ffunction-sections -fdata-sections -fmerge-constants -fmacro-prefix-map="../src/"= -mcpu=cortex-m3 -mthumb -fstack-usage -specs=redlib.specs -MMD -MP -MF"src/pmu_17xx_40xx.d" -MT"src/pmu_17xx_40xx.o" -MT"src/pmu_17xx_40xx.d" -o "src/pmu_17xx_40xx.o" "../src/pmu_17xx_40xx.c"
 
arm-none-eabi-gcc -D__REDLIB__ -DDEBUG -D__CODE_RED -D__USE_LPCOPEN -DCORE_M3 -I"D:\UTN-FRA\FisicaElectronicaIII\zt5\lpc\LPCworkspace\lpc_chip_175x_6x\inc" -O0 -g3 -Wall -c -fmessage-length=0 -fno-builtin -ffunction-sections -fdata-sections -fmerge-constants -fmacro-prefix-map="../src/"= -mcpu=cortex-m3 -mthumb -fstack-usage -specs=redlib.specs -MMD -MP -MF"src/ring_buffer.d" -MT"src/ring_buffer.o" -MT"src/ring_buffer.d" -o "src/ring_buffer.o" "../src/ring_buffer.c"
 
Building file: ../src/ritimer_17xx_40xx.c
Finished building: ../src/i2c_17xx_40xx.c
Building file: ../src/rtc_17xx_40xx.c
Invoking: MCU C Compiler
arm-none-eabi-gcc -D__REDLIB__ -DDEBUG -D__CODE_RED -D__USE_LPCOPEN -DCORE_M3 -I"D:\UTN-FRA\FisicaElectronicaIII\zt5\lpc\LPCworkspace\lpc_chip_175x_6x\inc" -O0 -g3 -Wall -c -fmessage-length=0 -fno-builtin -ffunction-sections -fdata-sections -fmerge-constants -fmacro-prefix-map="../src/"= -mcpu=cortex-m3 -mthumb -fstack-usage -specs=redlib.specs -MMD -MP -MF"src/ritimer_17xx_40xx.d" -MT"src/ritimer_17xx_40xx.o" -MT"src/ritimer_17xx_40xx.d" -o "src/ritimer_17xx_40xx.o" "../src/ritimer_17xx_40xx.c"
 
Invoking: MCU C Compiler
arm-none-eabi-gcc -D__REDLIB__ -DDEBUG -D__CODE_RED -D__USE_LPCOPEN -DCORE_M3 -I"D:\UTN-FRA\FisicaElectronicaIII\zt5\lpc\LPCworkspace\lpc_chip_175x_6x\inc" -O0 -g3 -Wall -c -fmessage-length=0 -fno-builtin -ffunction-sections -fdata-sections -fmerge-constants -fmacro-prefix-map="../src/"= -mcpu=cortex-m3 -mthumb -fstack-usage -specs=redlib.specs -MMD -MP -MF"src/rtc_17xx_40xx.d" -MT"src/rtc_17xx_40xx.o" -MT"src/rtc_17xx_40xx.d" -o "src/rtc_17xx_40xx.o" "../src/rtc_17xx_40xx.c"
Building file: ../src/sdc_17xx_40xx.c
Invoking: MCU C Compiler
arm-none-eabi-gcc -D__REDLIB__ -DDEBUG -D__CODE_RED -D__USE_LPCOPEN -DCORE_M3 -I"D:\UTN-FRA\FisicaElectronicaIII\zt5\lpc\LPCworkspace\lpc_chip_175x_6x\inc" -O0 -g3 -Wall -c -fmessage-length=0 -fno-builtin -ffunction-sections -fdata-sections -fmerge-constants -fmacro-prefix-map="../src/"= -mcpu=cortex-m3 -mthumb -fstack-usage -specs=redlib.specs -MMD -MP -MF"src/sdc_17xx_40xx.d" -MT"src/sdc_17xx_40xx.o" -MT"src/sdc_17xx_40xx.d" -o "src/sdc_17xx_40xx.o" "../src/sdc_17xx_40xx.c"
Finished building: ../src/ring_buffer.c
Finished building: ../src/iocon_17xx_40xx.c
 
 
Building file: ../src/sdmmc_17xx_40xx.c
Finished building: ../src/pmu_17xx_40xx.c
Building file: ../src/spi_17xx_40xx.c
Invoking: MCU C Compiler
 
Invoking: MCU C Compiler
arm-none-eabi-gcc -D__REDLIB__ -DDEBUG -D__CODE_RED -D__USE_LPCOPEN -DCORE_M3 -I"D:\UTN-FRA\FisicaElectronicaIII\zt5\lpc\LPCworkspace\lpc_chip_175x_6x\inc" -O0 -g3 -Wall -c -fmessage-length=0 -fno-builtin -ffunction-sections -fdata-sections -fmerge-constants -fmacro-prefix-map="../src/"= -mcpu=cortex-m3 -mthumb -fstack-usage -specs=redlib.specs -MMD -MP -MF"src/sdmmc_17xx_40xx.d" -MT"src/sdmmc_17xx_40xx.o" -MT"src/sdmmc_17xx_40xx.d" -o "src/sdmmc_17xx_40xx.o" "../src/sdmmc_17xx_40xx.c"
Finished building: ../src/ritimer_17xx_40xx.c
arm-none-eabi-gcc -D__REDLIB__ -DDEBUG -D__CODE_RED -D__USE_LPCOPEN -DCORE_M3 -I"D:\UTN-FRA\FisicaElectronicaIII\zt5\lpc\LPCworkspace\lpc_chip_175x_6x\inc" -O0 -g3 -Wall -c -fmessage-length=0 -fno-builtin -ffunction-sections -fdata-sections -fmerge-constants -fmacro-prefix-map="../src/"= -mcpu=cortex-m3 -mthumb -fstack-usage -specs=redlib.specs -MMD -MP -MF"src/spi_17xx_40xx.d" -MT"src/spi_17xx_40xx.o" -MT"src/spi_17xx_40xx.d" -o "src/spi_17xx_40xx.o" "../src/spi_17xx_40xx.c"
Finished building: ../src/enet_17xx_40xx.c
Finished building: ../src/lcd_17xx_40xx.c
 
 
 
Building file: ../src/ssp_17xx_40xx.c
Building file: ../src/stopwatch_17xx_40xx.c
Building file: ../src/sysctl_17xx_40xx.c
Finished building: ../src/rtc_17xx_40xx.c
Invoking: MCU C Compiler
arm-none-eabi-gcc -D__REDLIB__ -DDEBUG -D__CODE_RED -D__USE_LPCOPEN -DCORE_M3 -I"D:\UTN-FRA\FisicaElectronicaIII\zt5\lpc\LPCworkspace\lpc_chip_175x_6x\inc" -O0 -g3 -Wall -c -fmessage-length=0 -fno-builtin -ffunction-sections -fdata-sections -fmerge-constants -fmacro-prefix-map="../src/"= -mcpu=cortex-m3 -mthumb -fstack-usage -specs=redlib.specs -MMD -MP -MF"src/ssp_17xx_40xx.d" -MT"src/ssp_17xx_40xx.o" -MT"src/ssp_17xx_40xx.d" -o "src/ssp_17xx_40xx.o" "../src/ssp_17xx_40xx.c"
Invoking: MCU C Compiler
Building file: ../src/sysinit_17xx_40xx.c
Invoking: MCU C Compiler
arm-none-eabi-gcc -D__REDLIB__ -DDEBUG -D__CODE_RED -D__USE_LPCOPEN -DCORE_M3 -I"D:\UTN-FRA\FisicaElectronicaIII\zt5\lpc\LPCworkspace\lpc_chip_175x_6x\inc" -O0 -g3 -Wall -c -fmessage-length=0 -fno-builtin -ffunction-sections -fdata-sections -fmerge-constants -fmacro-prefix-map="../src/"= -mcpu=cortex-m3 -mthumb -fstack-usage -specs=redlib.specs -MMD -MP -MF"src/stopwatch_17xx_40xx.d" -MT"src/stopwatch_17xx_40xx.o" -MT"src/stopwatch_17xx_40xx.d" -o "src/stopwatch_17xx_40xx.o" "../src/stopwatch_17xx_40xx.c"
 
arm-none-eabi-gcc -D__REDLIB__ -DDEBUG -D__CODE_RED -D__USE_LPCOPEN -DCORE_M3 -I"D:\UTN-FRA\FisicaElectronicaIII\zt5\lpc\LPCworkspace\lpc_chip_175x_6x\inc" -O0 -g3 -Wall -c -fmessage-length=0 -fno-builtin -ffunction-sections -fdata-sections -fmerge-constants -fmacro-prefix-map="../src/"= -mcpu=cortex-m3 -mthumb -fstack-usage -specs=redlib.specs -MMD -MP -MF"src/sysctl_17xx_40xx.d" -MT"src/sysctl_17xx_40xx.o" -MT"src/sysctl_17xx_40xx.d" -o "src/sysctl_17xx_40xx.o" "../src/sysctl_17xx_40xx.c"
Finished building: ../src/sdc_17xx_40xx.c
Invoking: MCU C Compiler
arm-none-eabi-gcc -D__REDLIB__ -DDEBUG -D__CODE_RED -D__USE_LPCOPEN -DCORE_M3 -I"D:\UTN-FRA\FisicaElectronicaIII\zt5\lpc\LPCworkspace\lpc_chip_175x_6x\inc" -O0 -g3 -Wall -c -fmessage-length=0 -fno-builtin -ffunction-sections -fdata-sections -fmerge-constants -fmacro-prefix-map="../src/"= -mcpu=cortex-m3 -mthumb -fstack-usage -specs=redlib.specs -MMD -MP -MF"src/sysinit_17xx_40xx.d" -MT"src/sysinit_17xx_40xx.o" -MT"src/sysinit_17xx_40xx.d" -o "src/sysinit_17xx_40xx.o" "../src/sysinit_17xx_40xx.c"
Building file: ../src/timer_17xx_40xx.c
 
Invoking: MCU C Compiler
Building file: ../src/uart_17xx_40xx.c
arm-none-eabi-gcc -D__REDLIB__ -DDEBUG -D__CODE_RED -D__USE_LPCOPEN -DCORE_M3 -I"D:\UTN-FRA\FisicaElectronicaIII\zt5\lpc\LPCworkspace\lpc_chip_175x_6x\inc" -O0 -g3 -Wall -c -fmessage-length=0 -fno-builtin -ffunction-sections -fdata-sections -fmerge-constants -fmacro-prefix-map="../src/"= -mcpu=cortex-m3 -mthumb -fstack-usage -specs=redlib.specs -MMD -MP -MF"src/timer_17xx_40xx.d" -MT"src/timer_17xx_40xx.o" -MT"src/timer_17xx_40xx.d" -o "src/timer_17xx_40xx.o" "../src/timer_17xx_40xx.c"
../src/spi_17xx_40xx.c: In function 'Chip_SPI_Int_FlushData':
../src/spi_17xx_40xx.c:138:20: warning: variable 'tmp' set but not used [-Wunused-but-set-variable]
  138 |  volatile uint32_t tmp;
      |                    ^~~
Invoking: MCU C Compiler
arm-none-eabi-gcc -D__REDLIB__ -DDEBUG -D__CODE_RED -D__USE_LPCOPEN -DCORE_M3 -I"D:\UTN-FRA\FisicaElectronicaIII\zt5\lpc\LPCworkspace\lpc_chip_175x_6x\inc" -O0 -g3 -Wall -c -fmessage-length=0 -fno-builtin -ffunction-sections -fdata-sections -fmerge-constants -fmacro-prefix-map="../src/"= -mcpu=cortex-m3 -mthumb -fstack-usage -specs=redlib.specs -MMD -MP -MF"src/uart_17xx_40xx.d" -MT"src/uart_17xx_40xx.o" -MT"src/uart_17xx_40xx.d" -o "src/uart_17xx_40xx.o" "../src/uart_17xx_40xx.c"
Finished building: ../src/sdmmc_17xx_40xx.c
 
Building file: ../src/wwdt_17xx_40xx.c
Invoking: MCU C Compiler
arm-none-eabi-gcc -D__REDLIB__ -DDEBUG -D__CODE_RED -D__USE_LPCOPEN -DCORE_M3 -I"D:\UTN-FRA\FisicaElectronicaIII\zt5\lpc\LPCworkspace\lpc_chip_175x_6x\inc" -O0 -g3 -Wall -c -fmessage-length=0 -fno-builtin -ffunction-sections -fdata-sections -fmerge-constants -fmacro-prefix-map="../src/"= -mcpu=cortex-m3 -mthumb -fstack-usage -specs=redlib.specs -MMD -MP -MF"src/wwdt_17xx_40xx.d" -MT"src/wwdt_17xx_40xx.o" -MT"src/wwdt_17xx_40xx.d" -o "src/wwdt_17xx_40xx.o" "../src/wwdt_17xx_40xx.c"
Finished building: ../src/sysinit_17xx_40xx.c
Finished building: ../src/sysctl_17xx_40xx.c
 
Finished building: ../src/ssp_17xx_40xx.c
 
 
Finished building: ../src/stopwatch_17xx_40xx.c
Finished building: ../src/timer_17xx_40xx.c
 
 
Finished building: ../src/spi_17xx_40xx.c
Finished building: ../src/uart_17xx_40xx.c
 
 
Finished building: ../src/wwdt_17xx_40xx.c
 
Building target: liblpc_chip_175x_6x.a
Invoking: MCU Archiver
arm-none-eabi-ar -r  "liblpc_chip_175x_6x.a"  ./src/adc_17xx_40xx.o ./src/can_17xx_40xx.o ./src/chip_17xx_40xx.o ./src/clock_17xx_40xx.o ./src/cmp_17xx_40xx.o ./src/crc_17xx_40xx.o ./src/dac_17xx_40xx.o ./src/eeprom_17xx_40xx.o ./src/emc_17xx_40xx.o ./src/enet_17xx_40xx.o ./src/gpdma_17xx_40xx.o ./src/gpio_17xx_40xx.o ./src/gpioint_17xx_40xx.o ./src/i2c_17xx_40xx.o ./src/i2s_17xx_40xx.o ./src/iap.o ./src/iocon_17xx_40xx.o ./src/lcd_17xx_40xx.o ./src/pmu_17xx_40xx.o ./src/ring_buffer.o ./src/ritimer_17xx_40xx.o ./src/rtc_17xx_40xx.o ./src/sdc_17xx_40xx.o ./src/sdmmc_17xx_40xx.o ./src/spi_17xx_40xx.o ./src/ssp_17xx_40xx.o ./src/stopwatch_17xx_40xx.o ./src/sysctl_17xx_40xx.o ./src/sysinit_17xx_40xx.o ./src/timer_17xx_40xx.o ./src/uart_17xx_40xx.o ./src/wwdt_17xx_40xx.o   
Finished building target: liblpc_chip_175x_6x.a
 
Performing post-build steps
arm-none-eabi-size "liblpc_chip_175x_6x.a" ; # arm-none-eabi-objdump -h -S "liblpc_chip_175x_6x.a" >"liblpc_chip_175x_6x.lss"
   text	   data	    bss	    dec	    hex	filename
    940	      0	      0	    940	    3ac	adc_17xx_40xx.o (ex liblpc_chip_175x_6x.a)
   8630	      0	      0	   8630	   21b6	can_17xx_40xx.o (ex liblpc_chip_175x_6x.a)
    172	      0	      4	    176	     b0	chip_17xx_40xx.o (ex liblpc_chip_175x_6x.a)
   1602	      0	      0	   1602	    642	clock_17xx_40xx.o (ex liblpc_chip_175x_6x.a)
      0	      0	      0	      0	      0	cmp_17xx_40xx.o (ex liblpc_chip_175x_6x.a)
      0	      0	      0	      0	      0	crc_17xx_40xx.o (ex liblpc_chip_175x_6x.a)
    140	      0	      0	    140	     8c	dac_17xx_40xx.o (ex liblpc_chip_175x_6x.a)
      0	      0	      0	      0	      0	eeprom_17xx_40xx.o (ex liblpc_chip_175x_6x.a)
      0	      0	      0	      0	      0	emc_17xx_40xx.o (ex liblpc_chip_175x_6x.a)
   1091	      0	      4	   1095	    447	enet_17xx_40xx.o (ex liblpc_chip_175x_6x.a)
   2248	     96	      8	   2352	    930	gpdma_17xx_40xx.o (ex liblpc_chip_175x_6x.a)
      0	      0	      0	      0	      0	gpio_17xx_40xx.o (ex liblpc_chip_175x_6x.a)
      0	      0	      0	      0	      0	gpioint_17xx_40xx.o (ex liblpc_chip_175x_6x.a)
   3699	     84	    120	   3903	    f3f	i2c_17xx_40xx.o (ex liblpc_chip_175x_6x.a)
   1724	      0	      0	   1724	    6bc	i2s_17xx_40xx.o (ex liblpc_chip_175x_6x.a)
    552	      0	      0	    552	    228	iap.o (ex liblpc_chip_175x_6x.a)
    302	      0	      0	    302	    12e	iocon_17xx_40xx.o (ex liblpc_chip_175x_6x.a)
      0	      0	      0	      0	      0	lcd_17xx_40xx.o (ex liblpc_chip_175x_6x.a)
    280	      0	      0	    280	    118	pmu_17xx_40xx.o (ex liblpc_chip_175x_6x.a)
    962	      0	      0	    962	    3c2	ring_buffer.o (ex liblpc_chip_175x_6x.a)
    238	      0	      0	    238	     ee	ritimer_17xx_40xx.o (ex liblpc_chip_175x_6x.a)
    746	      0	      0	    746	    2ea	rtc_17xx_40xx.o (ex liblpc_chip_175x_6x.a)
      0	      0	      0	      0	      0	sdc_17xx_40xx.o (ex liblpc_chip_175x_6x.a)
      0	      0	      0	      0	      0	sdmmc_17xx_40xx.o (ex liblpc_chip_175x_6x.a)
   1036	      0	      0	   1036	    40c	spi_17xx_40xx.o (ex liblpc_chip_175x_6x.a)
   2270	      0	      0	   2270	    8de	ssp_17xx_40xx.o (ex liblpc_chip_175x_6x.a)
    362	      0	     12	    374	    176	stopwatch_17xx_40xx.o (ex liblpc_chip_175x_6x.a)
     44	      0	      0	     44	     2c	sysctl_17xx_40xx.o (ex liblpc_chip_175x_6x.a)
    470	      0	      0	    470	    1d6	sysinit_17xx_40xx.o (ex liblpc_chip_175x_6x.a)
    310	      0	      0	    310	    136	timer_17xx_40xx.o (ex liblpc_chip_175x_6x.a)
   2326	      0	      1	   2327	    917	uart_17xx_40xx.o (ex liblpc_chip_175x_6x.a)
     94	      0	      0	     94	     5e	wwdt_17xx_40xx.o (ex liblpc_chip_175x_6x.a)
 

20:22:24 Build Finished. 0 errors, 3 warnings. (took 2s.101ms)

