20:22:26 **** Incremental Build of configuration Debug for project medidor_impedancia ****
make -r -j8 all 
make[1]: Nothing to be done for 'main-build'.
Performing post-build steps
arm-none-eabi-size "medidor_impedancia.axf"; # arm-none-eabi-objcopy -v -O binary "medidor_impedancia.axf" "medidor_impedancia.bin" ; # checksum -p LPC1769 -d "medidor_impedancia.bin";
   text	   data	    bss	    dec	    hex	filename
  17480	      8	    820	  18308	   4784	medidor_impedancia.axf
 

20:22:27 Build Finished. 0 errors, 0 warnings. (took 233ms)

