Archive member included to satisfy reference by file (symbol)

D:\UTN-FRA\FisicaElectronicaIII\zt5\lpc\LPCworkspace\lpc_board_nxp_lpcxpresso_1769\Debug\liblpc_board_nxp_lpcxpresso_1769.a(board.o)
                              ./freertos/src/FreeRTOSCommonHooks.o (Board_UARTPutSTR)
D:\UTN-FRA\FisicaElectronicaIII\zt5\lpc\LPCworkspace\lpc_board_nxp_lpcxpresso_1769\Debug\liblpc_board_nxp_lpcxpresso_1769.a(board_sysinit.o)
                              ./medidor_impedancia/src/sysinit.o (Board_SystemInit)
D:\UTN-FRA\FisicaElectronicaIII\zt5\lpc\LPCworkspace\lpc_chip_175x_6x\Debug\liblpc_chip_175x_6x.a(chip_17xx_40xx.o)
                              ./freertos/src/port.o (SystemCoreClock)
D:\UTN-FRA\FisicaElectronicaIII\zt5\lpc\LPCworkspace\lpc_chip_175x_6x\Debug\liblpc_chip_175x_6x.a(clock_17xx_40xx.o)
                              D:\UTN-FRA\FisicaElectronicaIII\zt5\lpc\LPCworkspace\lpc_chip_175x_6x\Debug\liblpc_chip_175x_6x.a(chip_17xx_40xx.o) (Chip_Clock_EnablePLL)
D:\UTN-FRA\FisicaElectronicaIII\zt5\lpc\LPCworkspace\lpc_chip_175x_6x\Debug\liblpc_chip_175x_6x.a(i2s_17xx_40xx.o)
                              D:\UTN-FRA\FisicaElectronicaIII\zt5\lpc\LPCworkspace\lpc_board_nxp_lpcxpresso_1769\Debug\liblpc_board_nxp_lpcxpresso_1769.a(board.o) (Chip_I2S_Init)
D:\UTN-FRA\FisicaElectronicaIII\zt5\lpc\LPCworkspace\lpc_chip_175x_6x\Debug\liblpc_chip_175x_6x.a(iocon_17xx_40xx.o)
                              D:\UTN-FRA\FisicaElectronicaIII\zt5\lpc\LPCworkspace\lpc_board_nxp_lpcxpresso_1769\Debug\liblpc_board_nxp_lpcxpresso_1769.a(board.o) (Chip_IOCON_PinMux)
D:\UTN-FRA\FisicaElectronicaIII\zt5\lpc\LPCworkspace\lpc_chip_175x_6x\Debug\liblpc_chip_175x_6x.a(sysinit_17xx_40xx.o)
                              D:\UTN-FRA\FisicaElectronicaIII\zt5\lpc\LPCworkspace\lpc_board_nxp_lpcxpresso_1769\Debug\liblpc_board_nxp_lpcxpresso_1769.a(board_sysinit.o) (Chip_SetupXtalClocking)
D:\UTN-FRA\FisicaElectronicaIII\zt5\lpc\LPCworkspace\lpc_chip_175x_6x\Debug\liblpc_chip_175x_6x.a(uart_17xx_40xx.o)
                              D:\UTN-FRA\FisicaElectronicaIII\zt5\lpc\LPCworkspace\lpc_board_nxp_lpcxpresso_1769\Debug\liblpc_board_nxp_lpcxpresso_1769.a(board.o) (Chip_UART_Init)
D:\UTN-FRA\FisicaElectronicaIII\zt5\lpc\LPCworkspace\lpc_chip_175x_6x\Debug\liblpc_chip_175x_6x.a(ring_buffer.o)
                              D:\UTN-FRA\FisicaElectronicaIII\zt5\lpc\LPCworkspace\lpc_chip_175x_6x\Debug\liblpc_chip_175x_6x.a(uart_17xx_40xx.o) (RingBuffer_Insert)
d:/programas/nxp/mcuxpressoide_11.5.0_7232/ide/plugins/com.nxp.mcuxpresso.tools.win32_11.5.0.202107051138/tools/bin/../lib/gcc/arm-none-eabi/10.3.1/../../../../arm-none-eabi/lib/thumb/v7-m/nofp\libcr_nohost.a(_cr__main.o)
                              ./medidor_impedancia/src/cr_startup_lpc175x_6x.o (__main)
d:/programas/nxp/mcuxpressoide_11.5.0_7232/ide/plugins/com.nxp.mcuxpresso.tools.win32_11.5.0.202107051138/tools/bin/../lib/gcc/arm-none-eabi/10.3.1/../../../../arm-none-eabi/lib/thumb/v7-m/nofp\libcr_c.a(memcpy.o)
                              ./freertos/src/queue.o (memcpy)
d:/programas/nxp/mcuxpressoide_11.5.0_7232/ide/plugins/com.nxp.mcuxpresso.tools.win32_11.5.0.202107051138/tools/bin/../lib/gcc/arm-none-eabi/10.3.1/../../../../arm-none-eabi/lib/thumb/v7-m/nofp\libcr_c.a(memset.o)
                              ./freertos/src/tasks.o (memset)
d:/programas/nxp/mcuxpressoide_11.5.0_7232/ide/plugins/com.nxp.mcuxpresso.tools.win32_11.5.0.202107051138/tools/bin/../lib/gcc/arm-none-eabi/10.3.1/../../../../arm-none-eabi/lib/thumb/v7-m/nofp\libcr_c.a(alloc.o)
                              ./freertos/src/heap_3.o (malloc)
d:/programas/nxp/mcuxpressoide_11.5.0_7232/ide/plugins/com.nxp.mcuxpresso.tools.win32_11.5.0.202107051138/tools/bin/../lib/gcc/arm-none-eabi/10.3.1/../../../../arm-none-eabi/lib/thumb/v7-m/nofp\libcr_c.a(fpprintf.o)
                              ./medidor_impedancia/src/main.o (printf)
d:/programas/nxp/mcuxpressoide_11.5.0_7232/ide/plugins/com.nxp.mcuxpresso.tools.win32_11.5.0.202107051138/tools/bin/../lib/gcc/arm-none-eabi/10.3.1/../../../../arm-none-eabi/lib/thumb/v7-m/nofp\libcr_c.a(initio.o)
                              d:/programas/nxp/mcuxpressoide_11.5.0_7232/ide/plugins/com.nxp.mcuxpresso.tools.win32_11.5.0.202107051138/tools/bin/../lib/gcc/arm-none-eabi/10.3.1/../../../../arm-none-eabi/lib/thumb/v7-m/nofp\libcr_nohost.a(_cr__main.o) (_initio)
d:/programas/nxp/mcuxpressoide_11.5.0_7232/ide/plugins/com.nxp.mcuxpresso.tools.win32_11.5.0.202107051138/tools/bin/../lib/gcc/arm-none-eabi/10.3.1/../../../../arm-none-eabi/lib/thumb/v7-m/nofp\libcr_c.a(printf.o)
                              d:/programas/nxp/mcuxpressoide_11.5.0_7232/ide/plugins/com.nxp.mcuxpresso.tools.win32_11.5.0.202107051138/tools/bin/../lib/gcc/arm-none-eabi/10.3.1/../../../../arm-none-eabi/lib/thumb/v7-m/nofp\libcr_c.a(fpprintf.o) (__vfprintf)
[...]
Memory Configuration

Name             Origin             Length             Attributes
MFlash512        0x00000000         0x00080000         xr
RamLoc32         0x10000000         0x00008000         xrw
RamAHB32         0x2007c000         0x00008000         xrw
*default*        0x00000000         0xffffffff

Linker script and memory map

LOAD ./medidor_impedancia/src/cr_startup_lpc175x_6x.o
LOAD ./medidor_impedancia/src/main.o
LOAD ./medidor_impedancia/src/sysinit.o
LOAD ./freertos/src/FreeRTOSCommonHooks.o
LOAD ./freertos/src/heap_3.o
LOAD ./freertos/src/list.o
LOAD ./freertos/src/port.o
LOAD ./freertos/src/queue.o
LOAD ./freertos/src/tasks.o
LOAD D:\UTN-FRA\FisicaElectronicaIII\zt5\lpc\LPCworkspace\lpc_board_nxp_lpcxpresso_1769\Debug\liblpc_board_nxp_lpcxpresso_1769.a
LOAD D:\UTN-FRA\FisicaElectronicaIII\zt5\lpc\LPCworkspace\lpc_chip_175x_6x\Debug\liblpc_chip_175x_6x.a
START GROUP
LOAD d:/programas/nxp/mcuxpressoide_11.5.0_7232/ide/plugins/com.nxp.mcuxpresso.tools.win32_11.5.0.202107051138/tools/bin/../lib/gcc/arm-none-eabi/10.3.1/../../../../arm-none-eabi/lib/thumb/v7-m/nofp\libcr_nohost.a
LOAD d:/programas/nxp/mcuxpressoide_11.5.0_7232/ide/plugins/com.nxp.mcuxpresso.tools.win32_11.5.0.202107051138/tools/bin/../lib/gcc/arm-none-eabi/10.3.1/../../../../arm-none-eabi/lib/thumb/v7-m/nofp\libcr_c.a
LOAD d:/programas/nxp/mcuxpressoide_11.5.0_7232/ide/plugins/com.nxp.mcuxpresso.tools.win32_11.5.0.202107051138/tools/bin/../lib/gcc/arm-none-eabi/10.3.1/thumb/v7-m/nofp\libcr_eabihelpers.a
LOAD d:/programas/nxp/mcuxpressoide_11.5.0_7232/ide/plugins/com.nxp.mcuxpresso.tools.win32_11.5.0.202107051138/tools/bin/../lib/gcc/arm-none-eabi/10.3.1/thumb/v7-m/nofp\libgcc.a
END GROUP
                0x00000000                __base_MFlash512 = 0x0
                0x00000000                __base_Flash = 0x0
                0x00080000                __top_MFlash512 = 0x80000
                0x00080000                __top_Flash = 0x80000
                0x10000000                __base_RamLoc32 = 0x10000000
                0x10000000                __base_RAM = 0x10000000
                0x10008000                __top_RamLoc32 = 0x10008000
                0x10008000                __top_RAM = 0x10008000
                0x2007c000                __base_RamAHB32 = 0x2007c000
                0x2007c000                __base_RAM2 = 0x2007c000
                0x20084000                __top_RamAHB32 = 0x20084000
                0x20084000                __top_RAM2 = 0x20084000

.text           0x00000000     0x4448
 FILL mask 0xff
                0x00000000                __vectors_start__ = ABSOLUTE (.)
 *(.isr_vector)
 .isr_vector    0x00000000       0xcc ./medidor_impedancia/src/cr_startup_lpc175x_6x.o
                0x00000000                g_pfnVectors
                0x000000cc                . = ALIGN (0x4)
                0x000000cc                __section_table_start = .
                0x000000cc                __data_section_table = .
                0x000000cc        0x4 LONG 0x4448 LOADADDR (.data)
                0x000000d0        0x4 LONG 0x10000000 ADDR (.data)
                0x000000d4        0x4 LONG 0x8 SIZEOF (.data)
                0x000000d8        0x4 LONG 0x4448 LOADADDR (.data_RAM2)
                0x000000dc        0x4 LONG 0x2007c000 ADDR (.data_RAM2)
                0x000000e0        0x4 LONG 0x0 SIZEOF (.data_RAM2)
                0x000000e4                __data_section_table_end = .
                0x000000e4                __bss_section_table = .
                0x000000e4        0x4 LONG 0x10000008 ADDR (.bss)
                0x000000e8        0x4 LONG 0x334 SIZEOF (.bss)
                0x000000ec        0x4 LONG 0x2007c000 ADDR (.bss_RAM2)
                0x000000f0        0x4 LONG 0x0 SIZEOF (.bss_RAM2)
                0x000000f4                __bss_section_table_end = .
                0x000000f4                __section_table_end = .
 *(.after_vectors*)
 .after_vectors
                0x000000f4      0x130 ./medidor_impedancia/src/cr_startup_lpc175x_6x.o
                0x000000f4                data_init
                0x00000138                bss_init
                0x00000170                ResetISR
                0x000001e8                NMI_Handler
                0x000001ee                HardFault_Handler
                0x000001f4                MemManage_Handler
                0x000001fa                BusFault_Handler
                0x00000200                UsageFault_Handler
                0x0000020c                DebugMon_Handler
                0x0000021e                UART1_IRQHandler
                0x0000021e                EINT3_IRQHandler
                0x0000021e                I2C1_IRQHandler
                0x0000021e                TIMER3_IRQHandler
                0x0000021e                UART0_IRQHandler
                0x0000021e                USBActivity_IRQHandler
                0x0000021e                CANActivity_IRQHandler
                0x0000021e                EINT2_IRQHandler
                0x0000021e                IntDefaultHandler
                0x0000021e                PLL0_IRQHandler
                0x0000021e                CAN_IRQHandler
                0x0000021e                I2C0_IRQHandler
                0x0000021e                SSP0_IRQHandler
                0x0000021e                I2S_IRQHandler
                0x0000021e                I2C2_IRQHandler
                0x0000021e                RTC_IRQHandler
                0x0000021e                TIMER0_IRQHandler
                0x0000021e                SPI_IRQHandler
                0x0000021e                RIT_IRQHandler
                0x0000021e                EINT1_IRQHandler
                0x0000021e                TIMER1_IRQHandler
                0x0000021e                UART2_IRQHandler
                0x0000021e                ADC_IRQHandler
                0x0000021e                SSP1_IRQHandler
                0x0000021e                USB_IRQHandler
                0x0000021e                BOD_IRQHandler
                0x0000021e                PWM1_IRQHandler
                0x0000021e                WDT_IRQHandler
                0x0000021e                QEI_IRQHandler
                0x0000021e                EINT0_IRQHandler
                0x0000021e                ETH_IRQHandler
                0x0000021e                PLL1_IRQHandler
                0x0000021e                DMA_IRQHandler
                0x0000021e                TIMER2_IRQHandler
                0x0000021e                UART3_IRQHandler
                0x0000021e                MCPWM_IRQHandler
 *(.text*)
 .text.prvSetupHardware
                0x00000224       0x10 ./medidor_impedancia/src/main.o
 .text.vLedTestigo
                0x00000234       0x28 ./medidor_impedancia/src/main.o
 .text.vUARTTask
                0x0000025c       0x28 ./medidor_impedancia/src/main.o
 .text.main     0x00000284       0x60 ./medidor_impedancia/src/main.o
                0x00000284                main
 .text.SystemInit
                0x000002e4       0x24 ./medidor_impedancia/src/sysinit.o
                0x000002e4                SystemInit
 .text.vApplicationIdleHook
                0x00000308       0x10 ./freertos/src/FreeRTOSCommonHooks.o
                0x00000308                vApplicationIdleHook
 .text.pvPortMalloc
                0x00000318       0x22 ./freertos/src/heap_3.o
                0x00000318                pvPortMalloc
 .text.vPortFree
                0x0000033a       0x24 ./freertos/src/heap_3.o
                0x0000033a                vPortFree
 .text.vListInitialise
                0x0000035e       0x3e ./freertos/src/list.o
                0x0000035e                vListInitialise
 .text.vListInitialiseItem
                0x0000039c       0x18 ./freertos/src/list.o
                0x0000039c                vListInitialiseItem
 .text.vListInsertEnd
                0x000003b4       0x46 ./freertos/src/list.o
                0x000003b4                vListInsertEnd
 .text.vListInsert
                0x000003fa       0x70 ./freertos/src/list.o
                0x000003fa                vListInsert
 .text.uxListRemove
                0x0000046a       0x52 ./freertos/src/list.o
                0x0000046a                uxListRemove
 .text.pxPortInitialiseStack
                0x000004bc       0x54 ./freertos/src/port.o
                0x000004bc                pxPortInitialiseStack
 .text.prvTaskExitError
                0x00000510        0xa ./freertos/src/port.o
 *fill*         0x0000051a        0x2 ff
 .text.SVC_Handler
                0x0000051c       0x24 ./freertos/src/port.o
                0x0000051c                SVC_Handler
 .text.prvPortStartFirstTask
                0x00000540       0x18 ./freertos/src/port.o
 .text.xPortStartScheduler
                0x00000558       0x38 ./freertos/src/port.o
                0x00000558                xPortStartScheduler
 .text.vPortYield
                0x00000590       0x20 ./freertos/src/port.o
                0x00000590                vPortYield
 .text.vPortEnterCritical
                0x000005b0       0x24 ./freertos/src/port.o
                0x000005b0                vPortEnterCritical
 .text.vPortExitCritical
                0x000005d4       0x24 ./freertos/src/port.o
                0x000005d4                vPortExitCritical
 .text.ulPortSetInterruptMask
                0x000005f8       0x12 ./freertos/src/port.o
                0x000005f8                ulPortSetInterruptMask
 .text.vPortClearInterruptMask
                0x0000060a        0x8 ./freertos/src/port.o
                0x0000060a                vPortClearInterruptMask
 *fill*         0x00000612        0x2 ff
 .text.PendSV_Handler
                0x00000614       0x40 ./freertos/src/port.o
                0x00000614                PendSV_Handler
 .text.SysTick_Handler
                0x00000654       0x28 ./freertos/src/port.o
                0x00000654                SysTick_Handler
 .text.vPortSuppressTicksAndSleep
                0x0000067c      0x15c ./freertos/src/port.o
                0x0000067c                vPortSuppressTicksAndSleep
 .text.vPortSetupTimerInterrupt
                0x000007d8       0x68 ./freertos/src/port.o
                0x000007d8                vPortSetupTimerInterrupt
 .text.xTaskGenericCreate
                0x00000840      0x140 ./freertos/src/tasks.o
                0x00000840                xTaskGenericCreate
 .text.vTaskDelay
                0x00000980       0x54 ./freertos/src/tasks.o
                0x00000980                vTaskDelay
 .text.vTaskStartScheduler
                0x000009d4       0x58 ./freertos/src/tasks.o
                0x000009d4                vTaskStartScheduler
 .text.vTaskSuspendAll
                0x00000a2c       0x1c ./freertos/src/tasks.o
                0x00000a2c                vTaskSuspendAll
 .text.prvGetExpectedIdleTime
                0x00000a48       0x4c ./freertos/src/tasks.o
 .text.xTaskResumeAll
                0x00000a94       0xfc ./freertos/src/tasks.o
                0x00000a94                xTaskResumeAll
 .text.vTaskStepTick
                0x00000b90       0x24 ./freertos/src/tasks.o
                0x00000b90                vTaskStepTick
 .text.xTaskIncrementTick
                0x00000bb4      0x18c ./freertos/src/tasks.o
                0x00000bb4                xTaskIncrementTick
 .text.vTaskSwitchContext
                0x00000d40       0x98 ./freertos/src/tasks.o
                0x00000d40                vTaskSwitchContext
 .text.prvIdleTask
                0x00000dd8       0x48 ./freertos/src/tasks.o
 .text.eTaskConfirmSleepModeStatus
                0x00000e20       0x5c ./freertos/src/tasks.o
                0x00000e20                eTaskConfirmSleepModeStatus
 .text.prvInitialiseTCBVariables
                0x00000e7c       0x98 ./freertos/src/tasks.o
 .text.prvInitialiseTaskLists
                0x00000f14       0x80 ./freertos/src/tasks.o
 .text.prvCheckTasksWaitingTermination
                0x00000f94       0x78 ./freertos/src/tasks.o
 .text.prvAddCurrentTaskToDelayedList
                0x0000100c       0x6c ./freertos/src/tasks.o
 .text.prvAllocateTCBAndStack
                0x00001078       0x62 ./freertos/src/tasks.o
 .text.prvDeleteTCB
                0x000010da       0x20 ./freertos/src/tasks.o
 .text.Chip_IOCON_Init
                0x000010fa       0x16 D:\UTN-FRA\FisicaElectronicaIII\zt5\lpc\LPCworkspace\lpc_board_nxp_lpcxpresso_1769\Debug\liblpc_board_nxp_lpcxpresso_1769.a(board.o)
 .text.Chip_GPIO_Init
                0x00001110       0x16 D:\UTN-FRA\FisicaElectronicaIII\zt5\lpc\LPCworkspace\lpc_board_nxp_lpcxpresso_1769\Debug\liblpc_board_nxp_lpcxpresso_1769.a(board.o)
 .text.Chip_GPIO_SetPinState
                0x00001126       0x64 D:\UTN-FRA\FisicaElectronicaIII\zt5\lpc\LPCworkspace\lpc_board_nxp_lpcxpresso_1769\Debug\liblpc_board_nxp_lpcxpresso_1769.a(board.o)
 .text.Chip_GPIO_WritePortBit
                0x0000118a       0x2c D:\UTN-FRA\FisicaElectronicaIII\zt5\lpc\LPCworkspace\lpc_board_nxp_lpcxpresso_1769\Debug\liblpc_board_nxp_lpcxpresso_1769.a(board.o)
 .text.Chip_GPIO_SetPinDIROutput
                0x000011b6       0x36 D:\UTN-FRA\FisicaElectronicaIII\zt5\lpc\LPCworkspace\lpc_board_nxp_lpcxpresso_1769\Debug\liblpc_board_nxp_lpcxpresso_1769.a(board.o)
 .text.Chip_GPIO_SetPinDIRInput
                0x000011ec       0x3a D:\UTN-FRA\FisicaElectronicaIII\zt5\lpc\LPCworkspace\lpc_board_nxp_lpcxpresso_1769\Debug\liblpc_board_nxp_lpcxpresso_1769.a(board.o)
 .text.Chip_GPIO_SetPinDIR
                0x00001226       0x42 D:\UTN-FRA\FisicaElectronicaIII\zt5\lpc\LPCworkspace\lpc_board_nxp_lpcxpresso_1769\Debug\liblpc_board_nxp_lpcxpresso_1769.a(board.o)
 .text.Chip_GPIO_WriteDirBit
                0x00001268       0x2e D:\UTN-FRA\FisicaElectronicaIII\zt5\lpc\LPCworkspace\lpc_board_nxp_lpcxpresso_1769\Debug\liblpc_board_nxp_lpcxpresso_1769.a(board.o)
 .text.Chip_UART_SendByte
                0x00001296       0x1c D:\UTN-FRA\FisicaElectronicaIII\zt5\lpc\LPCworkspace\lpc_board_nxp_lpcxpresso_1769\Debug\liblpc_board_nxp_lpcxpresso_1769.a(board.o)
 .text.Chip_UART_ConfigData
                0x000012b2       0x1a D:\UTN-FRA\FisicaElectronicaIII\zt5\lpc\LPCworkspace\lpc_board_nxp_lpcxpresso_1769\Debug\liblpc_board_nxp_lpcxpresso_1769.a(board.o)
 .text.Chip_UART_ReadLineStatus
                0x000012cc       0x16 D:\UTN-FRA\FisicaElectronicaIII\zt5\lpc\LPCworkspace\lpc_board_nxp_lpcxpresso_1769\Debug\liblpc_board_nxp_lpcxpresso_1769.a(board.o)
 .text.__sys_write
                0x000012e2       0x38 D:\UTN-FRA\FisicaElectronicaIII\zt5\lpc\LPCworkspace\lpc_board_nxp_lpcxpresso_1769\Debug\liblpc_board_nxp_lpcxpresso_1769.a(board.o)
                0x000012e2                __sys_write
 *fill*         0x0000131a        0x2 ff
 .text.Board_LED_Init
                0x0000131c       0x18 D:\UTN-FRA\FisicaElectronicaIII\zt5\lpc\LPCworkspace\lpc_board_nxp_lpcxpresso_1769\Debug\liblpc_board_nxp_lpcxpresso_1769.a(board.o)
 .text.Board_UART_Init
                0x00001334       0x12 D:\UTN-FRA\FisicaElectronicaIII\zt5\lpc\LPCworkspace\lpc_board_nxp_lpcxpresso_1769\Debug\liblpc_board_nxp_lpcxpresso_1769.a(board.o)
                0x00001334                Board_UART_Init
 *fill*         0x00001346        0x2 ff
 .text.Board_Debug_Init
                0x00001348       0x30 D:\UTN-FRA\FisicaElectronicaIII\zt5\lpc\LPCworkspace\lpc_board_nxp_lpcxpresso_1769\Debug\liblpc_board_nxp_lpcxpresso_1769.a(board.o)
                0x00001348                Board_Debug_Init
 .text.Board_UARTPutChar
                0x00001378       0x34 D:\UTN-FRA\FisicaElectronicaIII\zt5\lpc\LPCworkspace\lpc_board_nxp_lpcxpresso_1769\Debug\liblpc_board_nxp_lpcxpresso_1769.a(board.o)
                0x00001378                Board_UARTPutChar
 .text.Board_LED_Set
                0x000013ac       0x30 D:\UTN-FRA\FisicaElectronicaIII\zt5\lpc\LPCworkspace\lpc_board_nxp_lpcxpresso_1769\Debug\liblpc_board_nxp_lpcxpresso_1769.a(board.o)
                0x000013ac                Board_LED_Set
 .text.Board_Init
                0x000013dc       0x24 D:\UTN-FRA\FisicaElectronicaIII\zt5\lpc\LPCworkspace\lpc_board_nxp_lpcxpresso_1769\Debug\liblpc_board_nxp_lpcxpresso_1769.a(board.o)
                0x000013dc                Board_Init
 .text.Chip_SYSCTL_SetFLASHAccess
                0x00001400       0x30 D:\UTN-FRA\FisicaElectronicaIII\zt5\lpc\LPCworkspace\lpc_board_nxp_lpcxpresso_1769\Debug\liblpc_board_nxp_lpcxpresso_1769.a(board_sysinit.o)
 .text.Board_SetupMuxing
                0x00001430       0x1c D:\UTN-FRA\FisicaElectronicaIII\zt5\lpc\LPCworkspace\lpc_board_nxp_lpcxpresso_1769\Debug\liblpc_board_nxp_lpcxpresso_1769.a(board_sysinit.o)
                0x00001430                Board_SetupMuxing
 .text.Board_SetupClocking
                0x0000144c       0x12 D:\UTN-FRA\FisicaElectronicaIII\zt5\lpc\LPCworkspace\lpc_board_nxp_lpcxpresso_1769\Debug\liblpc_board_nxp_lpcxpresso_1769.a(board_sysinit.o)
                0x0000144c                Board_SetupClocking
 .text.Board_SystemInit
                0x0000145e       0x10 D:\UTN-FRA\FisicaElectronicaIII\zt5\lpc\LPCworkspace\lpc_board_nxp_lpcxpresso_1769\Debug\liblpc_board_nxp_lpcxpresso_1769.a(board_sysinit.o)
                0x0000145e                Board_SystemInit
 *fill*         0x0000146e        0x2 ff
 .text.SystemCoreClockUpdate
                0x00001470       0x18 D:\UTN-FRA\FisicaElectronicaIII\zt5\lpc\LPCworkspace\lpc_chip_175x_6x\Debug\liblpc_chip_175x_6x.a(chip_17xx_40xx.o)
                0x00001470                SystemCoreClockUpdate
 .text.Chip_Clock_IsMainPLLEnabled
                0x00001488       0x24 D:\UTN-FRA\FisicaElectronicaIII\zt5\lpc\LPCworkspace\lpc_chip_175x_6x\Debug\liblpc_chip_175x_6x.a(clock_17xx_40xx.o)
 .text.Chip_Clock_IsMainPLLConnected
                0x000014ac       0x24 D:\UTN-FRA\FisicaElectronicaIII\zt5\lpc\LPCworkspace\lpc_chip_175x_6x\Debug\liblpc_chip_175x_6x.a(clock_17xx_40xx.o)
 .text.Chip_Clock_FeedPLL
                0x000014d0       0x34 D:\UTN-FRA\FisicaElectronicaIII\zt5\lpc\LPCworkspace\lpc_chip_175x_6x\Debug\liblpc_chip_175x_6x.a(clock_17xx_40xx.o)
 .text.Chip_Clock_GetMainPLLSource
                0x00001504       0x20 D:\UTN-FRA\FisicaElectronicaIII\zt5\lpc\LPCworkspace\lpc_chip_175x_6x\Debug\liblpc_chip_175x_6x.a(clock_17xx_40xx.o)
 .text.Chip_Clock_GetMainOscRate
                0x00001524       0x14 D:\UTN-FRA\FisicaElectronicaIII\zt5\lpc\LPCworkspace\lpc_chip_175x_6x\Debug\liblpc_chip_175x_6x.a(clock_17xx_40xx.o)
 .text.Chip_Clock_GetIntOscRate
                0x00001538       0x14 D:\UTN-FRA\FisicaElectronicaIII\zt5\lpc\LPCworkspace\lpc_chip_175x_6x\Debug\liblpc_chip_175x_6x.a(clock_17xx_40xx.o)
 .text.Chip_Clock_GetRTCOscRate
                0x0000154c       0x14 D:\UTN-FRA\FisicaElectronicaIII\zt5\lpc\LPCworkspace\lpc_chip_175x_6x\Debug\liblpc_chip_175x_6x.a(clock_17xx_40xx.o)
 .text.Chip_Clock_GetMainPLLInClockRate
                0x00001560        0xe D:\UTN-FRA\FisicaElectronicaIII\zt5\lpc\LPCworkspace\lpc_chip_175x_6x\Debug\liblpc_chip_175x_6x.a(clock_17xx_40xx.o)
 *fill*         0x0000156e        0x2 ff
 .text.Chip_Clock_EnablePLL
                0x00001570       0x44 D:\UTN-FRA\FisicaElectronicaIII\zt5\lpc\LPCworkspace\lpc_chip_175x_6x\Debug\liblpc_chip_175x_6x.a(clock_17xx_40xx.o)
                0x00001570                Chip_Clock_EnablePLL
 .text.Chip_Clock_DisablePLL
                0x000015b4       0x48 D:\UTN-FRA\FisicaElectronicaIII\zt5\lpc\LPCworkspace\lpc_chip_175x_6x\Debug\liblpc_chip_175x_6x.a(clock_17xx_40xx.o)
                0x000015b4                Chip_Clock_DisablePLL
 .text.Chip_Clock_SetupPLL
                0x000015fc       0x5c D:\UTN-FRA\FisicaElectronicaIII\zt5\lpc\LPCworkspace\lpc_chip_175x_6x\Debug\liblpc_chip_175x_6x.a(clock_17xx_40xx.o)
                0x000015fc                Chip_Clock_SetupPLL
 .text.Chip_Clock_EnablePeriphClock
                0x00001658       0x34 D:\UTN-FRA\FisicaElectronicaIII\zt5\lpc\LPCworkspace\lpc_chip_175x_6x\Debug\liblpc_chip_175x_6x.a(clock_17xx_40xx.o)
                0x00001658                Chip_Clock_EnablePeriphClock
 .text.Chip_Clock_GetCPUClockSource
                0x0000168c       0x24 D:\UTN-FRA\FisicaElectronicaIII\zt5\lpc\LPCworkspace\lpc_chip_175x_6x\Debug\liblpc_chip_175x_6x.a(clock_17xx_40xx.o)
                0x0000168c                Chip_Clock_GetCPUClockSource
 .text.Chip_Clock_SetCPUClockDiv
                0x000016b0       0x20 D:\UTN-FRA\FisicaElectronicaIII\zt5\lpc\LPCworkspace\lpc_chip_175x_6x\Debug\liblpc_chip_175x_6x.a(clock_17xx_40xx.o)
                0x000016b0                Chip_Clock_SetCPUClockDiv
 .text.Chip_Clock_GetCPUClockDiv
                0x000016d0       0x1c D:\UTN-FRA\FisicaElectronicaIII\zt5\lpc\LPCworkspace\lpc_chip_175x_6x\Debug\liblpc_chip_175x_6x.a(clock_17xx_40xx.o)
                0x000016d0                Chip_Clock_GetCPUClockDiv
 .text.Chip_Clock_GetPCLKDiv
                0x000016ec       0x8c D:\UTN-FRA\FisicaElectronicaIII\zt5\lpc\LPCworkspace\lpc_chip_175x_6x\Debug\liblpc_chip_175x_6x.a(clock_17xx_40xx.o)
                0x000016ec                Chip_Clock_GetPCLKDiv
 .text.Chip_Clock_GetSYSCLKRate
                0x00001778       0x3a D:\UTN-FRA\FisicaElectronicaIII\zt5\lpc\LPCworkspace\lpc_chip_175x_6x\Debug\liblpc_chip_175x_6x.a(clock_17xx_40xx.o)
                0x00001778                Chip_Clock_GetSYSCLKRate
 *fill*         0x000017b2        0x2 ff
 .text.Chip_Clock_GetMainPLLOutClockRate
                0x000017b4       0x54 D:\UTN-FRA\FisicaElectronicaIII\zt5\lpc\LPCworkspace\lpc_chip_175x_6x\Debug\liblpc_chip_175x_6x.a(clock_17xx_40xx.o)
                0x000017b4                Chip_Clock_GetMainPLLOutClockRate
 .text.Chip_Clock_GetMainClockRate
                0x00001808       0x28 D:\UTN-FRA\FisicaElectronicaIII\zt5\lpc\LPCworkspace\lpc_chip_175x_6x\Debug\liblpc_chip_175x_6x.a(clock_17xx_40xx.o)
                0x00001808                Chip_Clock_GetMainClockRate
 .text.Chip_Clock_GetSystemClockRate
                0x00001830       0x18 D:\UTN-FRA\FisicaElectronicaIII\zt5\lpc\LPCworkspace\lpc_chip_175x_6x\Debug\liblpc_chip_175x_6x.a(clock_17xx_40xx.o)
                0x00001830                Chip_Clock_GetSystemClockRate
 .text.Chip_Clock_GetPeripheralClockRate
                0x00001848       0x26 D:\UTN-FRA\FisicaElectronicaIII\zt5\lpc\LPCworkspace\lpc_chip_175x_6x\Debug\liblpc_chip_175x_6x.a(clock_17xx_40xx.o)
                0x00001848                Chip_Clock_GetPeripheralClockRate
 .text.Chip_IOCON_PinMuxSet
                0x0000186e       0x36 D:\UTN-FRA\FisicaElectronicaIII\zt5\lpc\LPCworkspace\lpc_chip_175x_6x\Debug\liblpc_chip_175x_6x.a(iocon_17xx_40xx.o)
                0x0000186e                Chip_IOCON_PinMuxSet
 .text.Chip_IOCON_PinMux
                0x000018a4       0x94 D:\UTN-FRA\FisicaElectronicaIII\zt5\lpc\LPCworkspace\lpc_chip_175x_6x\Debug\liblpc_chip_175x_6x.a(iocon_17xx_40xx.o)
                0x000018a4                Chip_IOCON_PinMux
 .text.Chip_IOCON_SetPinMuxing
                0x00001938       0x64 D:\UTN-FRA\FisicaElectronicaIII\zt5\lpc\LPCworkspace\lpc_chip_175x_6x\Debug\liblpc_chip_175x_6x.a(iocon_17xx_40xx.o)
                0x00001938                Chip_IOCON_SetPinMuxing
 .text.Chip_Clock_IsMainPLLEnabled
                0x0000199c       0x24 D:\UTN-FRA\FisicaElectronicaIII\zt5\lpc\LPCworkspace\lpc_chip_175x_6x\Debug\liblpc_chip_175x_6x.a(sysinit_17xx_40xx.o)
 .text.Chip_Clock_IsMainPLLLocked
                0x000019c0       0x24 D:\UTN-FRA\FisicaElectronicaIII\zt5\lpc\LPCworkspace\lpc_chip_175x_6x\Debug\liblpc_chip_175x_6x.a(sysinit_17xx_40xx.o)
 .text.Chip_Clock_IsMainPLLConnected
                0x000019e4       0x24 D:\UTN-FRA\FisicaElectronicaIII\zt5\lpc\LPCworkspace\lpc_chip_175x_6x\Debug\liblpc_chip_175x_6x.a(sysinit_17xx_40xx.o)
 .text.Chip_Clock_EnableCrystal
                0x00001a08       0x20 D:\UTN-FRA\FisicaElectronicaIII\zt5\lpc\LPCworkspace\lpc_chip_175x_6x\Debug\liblpc_chip_175x_6x.a(sysinit_17xx_40xx.o)
 .text.Chip_Clock_IsCrystalEnabled
                0x00001a28       0x24 D:\UTN-FRA\FisicaElectronicaIII\zt5\lpc\LPCworkspace\lpc_chip_175x_6x\Debug\liblpc_chip_175x_6x.a(sysinit_17xx_40xx.o)
 .text.Chip_Clock_SetMainPLLSource
                0x00001a4c       0x20 D:\UTN-FRA\FisicaElectronicaIII\zt5\lpc\LPCworkspace\lpc_chip_175x_6x\Debug\liblpc_chip_175x_6x.a(sysinit_17xx_40xx.o)
 .text.Chip_SetupXtalClocking
                0x00001a6c       0x90 D:\UTN-FRA\FisicaElectronicaIII\zt5\lpc\LPCworkspace\lpc_chip_175x_6x\Debug\liblpc_chip_175x_6x.a(sysinit_17xx_40xx.o)
                0x00001a6c                Chip_SetupXtalClocking
 .text.Chip_UART_SetupFIFOS
                0x00001afc       0x1a D:\UTN-FRA\FisicaElectronicaIII\zt5\lpc\LPCworkspace\lpc_chip_175x_6x\Debug\liblpc_chip_175x_6x.a(uart_17xx_40xx.o)
 .text.Chip_UART_ConfigData
                0x00001b16       0x1a D:\UTN-FRA\FisicaElectronicaIII\zt5\lpc\LPCworkspace\lpc_chip_175x_6x\Debug\liblpc_chip_175x_6x.a(uart_17xx_40xx.o)
 .text.Chip_UART_EnableDivisorAccess
                0x00001b30       0x1e D:\UTN-FRA\FisicaElectronicaIII\zt5\lpc\LPCworkspace\lpc_chip_175x_6x\Debug\liblpc_chip_175x_6x.a(uart_17xx_40xx.o)
 .text.Chip_UART_DisableDivisorAccess
                0x00001b4e       0x1e D:\UTN-FRA\FisicaElectronicaIII\zt5\lpc\LPCworkspace\lpc_chip_175x_6x\Debug\liblpc_chip_175x_6x.a(uart_17xx_40xx.o)
 .text.Chip_UART_SetDivisorLatches
                0x00001b6c       0x26 D:\UTN-FRA\FisicaElectronicaIII\zt5\lpc\LPCworkspace\lpc_chip_175x_6x\Debug\liblpc_chip_175x_6x.a(uart_17xx_40xx.o)
 *fill*         0x00001b92        0x2 ff
 .text.Chip_UART_GetClockIndex
                0x00001b94       0x50 D:\UTN-FRA\FisicaElectronicaIII\zt5\lpc\LPCworkspace\lpc_chip_175x_6x\Debug\liblpc_chip_175x_6x.a(uart_17xx_40xx.o)
 .text.Chip_UART_GetClkIndex
                0x00001be4       0x50 D:\UTN-FRA\FisicaElectronicaIII\zt5\lpc\LPCworkspace\lpc_chip_175x_6x\Debug\liblpc_chip_175x_6x.a(uart_17xx_40xx.o)
 .text.Chip_UART_Init
                0x00001c34       0x78 D:\UTN-FRA\FisicaElectronicaIII\zt5\lpc\LPCworkspace\lpc_chip_175x_6x\Debug\liblpc_chip_175x_6x.a(uart_17xx_40xx.o)
                0x00001c34                Chip_UART_Init
 .text.Chip_UART_TXEnable
                0x00001cac       0x18 D:\UTN-FRA\FisicaElectronicaIII\zt5\lpc\LPCworkspace\lpc_chip_175x_6x\Debug\liblpc_chip_175x_6x.a(uart_17xx_40xx.o)
                0x00001cac                Chip_UART_TXEnable
 .text.Chip_UART_TXDisable
                0x00001cc4       0x18 D:\UTN-FRA\FisicaElectronicaIII\zt5\lpc\LPCworkspace\lpc_chip_175x_6x\Debug\liblpc_chip_175x_6x.a(uart_17xx_40xx.o)
                0x00001cc4                Chip_UART_TXDisable
 .text.Chip_UART_SetBaud
                0x00001cdc       0x62 D:\UTN-FRA\FisicaElectronicaIII\zt5\lpc\LPCworkspace\lpc_chip_175x_6x\Debug\liblpc_chip_175x_6x.a(uart_17xx_40xx.o)
                0x00001cdc                Chip_UART_SetBaud
 .text.__main   0x00001d3e        0xe d:/programas/nxp/mcuxpressoide_11.5.0_7232/ide/plugins/com.nxp.mcuxpresso.tools.win32_11.5.0.202107051138/tools/bin/../lib/gcc/arm-none-eabi/10.3.1/../../../../arm-none-eabi/lib/thumb/v7-m/nofp\libcr_nohost.a(_cr__main.o)
                0x00001d3e                __main
 .text.memset   0x00001d4c        0x4 d:/programas/nxp/mcuxpressoide_11.5.0_7232/ide/plugins/com.nxp.mcuxpresso.tools.win32_11.5.0.202107051138/tools/bin/../lib/gcc/arm-none-eabi/10.3.1/../../../../arm-none-eabi/lib/thumb/v7-m/nofp\libcr_c.a(memset.o)
                0x00001d4c                memset
 .text.malloc   0x00001d50       0xc8 d:/programas/nxp/mcuxpressoide_11.5.0_7232/ide/plugins/com.nxp.mcuxpresso.tools.win32_11.5.0.202107051138/tools/bin/../lib/gcc/arm-none-eabi/10.3.1/../../../../arm-none-eabi/lib/thumb/v7-m/nofp\libcr_c.a(alloc.o)
                0x00001d50                malloc
 .text.free     0x00001e18       0x30 d:/programas/nxp/mcuxpressoide_11.5.0_7232/ide/plugins/com.nxp.mcuxpresso.tools.win32_11.5.0.202107051138/tools/bin/../lib/gcc/arm-none-eabi/10.3.1/../../../../arm-none-eabi/lib/thumb/v7-m/nofp\libcr_c.a(alloc.o)
                0x00001e18                free
 .text._Csys_alloc
                0x00001e48       0x20 d:/programas/nxp/mcuxpressoide_11.5.0_7232/ide/plugins/com.nxp.mcuxpresso.tools.win32_11.5.0.202107051138/tools/bin/../lib/gcc/arm-none-eabi/10.3.1/../../../../arm-none-eabi/lib/thumb/v7-m/nofp\libcr_c.a(alloc.o)
                0x00001e48                _Csys_alloc
 .text.fp_round
                0x00001e68       0x4c d:/programas/nxp/mcuxpressoide_11.5.0_7232/ide/plugins/com.nxp.mcuxpresso.tools.win32_11.5.0.202107051138/tools/bin/../lib/gcc/arm-none-eabi/10.3.1/../../../../arm-none-eabi/lib/thumb/v7-m/nofp\libcr_c.a(fpprintf.o)
 .text.pr_dec.constprop.0
                0x00001eb4       0x26 d:/programas/nxp/mcuxpressoide_11.5.0_7232/ide/plugins/com.nxp.mcuxpresso.tools.win32_11.5.0.202107051138/tools/bin/../lib/gcc/arm-none-eabi/10.3.1/../../../../arm-none-eabi/lib/thumb/v7-m/nofp\libcr_c.a(fpprintf.o)
 *fill*         0x00001eda        0x2 ff
 .text.sprintf  0x00001edc       0x6c d:/programas/nxp/mcuxpressoide_11.5.0_7232/ide/plugins/com.nxp.mcuxpresso.tools.win32_11.5.0.202107051138/tools/bin/../lib/gcc/arm-none-eabi/10.3.1/../../../../arm-none-eabi/lib/thumb/v7-m/nofp\libcr_c.a(fpprintf.o)
                0x00001edc                sprintf
 .text.fp_display
                0x00001f48      0x950 d:/programas/nxp/mcuxpressoide_11.5.0_7232/ide/plugins/com.nxp.mcuxpresso.tools.win32_11.5.0.202107051138/tools/bin/../lib/gcc/arm-none-eabi/10.3.1/../../../../arm-none-eabi/lib/thumb/v7-m/nofp\libcr_c.a(fpprintf.o)
 .text.vsnprintf
                0x00002898       0x68 d:/programas/nxp/mcuxpressoide_11.5.0_7232/ide/plugins/com.nxp.mcuxpresso.tools.win32_11.5.0.202107051138/tools/bin/../lib/gcc/arm-none-eabi/10.3.1/../../../../arm-none-eabi/lib/thumb/v7-m/nofp\libcr_c.a(fpprintf.o)
                0x00002898                vsnprintf
 .text.printf   0x00002900       0x54 d:/programas/nxp/mcuxpressoide_11.5.0_7232/ide/plugins/com.nxp.mcuxpresso.tools.win32_11.5.0.202107051138/tools/bin/../lib/gcc/arm-none-eabi/10.3.1/../../../../arm-none-eabi/lib/thumb/v7-m/nofp\libcr_c.a(fpprintf.o)
                0x00002900                printf
 .text._initio  0x00002954       0x78 d:/programas/nxp/mcuxpressoide_11.5.0_7232/ide/plugins/com.nxp.mcuxpresso.tools.win32_11.5.0.202107051138/tools/bin/../lib/gcc/arm-none-eabi/10.3.1/../../../../arm-none-eabi/lib/thumb/v7-m/nofp\libcr_c.a(initio.o)
                0x00002954                _initio
 .text.__vfprintf
                0x000029cc      0xbe4 d:/programas/nxp/mcuxpressoide_11.5.0_7232/ide/plugins/com.nxp.mcuxpresso.tools.win32_11.5.0.202107051138/tools/bin/../lib/gcc/arm-none-eabi/10.3.1/../../../../arm-none-eabi/lib/thumb/v7-m/nofp\libcr_c.a(printf.o)
                0x000029cc                __vfprintf
 .text.setvbuf  0x000035b0       0x3e d:/programas/nxp/mcuxpressoide_11.5.0_7232/ide/plugins/com.nxp.mcuxpresso.tools.win32_11.5.0.202107051138/tools/bin/../lib/gcc/arm-none-eabi/10.3.1/../../../../arm-none-eabi/lib/thumb/v7-m/nofp\libcr_c.a(setvbuf.o)
                0x000035b0                setvbuf
 .text.strlen   0x000035ee       0x48 d:/programas/nxp/mcuxpressoide_11.5.0_7232/ide/plugins/com.nxp.mcuxpresso.tools.win32_11.5.0.202107051138/tools/bin/../lib/gcc/arm-none-eabi/10.3.1/../../../../arm-none-eabi/lib/thumb/v7-m/nofp\libcr_c.a(strlen.o)
                0x000035ee                strlen
 *fill*         0x00003636        0x2 ff
 .text._sbrk    0x00003638       0x3c d:/programas/nxp/mcuxpressoide_11.5.0_7232/ide/plugins/com.nxp.mcuxpresso.tools.win32_11.5.0.202107051138/tools/bin/../lib/gcc/arm-none-eabi/10.3.1/../../../../arm-none-eabi/lib/thumb/v7-m/nofp\libcr_c.a(_cr_sbrk.o)
                0x00003638                _sbrk
 .text._deferredlazyseek
                0x00003674       0x40 d:/programas/nxp/mcuxpressoide_11.5.0_7232/ide/plugins/com.nxp.mcuxpresso.tools.win32_11.5.0.202107051138/tools/bin/../lib/gcc/arm-none-eabi/10.3.1/../../../../arm-none-eabi/lib/thumb/v7-m/nofp\libcr_c.a(_deferredlazyseek.o)
                0x00003674                _deferredlazyseek
 .text.__flsbuf
                0x000036b4      0x140 d:/programas/nxp/mcuxpressoide_11.5.0_7232/ide/plugins/com.nxp.mcuxpresso.tools.win32_11.5.0.202107051138/tools/bin/../lib/gcc/arm-none-eabi/10.3.1/../../../../arm-none-eabi/lib/thumb/v7-m/nofp\libcr_c.a(_deferredlazyseek.o)
                0x000036b4                __flsbuf
 .text._fdopen  0x000037f4       0x68 d:/programas/nxp/mcuxpressoide_11.5.0_7232/ide/plugins/com.nxp.mcuxpresso.tools.win32_11.5.0.202107051138/tools/bin/../lib/gcc/arm-none-eabi/10.3.1/../../../../arm-none-eabi/lib/thumb/v7-m/nofp\libcr_c.a(_fdopen.o)
                0x000037f4                _fdopen
 .text._fflush  0x0000385c       0x52 d:/programas/nxp/mcuxpressoide_11.5.0_7232/ide/plugins/com.nxp.mcuxpresso.tools.win32_11.5.0.202107051138/tools/bin/../lib/gcc/arm-none-eabi/10.3.1/../../../../arm-none-eabi/lib/thumb/v7-m/nofp\libcr_c.a(_fflush.o)
                0x0000385c                _fflush
 .text._frexpl  0x000038ae       0x56 d:/programas/nxp/mcuxpressoide_11.5.0_7232/ide/plugins/com.nxp.mcuxpresso.tools.win32_11.5.0.202107051138/tools/bin/../lib/gcc/arm-none-eabi/10.3.1/../../../../arm-none-eabi/lib/thumb/v7-m/nofp\libcr_c.a(_frexpl.o)
                0x000038ae                _frexpl
 .text._ldexpl  0x00003904       0x48 d:/programas/nxp/mcuxpressoide_11.5.0_7232/ide/plugins/com.nxp.mcuxpresso.tools.win32_11.5.0.202107051138/tools/bin/../lib/gcc/arm-none-eabi/10.3.1/../../../../arm-none-eabi/lib/thumb/v7-m/nofp\libcr_c.a(_ldexpl.o)
                0x00003904                _ldexpl
 .text._Cwritebuf
                0x0000394c       0x6c d:/programas/nxp/mcuxpressoide_11.5.0_7232/ide/plugins/com.nxp.mcuxpresso.tools.win32_11.5.0.202107051138/tools/bin/../lib/gcc/arm-none-eabi/10.3.1/../../../../arm-none-eabi/lib/thumb/v7-m/nofp\libcr_c.a(_writebuf.o)
                0x0000394c                _Cwritebuf
 .text.fclose   0x000039b8       0x58 d:/programas/nxp/mcuxpressoide_11.5.0_7232/ide/plugins/com.nxp.mcuxpresso.tools.win32_11.5.0.202107051138/tools/bin/../lib/gcc/arm-none-eabi/10.3.1/../../../../arm-none-eabi/lib/thumb/v7-m/nofp\libcr_c.a(fclose.o)
                0x000039b8                fclose
 .text.fflush   0x00003a10       0x3c d:/programas/nxp/mcuxpressoide_11.5.0_7232/ide/plugins/com.nxp.mcuxpresso.tools.win32_11.5.0.202107051138/tools/bin/../lib/gcc/arm-none-eabi/10.3.1/../../../../arm-none-eabi/lib/thumb/v7-m/nofp\libcr_c.a(fflush.o)
                0x00003a10                fflush
 .text.fseek    0x00003a4c       0xfc d:/programas/nxp/mcuxpressoide_11.5.0_7232/ide/plugins/com.nxp.mcuxpresso.tools.win32_11.5.0.202107051138/tools/bin/../lib/gcc/arm-none-eabi/10.3.1/../../../../arm-none-eabi/lib/thumb/v7-m/nofp\libcr_c.a(fseek.o)
                0x00003a4c                fseek
 .text.ftell    0x00003b48       0x44 d:/programas/nxp/mcuxpressoide_11.5.0_7232/ide/plugins/com.nxp.mcuxpresso.tools.win32_11.5.0.202107051138/tools/bin/../lib/gcc/arm-none-eabi/10.3.1/../../../../arm-none-eabi/lib/thumb/v7-m/nofp\libcr_c.a(ftell.o)
                0x00003b48                ftell
 .text.remove   0x00003b8c       0x14 d:/programas/nxp/mcuxpressoide_11.5.0_7232/ide/plugins/com.nxp.mcuxpresso.tools.win32_11.5.0.202107051138/tools/bin/../lib/gcc/arm-none-eabi/10.3.1/../../../../arm-none-eabi/lib/thumb/v7-m/nofp\libcr_c.a(remove.o)
                0x00003b8c                remove
 .text.__check_heap_overflow
                0x00003ba0       0x14 d:/programas/nxp/mcuxpressoide_11.5.0_7232/ide/plugins/com.nxp.mcuxpresso.tools.win32_11.5.0.202107051138/tools/bin/../lib/gcc/arm-none-eabi/10.3.1/../../../../arm-none-eabi/lib/thumb/v7-m/nofp\libcr_c.a(_cr_check_heap.o)
                0x00003ba0                __check_heap_overflow
 .text._do_fflush
                0x00003bb4       0x40 d:/programas/nxp/mcuxpressoide_11.5.0_7232/ide/plugins/com.nxp.mcuxpresso.tools.win32_11.5.0.202107051138/tools/bin/../lib/gcc/arm-none-eabi/10.3.1/../../../../arm-none-eabi/lib/thumb/v7-m/nofp\libcr_c.a(_do_fflush.o)
                0x00003bb4                _do_fflush
 .text.__aeabi_dmul
                0x00003bf4       0xfc d:/programas/nxp/mcuxpressoide_11.5.0_7232/ide/plugins/com.nxp.mcuxpresso.tools.win32_11.5.0.202107051138/tools/bin/../lib/gcc/arm-none-eabi/10.3.1/thumb/v7-m/nofp\libcr_eabihelpers.a(double.o)
                0x00003bf4                __aeabi_dmul
 .text.__aeabi_ddiv
                0x00003cf0      0x134 d:/programas/nxp/mcuxpressoide_11.5.0_7232/ide/plugins/com.nxp.mcuxpresso.tools.win32_11.5.0.202107051138/tools/bin/../lib/gcc/arm-none-eabi/10.3.1/thumb/v7-m/nofp\libcr_eabihelpers.a(double.o)
                0x00003cf0                __aeabi_ddiv
 .text.__aeabi_dsub
                0x00003e24      0x1ac d:/programas/nxp/mcuxpressoide_11.5.0_7232/ide/plugins/com.nxp.mcuxpresso.tools.win32_11.5.0.202107051138/tools/bin/../lib/gcc/arm-none-eabi/10.3.1/thumb/v7-m/nofp\libcr_eabihelpers.a(double.o)
                0x00003e24                __aeabi_dsub
 .text.__aeabi_dadd
                0x00003fd0      0x110 d:/programas/nxp/mcuxpressoide_11.5.0_7232/ide/plugins/com.nxp.mcuxpresso.tools.win32_11.5.0.202107051138/tools/bin/../lib/gcc/arm-none-eabi/10.3.1/thumb/v7-m/nofp\libcr_eabihelpers.a(double.o)
                0x00003fd0                __aeabi_dadd
 .text.__aeabi_d2iz
                0x000040e0       0x42 d:/programas/nxp/mcuxpressoide_11.5.0_7232/ide/plugins/com.nxp.mcuxpresso.tools.win32_11.5.0.202107051138/tools/bin/../lib/gcc/arm-none-eabi/10.3.1/thumb/v7-m/nofp\libcr_eabihelpers.a(double.o)
                0x000040e0                __aeabi_d2iz
 .text.__bhs_ui2d
                0x00004122       0x46 d:/programas/nxp/mcuxpressoide_11.5.0_7232/ide/plugins/com.nxp.mcuxpresso.tools.win32_11.5.0.202107051138/tools/bin/../lib/gcc/arm-none-eabi/10.3.1/thumb/v7-m/nofp\libcr_eabihelpers.a(double.o)
                0x00004122                __bhs_ui2d
 .text.__aeabi_i2d
                0x00004168       0x12 d:/programas/nxp/mcuxpressoide_11.5.0_7232/ide/plugins/com.nxp.mcuxpresso.tools.win32_11.5.0.202107051138/tools/bin/../lib/gcc/arm-none-eabi/10.3.1/thumb/v7-m/nofp\libcr_eabihelpers.a(double.o)
                0x00004168                __aeabi_i2d
 .text.__aeabi_dcmpeq
                0x0000417a       0x3c d:/programas/nxp/mcuxpressoide_11.5.0_7232/ide/plugins/com.nxp.mcuxpresso.tools.win32_11.5.0.202107051138/tools/bin/../lib/gcc/arm-none-eabi/10.3.1/thumb/v7-m/nofp\libcr_eabihelpers.a(double.o)
                0x0000417a                __aeabi_dcmpeq
 .text.__aeabi_dcmplt
                0x000041b6       0x58 d:/programas/nxp/mcuxpressoide_11.5.0_7232/ide/plugins/com.nxp.mcuxpresso.tools.win32_11.5.0.202107051138/tools/bin/../lib/gcc/arm-none-eabi/10.3.1/thumb/v7-m/nofp\libcr_eabihelpers.a(double.o)
                0x000041b6                __aeabi_dcmplt
 .text.__aeabi_dcmple
                0x0000420e       0x62 d:/programas/nxp/mcuxpressoide_11.5.0_7232/ide/plugins/com.nxp.mcuxpresso.tools.win32_11.5.0.202107051138/tools/bin/../lib/gcc/arm-none-eabi/10.3.1/thumb/v7-m/nofp\libcr_eabihelpers.a(double.o)
                0x0000420e                __aeabi_dcmple
 .text.__aeabi_dcmpge
                0x00004270       0x62 d:/programas/nxp/mcuxpressoide_11.5.0_7232/ide/plugins/com.nxp.mcuxpresso.tools.win32_11.5.0.202107051138/tools/bin/../lib/gcc/arm-none-eabi/10.3.1/thumb/v7-m/nofp\libcr_eabihelpers.a(double.o)
                0x00004270                __aeabi_dcmpge
 .text.__aeabi_memset_lowlevel
                0x000042d2       0x32 d:/programas/nxp/mcuxpressoide_11.5.0_7232/ide/plugins/com.nxp.mcuxpresso.tools.win32_11.5.0.202107051138/tools/bin/../lib/gcc/arm-none-eabi/10.3.1/thumb/v7-m/nofp\libcr_eabihelpers.a(memcpy.o)
                0x000042d2                __aeabi_lowlevel_memset
 .text.__sys_appexit
                0x00004304        0x2 d:/programas/nxp/mcuxpressoide_11.5.0_7232/ide/plugins/com.nxp.mcuxpresso.tools.win32_11.5.0.202107051138/tools/bin/../lib/gcc/arm-none-eabi/10.3.1/../../../../arm-none-eabi/lib/thumb/v7-m/nofp\libcr_nohost.a(__sys_appexit.o)
                0x00004304                __sys_appexit
                0x00004304                __exit
 .text.__sys_close
                0x00004306        0x6 d:/programas/nxp/mcuxpressoide_11.5.0_7232/ide/plugins/com.nxp.mcuxpresso.tools.win32_11.5.0.202107051138/tools/bin/../lib/gcc/arm-none-eabi/10.3.1/../../../../arm-none-eabi/lib/thumb/v7-m/nofp\libcr_nohost.a(__sys_close.o)
                0x00004306                __sys_close
 .text.__sys_flen
                0x0000430c        0x6 d:/programas/nxp/mcuxpressoide_11.5.0_7232/ide/plugins/com.nxp.mcuxpresso.tools.win32_11.5.0.202107051138/tools/bin/../lib/gcc/arm-none-eabi/10.3.1/../../../../arm-none-eabi/lib/thumb/v7-m/nofp\libcr_nohost.a(__sys_flen.o)
                0x0000430c                __sys_flen
 .text.__sys_istty
                0x00004312        0x6 d:/programas/nxp/mcuxpressoide_11.5.0_7232/ide/plugins/com.nxp.mcuxpresso.tools.win32_11.5.0.202107051138/tools/bin/../lib/gcc/arm-none-eabi/10.3.1/../../../../arm-none-eabi/lib/thumb/v7-m/nofp\libcr_nohost.a(__sys_istty.o)
                0x00004312                __sys_istty
 .text.__sys_remove
                0x00004318        0x6 d:/programas/nxp/mcuxpressoide_11.5.0_7232/ide/plugins/com.nxp.mcuxpresso.tools.win32_11.5.0.202107051138/tools/bin/../lib/gcc/arm-none-eabi/10.3.1/../../../../arm-none-eabi/lib/thumb/v7-m/nofp\libcr_nohost.a(__sys_remove.o)
                0x00004318                __sys_remove
 .text.__sys_seek
                0x0000431e        0x6 d:/programas/nxp/mcuxpressoide_11.5.0_7232/ide/plugins/com.nxp.mcuxpresso.tools.win32_11.5.0.202107051138/tools/bin/../lib/gcc/arm-none-eabi/10.3.1/../../../../arm-none-eabi/lib/thumb/v7-m/nofp\libcr_nohost.a(__sys_seek.o)
                0x0000431e                __sys_seek
 .text.__sys_tmpnam
                0x00004324        0x6 d:/programas/nxp/mcuxpressoide_11.5.0_7232/ide/plugins/com.nxp.mcuxpresso.tools.win32_11.5.0.202107051138/tools/bin/../lib/gcc/arm-none-eabi/10.3.1/../../../../arm-none-eabi/lib/thumb/v7-m/nofp\libcr_nohost.a(__sys_tmpnam.o)
                0x00004324                __sys_tmpnam
 *(.rodata .rodata.* .constdata .constdata.*)
 *fill*         0x0000432a        0x2 ff
 .rodata.vUARTTask.str1.4
                0x0000432c        0xb ./medidor_impedancia/src/main.o
 *fill*         0x00004337        0x1 ff
 .rodata.main.str1.4
                0x00004338       0x1a ./medidor_impedancia/src/main.o
 *fill*         0x00004352        0x2 ff
 .rodata.vTaskStartScheduler.str1.4
                0x00004354        0x5 ./freertos/src/tasks.o
 *fill*         0x00004359        0x3 ff
 .rodata.OscRateIn
                0x0000435c        0x4 D:\UTN-FRA\FisicaElectronicaIII\zt5\lpc\LPCworkspace\lpc_board_nxp_lpcxpresso_1769\Debug\liblpc_board_nxp_lpcxpresso_1769.a(board.o)
                0x0000435c                OscRateIn
 .rodata.RTCOscRateIn
                0x00004360        0x4 D:\UTN-FRA\FisicaElectronicaIII\zt5\lpc\LPCworkspace\lpc_board_nxp_lpcxpresso_1769\Debug\liblpc_board_nxp_lpcxpresso_1769.a(board.o)
                0x00004360                RTCOscRateIn
 .rodata.pinmuxing
                0x00004364       0x5c D:\UTN-FRA\FisicaElectronicaIII\zt5\lpc\LPCworkspace\lpc_board_nxp_lpcxpresso_1769\Debug\liblpc_board_nxp_lpcxpresso_1769.a(board_sysinit.o)
 .rodata._Csys_alloc.str1.1
                0x000043c0       0x18 d:/programas/nxp/mcuxpressoide_11.5.0_7232/ide/plugins/com.nxp.mcuxpresso.tools.win32_11.5.0.202107051138/tools/bin/../lib/gcc/arm-none-eabi/10.3.1/../../../../arm-none-eabi/lib/thumb/v7-m/nofp\libcr_c.a(alloc.o)
 .rodata.fp_display.str1.1
                0x000043d8       0x34 d:/programas/nxp/mcuxpressoide_11.5.0_7232/ide/plugins/com.nxp.mcuxpresso.tools.win32_11.5.0.202107051138/tools/bin/../lib/gcc/arm-none-eabi/10.3.1/../../../../arm-none-eabi/lib/thumb/v7-m/nofp\libcr_c.a(fpprintf.o)
                                 0x35 (size before relaxing)
 .rodata._initio.str1.1
                0x0000440c        0x4 d:/programas/nxp/mcuxpressoide_11.5.0_7232/ide/plugins/com.nxp.mcuxpresso.tools.win32_11.5.0.202107051138/tools/bin/../lib/gcc/arm-none-eabi/10.3.1/../../../../arm-none-eabi/lib/thumb/v7-m/nofp\libcr_c.a(initio.o)
 .rodata.__vfprintf.str1.1
                0x00004410       0x31 d:/programas/nxp/mcuxpressoide_11.5.0_7232/ide/plugins/com.nxp.mcuxpresso.tools.win32_11.5.0.202107051138/tools/bin/../lib/gcc/arm-none-eabi/10.3.1/../../../../arm-none-eabi/lib/thumb/v7-m/nofp\libcr_c.a(printf.o)
                                 0x38 (size before relaxing)
 *fill*         0x00004441        0x3 ff
 .rodata.__num_Ciob_streams
                0x00004444        0x4 d:/programas/nxp/mcuxpressoide_11.5.0_7232/ide/plugins/com.nxp.mcuxpresso.tools.win32_11.5.0.202107051138/tools/bin/../lib/gcc/arm-none-eabi/10.3.1/../../../../arm-none-eabi/lib/thumb/v7-m/nofp\libcr_nohost.a(__ciob.o)
                0x00004444                __num_Ciob_streams
                0x00004448                . = ALIGN (0x4)

.glue_7         0x00004448        0x0
 .glue_7        0x00004448        0x0 linker stubs

.glue_7t        0x00004448        0x0
 .glue_7t       0x00004448        0x0 linker stubs

.vfp11_veneer   0x00004448        0x0
 .vfp11_veneer  0x00004448        0x0 linker stubs

.v4_bx          0x00004448        0x0
 .v4_bx         0x00004448        0x0 linker stubs

.iplt           0x00004448        0x0
 .iplt          0x00004448        0x0 ./medidor_impedancia/src/cr_startup_lpc175x_6x.o

.rel.dyn        0x00004448        0x0
 .rel.iplt      0x00004448        0x0 ./medidor_impedancia/src/cr_startup_lpc175x_6x.o

.ARM.extab
 *(.ARM.extab* .gnu.linkonce.armextab.*)

.ARM.exidx      0x00004448        0x0
                0x00004448                __exidx_start = .
 *(.ARM.exidx* .gnu.linkonce.armexidx.*)
                0x00004448                __exidx_end = .
                0x00004448                _etext = .

.data_RAM2      0x2007c000        0x0 load address 0x00004448
 FILL mask 0xff
                [!provide]                PROVIDE (__start_data_RAM2 = .)
                [!provide]                PROVIDE (__start_data_RamAHB32 = .)
 *(.ramfunc.$RAM2)
 *(.ramfunc.$RamAHB32)
 *(.data.$RAM2)
 *(.data.$RamAHB32)
 *(.data.$RAM2.*)
 *(.data.$RamAHB32.*)
                0x2007c000                . = ALIGN (0x4)
                [!provide]                PROVIDE (__end_data_RAM2 = .)
                [!provide]                PROVIDE (__end_data_RamAHB32 = .)

.uninit_RESERVED
                0x10000000        0x0
                0x10000000                _start_uninit_RESERVED = .
 *(.bss.$RESERVED*)
                0x10000000                . = ALIGN (0x4)
                0x10000000                _end_uninit_RESERVED = .

.data           0x10000000        0x8 load address 0x00004448
 FILL mask 0xff
                0x10000000                _data = .
                [!provide]                PROVIDE (__start_data_RAM = .)
                [!provide]                PROVIDE (__start_data_RamLoc32 = .)
 *(vtable)
 *(.ramfunc*)
 *(CodeQuickAccess)
 *(DataQuickAccess)
 *(RamFunction)
 *(.data*)
 .data.uxCriticalNesting
                0x10000000        0x4 ./freertos/src/port.o
 .data.xNextTaskUnblockTime
                0x10000004        0x4 ./freertos/src/tasks.o
                0x10000008                . = ALIGN (0x4)
                0x10000008                _edata = .
                [!provide]                PROVIDE (__end_data_RAM = .)
                [!provide]                PROVIDE (__end_data_RamLoc32 = .)

.igot.plt       0x10000008        0x0 load address 0x00004450
 .igot.plt      0x10000008        0x0 ./medidor_impedancia/src/cr_startup_lpc175x_6x.o

.bss_RAM2       0x2007c000        0x0
                [!provide]                PROVIDE (__start_bss_RAM2 = .)
                [!provide]                PROVIDE (__start_bss_RamAHB32 = .)
 *(.bss.$RAM2)
 *(.bss.$RamAHB32)
 *(.bss.$RAM2.*)
 *(.bss.$RamAHB32.*)
                0x2007c000                . = ALIGN ((. != 0x0)?0x4:0x1)
                [!provide]                PROVIDE (__end_bss_RAM2 = .)
                [!provide]                PROVIDE (__end_bss_RamAHB32 = .)

.bss            0x10000008      0x334
                0x10000008                _bss = .
                [!provide]                PROVIDE (__start_bss_RAM = .)
                [!provide]                PROVIDE (__start_bss_RamLoc32 = .)
 *(.bss*)
 .bss.ulTimerCountsForOneTick
                0x10000008        0x4 ./freertos/src/port.o
 .bss.xMaximumPossibleSuppressedTicks
                0x1000000c        0x4 ./freertos/src/port.o
 .bss.ulStoppedTimerCompensation
                0x10000010        0x4 ./freertos/src/port.o
 .bss.pxCurrentTCB
                0x10000014        0x4 ./freertos/src/tasks.o
                0x10000014                pxCurrentTCB
 .bss.pxReadyTasksLists
                0x10000018       0xa0 ./freertos/src/tasks.o
 .bss.xDelayedTaskList1
                0x100000b8       0x14 ./freertos/src/tasks.o
 .bss.xDelayedTaskList2
                0x100000cc       0x14 ./freertos/src/tasks.o
 .bss.pxDelayedTaskList
                0x100000e0        0x4 ./freertos/src/tasks.o
 .bss.pxOverflowDelayedTaskList
                0x100000e4        0x4 ./freertos/src/tasks.o
 .bss.xPendingReadyList
                0x100000e8       0x14 ./freertos/src/tasks.o
 .bss.xTasksWaitingTermination
                0x100000fc       0x14 ./freertos/src/tasks.o
 .bss.uxTasksDeleted
                0x10000110        0x4 ./freertos/src/tasks.o
 .bss.xSuspendedTaskList
                0x10000114       0x14 ./freertos/src/tasks.o
 .bss.uxCurrentNumberOfTasks
                0x10000128        0x4 ./freertos/src/tasks.o
 .bss.xTickCount
                0x1000012c        0x4 ./freertos/src/tasks.o
 .bss.uxTopReadyPriority
                0x10000130        0x4 ./freertos/src/tasks.o
 .bss.xSchedulerRunning
                0x10000134        0x4 ./freertos/src/tasks.o
 .bss.uxSchedulerSuspended
                0x10000138        0x4 ./freertos/src/tasks.o
 .bss.uxPendedTicks
                0x1000013c        0x4 ./freertos/src/tasks.o
 .bss.xYieldPending
                0x10000140        0x4 ./freertos/src/tasks.o
 .bss.xNumOfOverflows
                0x10000144        0x4 ./freertos/src/tasks.o
 .bss.uxTaskNumber
                0x10000148        0x4 ./freertos/src/tasks.o
 .bss.SystemCoreClock
                0x1000014c        0x4 D:\UTN-FRA\FisicaElectronicaIII\zt5\lpc\LPCworkspace\lpc_chip_175x_6x\Debug\liblpc_chip_175x_6x.a(chip_17xx_40xx.o)
                0x1000014c                SystemCoreClock
 .bss.__end_of_heap
                0x10000150        0x4 d:/programas/nxp/mcuxpressoide_11.5.0_7232/ide/plugins/com.nxp.mcuxpresso.tools.win32_11.5.0.202107051138/tools/bin/../lib/gcc/arm-none-eabi/10.3.1/../../../../arm-none-eabi/lib/thumb/v7-m/nofp\libcr_c.a(__init_alloc.o)
                0x10000150                __end_of_heap
 .bss.__heaps   0x10000154        0x4 d:/programas/nxp/mcuxpressoide_11.5.0_7232/ide/plugins/com.nxp.mcuxpresso.tools.win32_11.5.0.202107051138/tools/bin/../lib/gcc/arm-none-eabi/10.3.1/../../../../arm-none-eabi/lib/thumb/v7-m/nofp\libcr_c.a(__init_alloc.o)
                0x10000154                __heaps
 .bss.errno     0x10000158        0x4 d:/programas/nxp/mcuxpressoide_11.5.0_7232/ide/plugins/com.nxp.mcuxpresso.tools.win32_11.5.0.202107051138/tools/bin/../lib/gcc/arm-none-eabi/10.3.1/../../../../arm-none-eabi/lib/thumb/v7-m/nofp\libcr_c.a(errno.o)
                0x10000158                errno
 .bss.__Ciob    0x1000015c      0x1e0 d:/programas/nxp/mcuxpressoide_11.5.0_7232/ide/plugins/com.nxp.mcuxpresso.tools.win32_11.5.0.202107051138/tools/bin/../lib/gcc/arm-none-eabi/10.3.1/../../../../arm-none-eabi/lib/thumb/v7-m/nofp\libcr_nohost.a(__ciob.o)
                0x1000015c                __Ciob
 *(COMMON)
                0x1000033c                . = ALIGN (0x4)
                0x1000033c                _ebss = .
                [!provide]                PROVIDE (__end_bss_RAM = .)
                [!provide]                PROVIDE (__end_bss_RamLoc32 = .)
                [!provide]                PROVIDE (end = .)

.noinit_RAM2    0x2007c000        0x0
                [!provide]                PROVIDE (__start_noinit_RAM2 = .)
                [!provide]                PROVIDE (__start_noinit_RamAHB32 = .)
 *(.noinit.$RAM2)
 *(.noinit.$RamAHB32)
 *(.noinit.$RAM2.*)
 *(.noinit.$RamAHB32.*)
                0x2007c000                . = ALIGN (0x4)
                [!provide]                PROVIDE (__end_noinit_RAM2 = .)
                [!provide]                PROVIDE (__end_noinit_RamAHB32 = .)

.noinit         0x1000033c        0x0
                0x1000033c                _noinit = .
                [!provide]                PROVIDE (__start_noinit_RAM = .)
                [!provide]                PROVIDE (__start_noinit_RamLoc32 = .)
 *(.noinit*)
                0x1000033c                . = ALIGN (0x4)
                0x1000033c                _end_noinit = .
                [!provide]                PROVIDE (__end_noinit_RAM = .)
                [!provide]                PROVIDE (__end_noinit_RamLoc32 = .)
                0x1000033c                PROVIDE (_pvHeapStart = DEFINED (__user_heap_base)?__user_heap_base:.)
                0x10008000                PROVIDE (_vStackTop = DEFINED (__user_stack_top)?__user_stack_top:(__top_RamLoc32 - 0x0))
                [!provide]                PROVIDE (__valid_user_code_checksum = (0x0 - ((((((_vStackTop + (ResetISR + 0x1)) + (NMI_Handler + 0x1)) + (HardFault_Handler + 0x1)) + (DEFINED (MemManage_Handler)?MemManage_Handler:0x0 + 0x1)) + (DEFINED (BusFault_Handler)?BusFault_Handler:0x0 + 0x1)) + (DEFINED (UsageFault_Handler)?UsageFault_Handler:0x0 + 0x1))))
                0x00000000                _image_start = LOADADDR (.text)
                0x00004450                _image_end = (LOADADDR (.data) + SIZEOF (.data))
                0x00004450                _image_size = (_image_end - _image_start)
OUTPUT(medidor_impedancia.axf elf32-littlearm)
LOAD linker stubs

.debug_info     0x00000000     0x618c
 .debug_info    0x00000000      0x27f ./medidor_impedancia/src/cr_startup_lpc175x_6x.o
 .debug_info    0x0000027f      0x131 ./medidor_impedancia/src/main.o
 .debug_info    0x000003b0       0xbb ./medidor_impedancia/src/sysinit.o
 .debug_info    0x0000046b      0x16f ./freertos/src/FreeRTOSCommonHooks.o
 .debug_info    0x000005da       0xed ./freertos/src/heap_3.o
 .debug_info    0x000006c7      0x2a4 ./freertos/src/list.o
 .debug_info    0x0000096b      0x3c1 ./freertos/src/port.o
 .debug_info    0x00000d2c     0x12b3 ./freertos/src/tasks.o
 .debug_info    0x00001fdf     0x14de D:\UTN-FRA\FisicaElectronicaIII\zt5\lpc\LPCworkspace\lpc_board_nxp_lpcxpresso_1769\Debug\liblpc_board_nxp_lpcxpresso_1769.a(board.o)
 .debug_info    0x000034bd      0x594 D:\UTN-FRA\FisicaElectronicaIII\zt5\lpc\LPCworkspace\lpc_board_nxp_lpcxpresso_1769\Debug\liblpc_board_nxp_lpcxpresso_1769.a(board_sysinit.o)
 .debug_info    0x00003a51      0x51e D:\UTN-FRA\FisicaElectronicaIII\zt5\lpc\LPCworkspace\lpc_chip_175x_6x\Debug\liblpc_chip_175x_6x.a(chip_17xx_40xx.o)
 .debug_info    0x00003f6f      0xbc8 D:\UTN-FRA\FisicaElectronicaIII\zt5\lpc\LPCworkspace\lpc_chip_175x_6x\Debug\liblpc_chip_175x_6x.a(clock_17xx_40xx.o)
 .debug_info    0x00004b37      0x2c8 D:\UTN-FRA\FisicaElectronicaIII\zt5\lpc\LPCworkspace\lpc_chip_175x_6x\Debug\liblpc_chip_175x_6x.a(iocon_17xx_40xx.o)
 .debug_info    0x00004dff      0x431 D:\UTN-FRA\FisicaElectronicaIII\zt5\lpc\LPCworkspace\lpc_chip_175x_6x\Debug\liblpc_chip_175x_6x.a(sysinit_17xx_40xx.o)
 .debug_info    0x00005230      0xf5c D:\UTN-FRA\FisicaElectronicaIII\zt5\lpc\LPCworkspace\lpc_chip_175x_6x\Debug\liblpc_chip_175x_6x.a(uart_17xx_40xx.o)

.debug_abbrev   0x00000000     0x18b0
 .debug_abbrev  0x00000000      0x122 ./medidor_impedancia/src/cr_startup_lpc175x_6x.o
 .debug_abbrev  0x00000122       0xb3 ./medidor_impedancia/src/main.o
 .debug_abbrev  0x000001d5       0x7b ./medidor_impedancia/src/sysinit.o
 .debug_abbrev  0x00000250      0x10d ./freertos/src/FreeRTOSCommonHooks.o
 .debug_abbrev  0x0000035d       0xae ./freertos/src/heap_3.o
 .debug_abbrev  0x0000040b       0xeb ./freertos/src/list.o
 .debug_abbrev  0x000004f6      0x1e2 ./freertos/src/port.o
 .debug_abbrev  0x000006d8      0x25f ./freertos/src/tasks.o
 .debug_abbrev  0x00000937      0x3f0 D:\UTN-FRA\FisicaElectronicaIII\zt5\lpc\LPCworkspace\lpc_board_nxp_lpcxpresso_1769\Debug\liblpc_board_nxp_lpcxpresso_1769.a(board.o)
 .debug_abbrev  0x00000d27      0x156 D:\UTN-FRA\FisicaElectronicaIII\zt5\lpc\LPCworkspace\lpc_board_nxp_lpcxpresso_1769\Debug\liblpc_board_nxp_lpcxpresso_1769.a(board_sysinit.o)
 .debug_abbrev  0x00000e7d      0x145 D:\UTN-FRA\FisicaElectronicaIII\zt5\lpc\LPCworkspace\lpc_chip_175x_6x\Debug\liblpc_chip_175x_6x.a(chip_17xx_40xx.o)
 .debug_abbrev  0x00000fc2      0x325 D:\UTN-FRA\FisicaElectronicaIII\zt5\lpc\LPCworkspace\lpc_chip_175x_6x\Debug\liblpc_chip_175x_6x.a(clock_17xx_40xx.o)
 .debug_abbrev  0x000012e7      0x132 D:\UTN-FRA\FisicaElectronicaIII\zt5\lpc\LPCworkspace\lpc_chip_175x_6x\Debug\liblpc_chip_175x_6x.a(iocon_17xx_40xx.o)
 .debug_abbrev  0x00001419      0x175 D:\UTN-FRA\FisicaElectronicaIII\zt5\lpc\LPCworkspace\lpc_chip_175x_6x\Debug\liblpc_chip_175x_6x.a(sysinit_17xx_40xx.o)
 .debug_abbrev  0x0000158e      0x322 D:\UTN-FRA\FisicaElectronicaIII\zt5\lpc\LPCworkspace\lpc_chip_175x_6x\Debug\liblpc_chip_175x_6x.a(uart_17xx_40xx.o)

.debug_aranges  0x00000000      0x828
 .debug_aranges
                0x00000000       0x80 ./medidor_impedancia/src/cr_startup_lpc175x_6x.o
 .debug_aranges
                0x00000080       0x38 ./medidor_impedancia/src/main.o
 .debug_aranges
                0x000000b8       0x20 ./medidor_impedancia/src/sysinit.o
 .debug_aranges
                0x000000d8       0x40 ./freertos/src/FreeRTOSCommonHooks.o
 .debug_aranges
                0x00000118       0x28 ./freertos/src/heap_3.o
 .debug_aranges
                0x00000140       0x40 ./freertos/src/list.o
 .debug_aranges
                0x00000180       0x90 ./freertos/src/port.o
 .debug_aranges
                0x00000210      0x170 ./freertos/src/tasks.o
 .debug_aranges
                0x00000380      0x160 D:\UTN-FRA\FisicaElectronicaIII\zt5\lpc\LPCworkspace\lpc_board_nxp_lpcxpresso_1769\Debug\liblpc_board_nxp_lpcxpresso_1769.a(board.o)
 .debug_aranges
                0x000004e0       0x38 D:\UTN-FRA\FisicaElectronicaIII\zt5\lpc\LPCworkspace\lpc_board_nxp_lpcxpresso_1769\Debug\liblpc_board_nxp_lpcxpresso_1769.a(board_sysinit.o)
 .debug_aranges
                0x00000518       0x38 D:\UTN-FRA\FisicaElectronicaIII\zt5\lpc\LPCworkspace\lpc_chip_175x_6x\Debug\liblpc_chip_175x_6x.a(chip_17xx_40xx.o)
 .debug_aranges
                0x00000550      0x120 D:\UTN-FRA\FisicaElectronicaIII\zt5\lpc\LPCworkspace\lpc_chip_175x_6x\Debug\liblpc_chip_175x_6x.a(clock_17xx_40xx.o)
 .debug_aranges
                0x00000670       0x30 D:\UTN-FRA\FisicaElectronicaIII\zt5\lpc\LPCworkspace\lpc_chip_175x_6x\Debug\liblpc_chip_175x_6x.a(iocon_17xx_40xx.o)
 .debug_aranges
                0x000006a0       0x60 D:\UTN-FRA\FisicaElectronicaIII\zt5\lpc\LPCworkspace\lpc_chip_175x_6x\Debug\liblpc_chip_175x_6x.a(sysinit_17xx_40xx.o)
 .debug_aranges
                0x00000700      0x128 D:\UTN-FRA\FisicaElectronicaIII\zt5\lpc\LPCworkspace\lpc_chip_175x_6x\Debug\liblpc_chip_175x_6x.a(uart_17xx_40xx.o)

.debug_ranges   0x00000000      0x738
 .debug_ranges  0x00000000       0x70 ./medidor_impedancia/src/cr_startup_lpc175x_6x.o
 .debug_ranges  0x00000070       0x28 ./medidor_impedancia/src/main.o
 .debug_ranges  0x00000098       0x10 ./medidor_impedancia/src/sysinit.o
 .debug_ranges  0x000000a8       0x30 ./freertos/src/FreeRTOSCommonHooks.o
 .debug_ranges  0x000000d8       0x18 ./freertos/src/heap_3.o
 .debug_ranges  0x000000f0       0x30 ./freertos/src/list.o
 .debug_ranges  0x00000120       0x80 ./freertos/src/port.o
 .debug_ranges  0x000001a0      0x160 ./freertos/src/tasks.o
 .debug_ranges  0x00000300      0x150 D:\UTN-FRA\FisicaElectronicaIII\zt5\lpc\LPCworkspace\lpc_board_nxp_lpcxpresso_1769\Debug\liblpc_board_nxp_lpcxpresso_1769.a(board.o)
 .debug_ranges  0x00000450       0x28 D:\UTN-FRA\FisicaElectronicaIII\zt5\lpc\LPCworkspace\lpc_board_nxp_lpcxpresso_1769\Debug\liblpc_board_nxp_lpcxpresso_1769.a(board_sysinit.o)
 .debug_ranges  0x00000478       0x28 D:\UTN-FRA\FisicaElectronicaIII\zt5\lpc\LPCworkspace\lpc_chip_175x_6x\Debug\liblpc_chip_175x_6x.a(chip_17xx_40xx.o)
 .debug_ranges  0x000004a0      0x110 D:\UTN-FRA\FisicaElectronicaIII\zt5\lpc\LPCworkspace\lpc_chip_175x_6x\Debug\liblpc_chip_175x_6x.a(clock_17xx_40xx.o)
 .debug_ranges  0x000005b0       0x20 D:\UTN-FRA\FisicaElectronicaIII\zt5\lpc\LPCworkspace\lpc_chip_175x_6x\Debug\liblpc_chip_175x_6x.a(iocon_17xx_40xx.o)
 .debug_ranges  0x000005d0       0x50 D:\UTN-FRA\FisicaElectronicaIII\zt5\lpc\LPCworkspace\lpc_chip_175x_6x\Debug\liblpc_chip_175x_6x.a(sysinit_17xx_40xx.o)
 .debug_ranges  0x00000620      0x118 D:\UTN-FRA\FisicaElectronicaIII\zt5\lpc\LPCworkspace\lpc_chip_175x_6x\Debug\liblpc_chip_175x_6x.a(uart_17xx_40xx.o)

.debug_macro    0x00000000     0x6273
 .debug_macro   0x00000000       0x1d ./medidor_impedancia/src/cr_startup_lpc175x_6x.o
 .debug_macro   0x0000001d      0xa78 ./medidor_impedancia/src/cr_startup_lpc175x_6x.o
 .debug_macro   0x00000a95      0x28c ./medidor_impedancia/src/main.o
 .debug_macro   0x00000d21       0x10 ./medidor_impedancia/src/main.o
 .debug_macro   0x00000d31      0x12e ./medidor_impedancia/src/main.o
 .debug_macro   0x00000e5f      0x5b3 ./medidor_impedancia/src/main.o
 .debug_macro   0x00001412       0x22 ./medidor_impedancia/src/main.o
 .debug_macro   0x00001434       0x7b ./medidor_impedancia/src/main.o
 .debug_macro   0x000014af       0x10 ./medidor_impedancia/src/main.o
 .debug_macro   0x000014bf       0x2d ./medidor_impedancia/src/main.o
 .debug_macro   0x000014ec       0x3a ./medidor_impedancia/src/main.o
 .debug_macro   0x00001526       0x2d ./medidor_impedancia/src/main.o
 .debug_macro   0x00001553      0xbb1 ./medidor_impedancia/src/main.o
 .debug_macro   0x00002104      0x22c ./medidor_impedancia/src/main.o
 .debug_macro   0x00002330       0x42 ./medidor_impedancia/src/main.o
 .debug_macro   0x00002372       0x52 ./medidor_impedancia/src/main.o
 .debug_macro   0x000023c4       0x78 ./medidor_impedancia/src/main.o
 .debug_macro   0x0000243c       0x82 ./medidor_impedancia/src/main.o
 .debug_macro   0x000024be      0x48c ./medidor_impedancia/src/main.o
 .debug_macro   0x0000294a       0x34 ./medidor_impedancia/src/main.o
 .debug_macro   0x0000297e      0x4c5 ./medidor_impedancia/src/main.o
 .debug_macro   0x00002e43      0x1b7 ./medidor_impedancia/src/main.o
 .debug_macro   0x00002ffa       0x10 ./medidor_impedancia/src/main.o
 .debug_macro   0x0000300a      0x21b ./medidor_impedancia/src/main.o
 .debug_macro   0x00003225      0x1b9 ./medidor_impedancia/src/main.o
 .debug_macro   0x000033de       0x40 ./medidor_impedancia/src/main.o
 .debug_macro   0x0000341e       0x22 ./medidor_impedancia/src/main.o
 .debug_macro   0x00003440      0x162 ./medidor_impedancia/src/main.o
 .debug_macro   0x000035a2       0x94 ./medidor_impedancia/src/main.o
 .debug_macro   0x00003636       0xb8 ./medidor_impedancia/src/main.o
 .debug_macro   0x000036ee       0x4c ./medidor_impedancia/src/main.o
 .debug_macro   0x0000373a       0x16 ./medidor_impedancia/src/main.o
 .debug_macro   0x00003750      0x328 ./medidor_impedancia/src/main.o
 .debug_macro   0x00003a78       0x49 ./medidor_impedancia/src/main.o
 .debug_macro   0x00003ac1       0x16 ./medidor_impedancia/src/main.o
 .debug_macro   0x00003ad7       0xca ./medidor_impedancia/src/main.o
 .debug_macro   0x00003ba1       0x18 ./medidor_impedancia/src/main.o
 .debug_macro   0x00003bb9       0x70 ./medidor_impedancia/src/main.o
 .debug_macro   0x00003c29       0x9a ./medidor_impedancia/src/main.o
 .debug_macro   0x00003cc3       0x20 ./medidor_impedancia/src/main.o
 .debug_macro   0x00003ce3       0x28 ./medidor_impedancia/src/main.o
 .debug_macro   0x00003d0b       0x10 ./medidor_impedancia/src/main.o
 .debug_macro   0x00003d1b       0x46 ./medidor_impedancia/src/main.o
 .debug_macro   0x00003d61       0xf4 ./medidor_impedancia/src/main.o
 .debug_macro   0x00003e55       0xab ./medidor_impedancia/src/main.o
 .debug_macro   0x00003f00       0x12 ./medidor_impedancia/src/main.o
 .debug_macro   0x00003f12       0x1f ./medidor_impedancia/src/main.o
 .debug_macro   0x00003f31      0x257 ./medidor_impedancia/src/main.o
 .debug_macro   0x00004188       0x64 ./medidor_impedancia/src/main.o
 .debug_macro   0x000041ec       0x57 ./medidor_impedancia/src/main.o
 .debug_macro   0x00004243      0x217 ./medidor_impedancia/src/sysinit.o
 .debug_macro   0x0000445a      0x29c ./freertos/src/FreeRTOSCommonHooks.o
 .debug_macro   0x000046f6       0x16 ./freertos/src/FreeRTOSCommonHooks.o
 .debug_macro   0x0000470c       0x74 ./freertos/src/FreeRTOSCommonHooks.o
 .debug_macro   0x00004780       0x11 ./freertos/src/FreeRTOSCommonHooks.o
 .debug_macro   0x00004791       0xee ./freertos/src/FreeRTOSCommonHooks.o
 .debug_macro   0x0000487f      0x2b2 ./freertos/src/heap_3.o
 .debug_macro   0x00004b31       0x28 ./freertos/src/heap_3.o
 .debug_macro   0x00004b59      0x297 ./freertos/src/list.o
 .debug_macro   0x00004df0      0x329 ./freertos/src/port.o
 .debug_macro   0x00005119      0x336 ./freertos/src/tasks.o
 .debug_macro   0x0000544f       0x5b ./freertos/src/tasks.o
 .debug_macro   0x000054aa       0x16 ./freertos/src/tasks.o
 .debug_macro   0x000054c0      0x289 D:\UTN-FRA\FisicaElectronicaIII\zt5\lpc\LPCworkspace\lpc_board_nxp_lpcxpresso_1769\Debug\liblpc_board_nxp_lpcxpresso_1769.a(board.o)
 .debug_macro   0x00005749       0x12 D:\UTN-FRA\FisicaElectronicaIII\zt5\lpc\LPCworkspace\lpc_board_nxp_lpcxpresso_1769\Debug\liblpc_board_nxp_lpcxpresso_1769.a(board.o)
 .debug_macro   0x0000575b      0x217 D:\UTN-FRA\FisicaElectronicaIII\zt5\lpc\LPCworkspace\lpc_board_nxp_lpcxpresso_1769\Debug\liblpc_board_nxp_lpcxpresso_1769.a(board_sysinit.o)
 .debug_macro   0x00005972      0x1cd D:\UTN-FRA\FisicaElectronicaIII\zt5\lpc\LPCworkspace\lpc_chip_175x_6x\Debug\liblpc_chip_175x_6x.a(chip_17xx_40xx.o)
 .debug_macro   0x00005b3f      0x1cd D:\UTN-FRA\FisicaElectronicaIII\zt5\lpc\LPCworkspace\lpc_chip_175x_6x\Debug\liblpc_chip_175x_6x.a(clock_17xx_40xx.o)
 .debug_macro   0x00005d0c      0x1cd D:\UTN-FRA\FisicaElectronicaIII\zt5\lpc\LPCworkspace\lpc_chip_175x_6x\Debug\liblpc_chip_175x_6x.a(iocon_17xx_40xx.o)
 .debug_macro   0x00005ed9      0x1cd D:\UTN-FRA\FisicaElectronicaIII\zt5\lpc\LPCworkspace\lpc_chip_175x_6x\Debug\liblpc_chip_175x_6x.a(sysinit_17xx_40xx.o)
 .debug_macro   0x000060a6      0x1cd D:\UTN-FRA\FisicaElectronicaIII\zt5\lpc\LPCworkspace\lpc_chip_175x_6x\Debug\liblpc_chip_175x_6x.a(uart_17xx_40xx.o)

.debug_line     0x00000000     0x7330
 .debug_line    0x00000000      0x173 ./medidor_impedancia/src/cr_startup_lpc175x_6x.o
 .debug_line    0x00000173      0x6d5 ./medidor_impedancia/src/main.o
 .debug_line    0x00000848      0x535 ./medidor_impedancia/src/sysinit.o
 .debug_line    0x00000d7d      0x6ea ./freertos/src/FreeRTOSCommonHooks.o
 .debug_line    0x00001467      0x689 ./freertos/src/heap_3.o
 .debug_line    0x00001af0      0x752 ./freertos/src/list.o
 .debug_line    0x00002242      0x91a ./freertos/src/port.o
 .debug_line    0x00002b5c     0x1335 ./freertos/src/tasks.o
 .debug_line    0x00003e91      0xaa5 D:\UTN-FRA\FisicaElectronicaIII\zt5\lpc\LPCworkspace\lpc_board_nxp_lpcxpresso_1769\Debug\liblpc_board_nxp_lpcxpresso_1769.a(board.o)
 .debug_line    0x00004936      0x57b D:\UTN-FRA\FisicaElectronicaIII\zt5\lpc\LPCworkspace\lpc_board_nxp_lpcxpresso_1769\Debug\liblpc_board_nxp_lpcxpresso_1769.a(board_sysinit.o)
 .debug_line    0x00004eb1      0x52d D:\UTN-FRA\FisicaElectronicaIII\zt5\lpc\LPCworkspace\lpc_chip_175x_6x\Debug\liblpc_chip_175x_6x.a(chip_17xx_40xx.o)
 .debug_line    0x000053de      0x994 D:\UTN-FRA\FisicaElectronicaIII\zt5\lpc\LPCworkspace\lpc_chip_175x_6x\Debug\liblpc_chip_175x_6x.a(clock_17xx_40xx.o)
 .debug_line    0x00005d72      0x549 D:\UTN-FRA\FisicaElectronicaIII\zt5\lpc\LPCworkspace\lpc_chip_175x_6x\Debug\liblpc_chip_175x_6x.a(iocon_17xx_40xx.o)
 .debug_line    0x000062bb      0x606 D:\UTN-FRA\FisicaElectronicaIII\zt5\lpc\LPCworkspace\lpc_chip_175x_6x\Debug\liblpc_chip_175x_6x.a(sysinit_17xx_40xx.o)
 .debug_line    0x000068c1      0xa6f D:\UTN-FRA\FisicaElectronicaIII\zt5\lpc\LPCworkspace\lpc_chip_175x_6x\Debug\liblpc_chip_175x_6x.a(uart_17xx_40xx.o)

.debug_str      0x00000000    0x172ca
 .debug_str     0x00000000     0x2e79 ./medidor_impedancia/src/cr_startup_lpc175x_6x.o
                               0x2eb7 (size before relaxing)
 .debug_str     0x00002e79    0x1055f ./medidor_impedancia/src/main.o
                              0x132ff (size before relaxing)
 .debug_str     0x000133d8       0x2e ./medidor_impedancia/src/sysinit.o
                              0x1119a (size before relaxing)
 .debug_str     0x00013406       0xf0 ./freertos/src/FreeRTOSCommonHooks.o
                              0x1334e (size before relaxing)
 .debug_str     0x000134f6      0x103 ./freertos/src/heap_3.o
                              0x13359 (size before relaxing)
 .debug_str     0x000135f9      0x12e ./freertos/src/list.o
                              0x1309e (size before relaxing)
 .debug_str     0x00013727      0x8f9 ./freertos/src/port.o
                              0x13bae (size before relaxing)
 .debug_str     0x00014020     0x153a ./freertos/src/tasks.o
                              0x14b69 (size before relaxing)
 .debug_str     0x0001555a      0xd30 D:\UTN-FRA\FisicaElectronicaIII\zt5\lpc\LPCworkspace\lpc_board_nxp_lpcxpresso_1769\Debug\liblpc_board_nxp_lpcxpresso_1769.a(board.o)
                              0x12080 (size before relaxing)
 .debug_str     0x0001628a      0x22d D:\UTN-FRA\FisicaElectronicaIII\zt5\lpc\LPCworkspace\lpc_board_nxp_lpcxpresso_1769\Debug\liblpc_board_nxp_lpcxpresso_1769.a(board_sysinit.o)
                              0x115a3 (size before relaxing)
 .debug_str     0x000164b7       0xbf D:\UTN-FRA\FisicaElectronicaIII\zt5\lpc\LPCworkspace\lpc_chip_175x_6x\Debug\liblpc_chip_175x_6x.a(chip_17xx_40xx.o)
                              0x1129b (size before relaxing)
 .debug_str     0x00016576      0x857 D:\UTN-FRA\FisicaElectronicaIII\zt5\lpc\LPCworkspace\lpc_chip_175x_6x\Debug\liblpc_chip_175x_6x.a(clock_17xx_40xx.o)
                              0x11920 (size before relaxing)
 .debug_str     0x00016dcd       0x79 D:\UTN-FRA\FisicaElectronicaIII\zt5\lpc\LPCworkspace\lpc_chip_175x_6x\Debug\liblpc_chip_175x_6x.a(iocon_17xx_40xx.o)
                              0x10d86 (size before relaxing)
 .debug_str     0x00016e46       0xc4 D:\UTN-FRA\FisicaElectronicaIII\zt5\lpc\LPCworkspace\lpc_chip_175x_6x\Debug\liblpc_chip_175x_6x.a(sysinit_17xx_40xx.o)
                              0x10f6e (size before relaxing)
 .debug_str     0x00016f0a      0x3c0 D:\UTN-FRA\FisicaElectronicaIII\zt5\lpc\LPCworkspace\lpc_chip_175x_6x\Debug\liblpc_chip_175x_6x.a(uart_17xx_40xx.o)
                              0x117de (size before relaxing)

.comment        0x00000000       0x49
 .comment       0x00000000       0x49 ./medidor_impedancia/src/cr_startup_lpc175x_6x.o
                                 0x4a (size before relaxing)
 .comment       0x00000049       0x4a ./medidor_impedancia/src/main.o
 .comment       0x00000049       0x4a ./medidor_impedancia/src/sysinit.o
 .comment       0x00000049       0x4a ./freertos/src/FreeRTOSCommonHooks.o
 .comment       0x00000049       0x4a ./freertos/src/heap_3.o
 .comment       0x00000049       0x4a ./freertos/src/list.o
 .comment       0x00000049       0x4a ./freertos/src/port.o
 .comment       0x00000049       0x4a ./freertos/src/tasks.o
 .comment       0x00000049       0x4a D:\UTN-FRA\FisicaElectronicaIII\zt5\lpc\LPCworkspace\lpc_board_nxp_lpcxpresso_1769\Debug\liblpc_board_nxp_lpcxpresso_1769.a(board.o)
 .comment       0x00000049       0x4a D:\UTN-FRA\FisicaElectronicaIII\zt5\lpc\LPCworkspace\lpc_board_nxp_lpcxpresso_1769\Debug\liblpc_board_nxp_lpcxpresso_1769.a(board_sysinit.o)
 .comment       0x00000049       0x4a D:\UTN-FRA\FisicaElectronicaIII\zt5\lpc\LPCworkspace\lpc_chip_175x_6x\Debug\liblpc_chip_175x_6x.a(chip_17xx_40xx.o)
 .comment       0x00000049       0x4a D:\UTN-FRA\FisicaElectronicaIII\zt5\lpc\LPCworkspace\lpc_chip_175x_6x\Debug\liblpc_chip_175x_6x.a(clock_17xx_40xx.o)
 .comment       0x00000049       0x4a D:\UTN-FRA\FisicaElectronicaIII\zt5\lpc\LPCworkspace\lpc_chip_175x_6x\Debug\liblpc_chip_175x_6x.a(iocon_17xx_40xx.o)
 .comment       0x00000049       0x4a D:\UTN-FRA\FisicaElectronicaIII\zt5\lpc\LPCworkspace\lpc_chip_175x_6x\Debug\liblpc_chip_175x_6x.a(sysinit_17xx_40xx.o)
 .comment       0x00000049       0x4a D:\UTN-FRA\FisicaElectronicaIII\zt5\lpc\LPCworkspace\lpc_chip_175x_6x\Debug\liblpc_chip_175x_6x.a(uart_17xx_40xx.o)
 .comment       0x00000049       0x4a d:/programas/nxp/mcuxpressoide_11.5.0_7232/ide/plugins/com.nxp.mcuxpresso.tools.win32_11.5.0.202107051138/tools/bin/../lib/gcc/arm-none-eabi/10.3.1/../../../../arm-none-eabi/lib/thumb/v7-m/nofp\libcr_nohost.a(_cr__main.o)
 .comment       0x00000049       0x4a d:/programas/nxp/mcuxpressoide_11.5.0_7232/ide/plugins/com.nxp.mcuxpresso.tools.win32_11.5.0.202107051138/tools/bin/../lib/gcc/arm-none-eabi/10.3.1/../../../../arm-none-eabi/lib/thumb/v7-m/nofp\libcr_c.a(memset.o)
 .comment       0x00000049       0x4a d:/programas/nxp/mcuxpressoide_11.5.0_7232/ide/plugins/com.nxp.mcuxpresso.tools.win32_11.5.0.202107051138/tools/bin/../lib/gcc/arm-none-eabi/10.3.1/../../../../arm-none-eabi/lib/thumb/v7-m/nofp\libcr_c.a(alloc.o)
 .comment       0x00000049       0x4a d:/programas/nxp/mcuxpressoide_11.5.0_7232/ide/plugins/com.nxp.mcuxpresso.tools.win32_11.5.0.202107051138/tools/bin/../lib/gcc/arm-none-eabi/10.3.1/../../../../arm-none-eabi/lib/thumb/v7-m/nofp\libcr_c.a(fpprintf.o)
 .comment       0x00000049       0x4a d:/programas/nxp/mcuxpressoide_11.5.0_7232/ide/plugins/com.nxp.mcuxpresso.tools.win32_11.5.0.202107051138/tools/bin/../lib/gcc/arm-none-eabi/10.3.1/../../../../arm-none-eabi/lib/thumb/v7-m/nofp\libcr_c.a(initio.o)
 .comment       0x00000049       0x4a d:/programas/nxp/mcuxpressoide_11.5.0_7232/ide/plugins/com.nxp.mcuxpresso.tools.win32_11.5.0.202107051138/tools/bin/../lib/gcc/arm-none-eabi/10.3.1/../../../../arm-none-eabi/lib/thumb/v7-m/nofp\libcr_c.a(printf.o)
 .comment       0x00000049       0x4a d:/programas/nxp/mcuxpressoide_11.5.0_7232/ide/plugins/com.nxp.mcuxpresso.tools.win32_11.5.0.202107051138/tools/bin/../lib/gcc/arm-none-eabi/10.3.1/../../../../arm-none-eabi/lib/thumb/v7-m/nofp\libcr_c.a(setvbuf.o)
 .comment       0x00000049       0x4a d:/programas/nxp/mcuxpressoide_11.5.0_7232/ide/plugins/com.nxp.mcuxpresso.tools.win32_11.5.0.202107051138/tools/bin/../lib/gcc/arm-none-eabi/10.3.1/../../../../arm-none-eabi/lib/thumb/v7-m/nofp\libcr_c.a(strlen.o)
 .comment       0x00000049       0x4a d:/programas/nxp/mcuxpressoide_11.5.0_7232/ide/plugins/com.nxp.mcuxpresso.tools.win32_11.5.0.202107051138/tools/bin/../lib/gcc/arm-none-eabi/10.3.1/../../../../arm-none-eabi/lib/thumb/v7-m/nofp\libcr_c.a(__init_alloc.o)
 .comment       0x00000049       0x4a d:/programas/nxp/mcuxpressoide_11.5.0_7232/ide/plugins/com.nxp.mcuxpresso.tools.win32_11.5.0.202107051138/tools/bin/../lib/gcc/arm-none-eabi/10.3.1/../../../../arm-none-eabi/lib/thumb/v7-m/nofp\libcr_c.a(_cr_sbrk.o)
 .comment       0x00000049       0x4a d:/programas/nxp/mcuxpressoide_11.5.0_7232/ide/plugins/com.nxp.mcuxpresso.tools.win32_11.5.0.202107051138/tools/bin/../lib/gcc/arm-none-eabi/10.3.1/../../../../arm-none-eabi/lib/thumb/v7-m/nofp\libcr_c.a(_deferredlazyseek.o)
 .comment       0x00000049       0x4a d:/programas/nxp/mcuxpressoide_11.5.0_7232/ide/plugins/com.nxp.mcuxpresso.tools.win32_11.5.0.202107051138/tools/bin/../lib/gcc/arm-none-eabi/10.3.1/../../../../arm-none-eabi/lib/thumb/v7-m/nofp\libcr_c.a(_fdopen.o)
 .comment       0x00000049       0x4a d:/programas/nxp/mcuxpressoide_11.5.0_7232/ide/plugins/com.nxp.mcuxpresso.tools.win32_11.5.0.202107051138/tools/bin/../lib/gcc/arm-none-eabi/10.3.1/../../../../arm-none-eabi/lib/thumb/v7-m/nofp\libcr_c.a(_fflush.o)
 .comment       0x00000049       0x4a d:/programas/nxp/mcuxpressoide_11.5.0_7232/ide/plugins/com.nxp.mcuxpresso.tools.win32_11.5.0.202107051138/tools/bin/../lib/gcc/arm-none-eabi/10.3.1/../../../../arm-none-eabi/lib/thumb/v7-m/nofp\libcr_c.a(_frexpl.o)
 .comment       0x00000049       0x4a d:/programas/nxp/mcuxpressoide_11.5.0_7232/ide/plugins/com.nxp.mcuxpresso.tools.win32_11.5.0.202107051138/tools/bin/../lib/gcc/arm-none-eabi/10.3.1/../../../../arm-none-eabi/lib/thumb/v7-m/nofp\libcr_c.a(_ldexpl.o)
 .comment       0x00000049       0x4a d:/programas/nxp/mcuxpressoide_11.5.0_7232/ide/plugins/com.nxp.mcuxpresso.tools.win32_11.5.0.202107051138/tools/bin/../lib/gcc/arm-none-eabi/10.3.1/../../../../arm-none-eabi/lib/thumb/v7-m/nofp\libcr_c.a(_writebuf.o)
 .comment       0x00000049       0x4a d:/programas/nxp/mcuxpressoide_11.5.0_7232/ide/plugins/com.nxp.mcuxpresso.tools.win32_11.5.0.202107051138/tools/bin/../lib/gcc/arm-none-eabi/10.3.1/../../../../arm-none-eabi/lib/thumb/v7-m/nofp\libcr_c.a(errno.o)
 .comment       0x00000049       0x4a d:/programas/nxp/mcuxpressoide_11.5.0_7232/ide/plugins/com.nxp.mcuxpresso.tools.win32_11.5.0.202107051138/tools/bin/../lib/gcc/arm-none-eabi/10.3.1/../../../../arm-none-eabi/lib/thumb/v7-m/nofp\libcr_c.a(fclose.o)
 .comment       0x00000049       0x4a d:/programas/nxp/mcuxpressoide_11.5.0_7232/ide/plugins/com.nxp.mcuxpresso.tools.win32_11.5.0.202107051138/tools/bin/../lib/gcc/arm-none-eabi/10.3.1/../../../../arm-none-eabi/lib/thumb/v7-m/nofp\libcr_c.a(fflush.o)
 .comment       0x00000049       0x4a d:/programas/nxp/mcuxpressoide_11.5.0_7232/ide/plugins/com.nxp.mcuxpresso.tools.win32_11.5.0.202107051138/tools/bin/../lib/gcc/arm-none-eabi/10.3.1/../../../../arm-none-eabi/lib/thumb/v7-m/nofp\libcr_c.a(fseek.o)
 .comment       0x00000049       0x4a d:/programas/nxp/mcuxpressoide_11.5.0_7232/ide/plugins/com.nxp.mcuxpresso.tools.win32_11.5.0.202107051138/tools/bin/../lib/gcc/arm-none-eabi/10.3.1/../../../../arm-none-eabi/lib/thumb/v7-m/nofp\libcr_c.a(ftell.o)
 .comment       0x00000049       0x4a d:/programas/nxp/mcuxpressoide_11.5.0_7232/ide/plugins/com.nxp.mcuxpresso.tools.win32_11.5.0.202107051138/tools/bin/../lib/gcc/arm-none-eabi/10.3.1/../../../../arm-none-eabi/lib/thumb/v7-m/nofp\libcr_c.a(remove.o)
 .comment       0x00000049       0x4a d:/programas/nxp/mcuxpressoide_11.5.0_7232/ide/plugins/com.nxp.mcuxpresso.tools.win32_11.5.0.202107051138/tools/bin/../lib/gcc/arm-none-eabi/10.3.1/../../../../arm-none-eabi/lib/thumb/v7-m/nofp\libcr_c.a(_cr_check_heap.o)
 .comment       0x00000049       0x4a d:/programas/nxp/mcuxpressoide_11.5.0_7232/ide/plugins/com.nxp.mcuxpresso.tools.win32_11.5.0.202107051138/tools/bin/../lib/gcc/arm-none-eabi/10.3.1/../../../../arm-none-eabi/lib/thumb/v7-m/nofp\libcr_c.a(_do_fflush.o)
 .comment       0x00000049       0x4a d:/programas/nxp/mcuxpressoide_11.5.0_7232/ide/plugins/com.nxp.mcuxpresso.tools.win32_11.5.0.202107051138/tools/bin/../lib/gcc/arm-none-eabi/10.3.1/thumb/v7-m/nofp\libcr_eabihelpers.a(double.o)
 .comment       0x00000049       0x4a d:/programas/nxp/mcuxpressoide_11.5.0_7232/ide/plugins/com.nxp.mcuxpresso.tools.win32_11.5.0.202107051138/tools/bin/../lib/gcc/arm-none-eabi/10.3.1/../../../../arm-none-eabi/lib/thumb/v7-m/nofp\libcr_nohost.a(__ciob.o)
 .comment       0x00000049       0x4a d:/programas/nxp/mcuxpressoide_11.5.0_7232/ide/plugins/com.nxp.mcuxpresso.tools.win32_11.5.0.202107051138/tools/bin/../lib/gcc/arm-none-eabi/10.3.1/../../../../arm-none-eabi/lib/thumb/v7-m/nofp\libcr_nohost.a(__sys_appexit.o)
 .comment       0x00000049       0x4a d:/programas/nxp/mcuxpressoide_11.5.0_7232/ide/plugins/com.nxp.mcuxpresso.tools.win32_11.5.0.202107051138/tools/bin/../lib/gcc/arm-none-eabi/10.3.1/../../../../arm-none-eabi/lib/thumb/v7-m/nofp\libcr_nohost.a(__sys_close.o)
 .comment       0x00000049       0x4a d:/programas/nxp/mcuxpressoide_11.5.0_7232/ide/plugins/com.nxp.mcuxpresso.tools.win32_11.5.0.202107051138/tools/bin/../lib/gcc/arm-none-eabi/10.3.1/../../../../arm-none-eabi/lib/thumb/v7-m/nofp\libcr_nohost.a(__sys_flen.o)
 .comment       0x00000049       0x4a d:/programas/nxp/mcuxpressoide_11.5.0_7232/ide/plugins/com.nxp.mcuxpresso.tools.win32_11.5.0.202107051138/tools/bin/../lib/gcc/arm-none-eabi/10.3.1/../../../../arm-none-eabi/lib/thumb/v7-m/nofp\libcr_nohost.a(__sys_istty.o)
 .comment       0x00000049       0x4a d:/programas/nxp/mcuxpressoide_11.5.0_7232/ide/plugins/com.nxp.mcuxpresso.tools.win32_11.5.0.202107051138/tools/bin/../lib/gcc/arm-none-eabi/10.3.1/../../../../arm-none-eabi/lib/thumb/v7-m/nofp\libcr_nohost.a(__sys_remove.o)
 .comment       0x00000049       0x4a d:/programas/nxp/mcuxpressoide_11.5.0_7232/ide/plugins/com.nxp.mcuxpresso.tools.win32_11.5.0.202107051138/tools/bin/../lib/gcc/arm-none-eabi/10.3.1/../../../../arm-none-eabi/lib/thumb/v7-m/nofp\libcr_nohost.a(__sys_seek.o)
 .comment       0x00000049       0x4a d:/programas/nxp/mcuxpressoide_11.5.0_7232/ide/plugins/com.nxp.mcuxpresso.tools.win32_11.5.0.202107051138/tools/bin/../lib/gcc/arm-none-eabi/10.3.1/../../../../arm-none-eabi/lib/thumb/v7-m/nofp\libcr_nohost.a(__sys_tmpnam.o)

.ARM.attributes
                0x00000000       0x2b
 .ARM.attributes
                0x00000000       0x2d ./medidor_impedancia/src/cr_startup_lpc175x_6x.o
 .ARM.attributes
                0x0000002d       0x2d ./medidor_impedancia/src/main.o
 .ARM.attributes
                0x0000005a       0x2d ./medidor_impedancia/src/sysinit.o
 .ARM.attributes
                0x00000087       0x2d ./freertos/src/FreeRTOSCommonHooks.o
 .ARM.attributes
                0x000000b4       0x2d ./freertos/src/heap_3.o
 .ARM.attributes
                0x000000e1       0x2d ./freertos/src/list.o
 .ARM.attributes
                0x0000010e       0x2d ./freertos/src/port.o
 .ARM.attributes
                0x0000013b       0x2d ./freertos/src/tasks.o
 .ARM.attributes
                0x00000168       0x2d D:\UTN-FRA\FisicaElectronicaIII\zt5\lpc\LPCworkspace\lpc_board_nxp_lpcxpresso_1769\Debug\liblpc_board_nxp_lpcxpresso_1769.a(board.o)
 .ARM.attributes
                0x00000195       0x2d D:\UTN-FRA\FisicaElectronicaIII\zt5\lpc\LPCworkspace\lpc_board_nxp_lpcxpresso_1769\Debug\liblpc_board_nxp_lpcxpresso_1769.a(board_sysinit.o)
 .ARM.attributes
                0x000001c2       0x2d D:\UTN-FRA\FisicaElectronicaIII\zt5\lpc\LPCworkspace\lpc_chip_175x_6x\Debug\liblpc_chip_175x_6x.a(chip_17xx_40xx.o)
 .ARM.attributes
                0x000001ef       0x2d D:\UTN-FRA\FisicaElectronicaIII\zt5\lpc\LPCworkspace\lpc_chip_175x_6x\Debug\liblpc_chip_175x_6x.a(clock_17xx_40xx.o)
 .ARM.attributes
                0x0000021c       0x2d D:\UTN-FRA\FisicaElectronicaIII\zt5\lpc\LPCworkspace\lpc_chip_175x_6x\Debug\liblpc_chip_175x_6x.a(iocon_17xx_40xx.o)
 .ARM.attributes
                0x00000249       0x2d D:\UTN-FRA\FisicaElectronicaIII\zt5\lpc\LPCworkspace\lpc_chip_175x_6x\Debug\liblpc_chip_175x_6x.a(sysinit_17xx_40xx.o)
 .ARM.attributes
                0x00000276       0x2d D:\UTN-FRA\FisicaElectronicaIII\zt5\lpc\LPCworkspace\lpc_chip_175x_6x\Debug\liblpc_chip_175x_6x.a(uart_17xx_40xx.o)
 .ARM.attributes
                0x000002a3       0x2d d:/programas/nxp/mcuxpressoide_11.5.0_7232/ide/plugins/com.nxp.mcuxpresso.tools.win32_11.5.0.202107051138/tools/bin/../lib/gcc/arm-none-eabi/10.3.1/../../../../arm-none-eabi/lib/thumb/v7-m/nofp\libcr_nohost.a(_cr__main.o)
 .ARM.attributes
                0x000002d0       0x2d d:/programas/nxp/mcuxpressoide_11.5.0_7232/ide/plugins/com.nxp.mcuxpresso.tools.win32_11.5.0.202107051138/tools/bin/../lib/gcc/arm-none-eabi/10.3.1/../../../../arm-none-eabi/lib/thumb/v7-m/nofp\libcr_c.a(memset.o)
 .ARM.attributes
                0x000002fd       0x2d d:/programas/nxp/mcuxpressoide_11.5.0_7232/ide/plugins/com.nxp.mcuxpresso.tools.win32_11.5.0.202107051138/tools/bin/../lib/gcc/arm-none-eabi/10.3.1/../../../../arm-none-eabi/lib/thumb/v7-m/nofp\libcr_c.a(alloc.o)
 .ARM.attributes
                0x0000032a       0x2d d:/programas/nxp/mcuxpressoide_11.5.0_7232/ide/plugins/com.nxp.mcuxpresso.tools.win32_11.5.0.202107051138/tools/bin/../lib/gcc/arm-none-eabi/10.3.1/../../../../arm-none-eabi/lib/thumb/v7-m/nofp\libcr_c.a(fpprintf.o)
 .ARM.attributes
                0x00000357       0x2d d:/programas/nxp/mcuxpressoide_11.5.0_7232/ide/plugins/com.nxp.mcuxpresso.tools.win32_11.5.0.202107051138/tools/bin/../lib/gcc/arm-none-eabi/10.3.1/../../../../arm-none-eabi/lib/thumb/v7-m/nofp\libcr_c.a(initio.o)
 .ARM.attributes
                0x00000384       0x2d d:/programas/nxp/mcuxpressoide_11.5.0_7232/ide/plugins/com.nxp.mcuxpresso.tools.win32_11.5.0.202107051138/tools/bin/../lib/gcc/arm-none-eabi/10.3.1/../../../../arm-none-eabi/lib/thumb/v7-m/nofp\libcr_c.a(printf.o)
 .ARM.attributes
                0x000003b1       0x2d d:/programas/nxp/mcuxpressoide_11.5.0_7232/ide/plugins/com.nxp.mcuxpresso.tools.win32_11.5.0.202107051138/tools/bin/../lib/gcc/arm-none-eabi/10.3.1/../../../../arm-none-eabi/lib/thumb/v7-m/nofp\libcr_c.a(setvbuf.o)
 .ARM.attributes
                0x000003de       0x2d d:/programas/nxp/mcuxpressoide_11.5.0_7232/ide/plugins/com.nxp.mcuxpresso.tools.win32_11.5.0.202107051138/tools/bin/../lib/gcc/arm-none-eabi/10.3.1/../../../../arm-none-eabi/lib/thumb/v7-m/nofp\libcr_c.a(strlen.o)
 .ARM.attributes
                0x0000040b       0x2d d:/programas/nxp/mcuxpressoide_11.5.0_7232/ide/plugins/com.nxp.mcuxpresso.tools.win32_11.5.0.202107051138/tools/bin/../lib/gcc/arm-none-eabi/10.3.1/../../../../arm-none-eabi/lib/thumb/v7-m/nofp\libcr_c.a(__init_alloc.o)
 .ARM.attributes
                0x00000438       0x2d d:/programas/nxp/mcuxpressoide_11.5.0_7232/ide/plugins/com.nxp.mcuxpresso.tools.win32_11.5.0.202107051138/tools/bin/../lib/gcc/arm-none-eabi/10.3.1/../../../../arm-none-eabi/lib/thumb/v7-m/nofp\libcr_c.a(_cr_sbrk.o)
 .ARM.attributes
                0x00000465       0x2d d:/programas/nxp/mcuxpressoide_11.5.0_7232/ide/plugins/com.nxp.mcuxpresso.tools.win32_11.5.0.202107051138/tools/bin/../lib/gcc/arm-none-eabi/10.3.1/../../../../arm-none-eabi/lib/thumb/v7-m/nofp\libcr_c.a(_deferredlazyseek.o)
 .ARM.attributes
                0x00000492       0x2d d:/programas/nxp/mcuxpressoide_11.5.0_7232/ide/plugins/com.nxp.mcuxpresso.tools.win32_11.5.0.202107051138/tools/bin/../lib/gcc/arm-none-eabi/10.3.1/../../../../arm-none-eabi/lib/thumb/v7-m/nofp\libcr_c.a(_fdopen.o)
 .ARM.attributes
                0x000004bf       0x2d d:/programas/nxp/mcuxpressoide_11.5.0_7232/ide/plugins/com.nxp.mcuxpresso.tools.win32_11.5.0.202107051138/tools/bin/../lib/gcc/arm-none-eabi/10.3.1/../../../../arm-none-eabi/lib/thumb/v7-m/nofp\libcr_c.a(_fflush.o)
 .ARM.attributes
                0x000004ec       0x2d d:/programas/nxp/mcuxpressoide_11.5.0_7232/ide/plugins/com.nxp.mcuxpresso.tools.win32_11.5.0.202107051138/tools/bin/../lib/gcc/arm-none-eabi/10.3.1/../../../../arm-none-eabi/lib/thumb/v7-m/nofp\libcr_c.a(_frexpl.o)
 .ARM.attributes
                0x00000519       0x2d d:/programas/nxp/mcuxpressoide_11.5.0_7232/ide/plugins/com.nxp.mcuxpresso.tools.win32_11.5.0.202107051138/tools/bin/../lib/gcc/arm-none-eabi/10.3.1/../../../../arm-none-eabi/lib/thumb/v7-m/nofp\libcr_c.a(_ldexpl.o)
 .ARM.attributes
                0x00000546       0x2d d:/programas/nxp/mcuxpressoide_11.5.0_7232/ide/plugins/com.nxp.mcuxpresso.tools.win32_11.5.0.202107051138/tools/bin/../lib/gcc/arm-none-eabi/10.3.1/../../../../arm-none-eabi/lib/thumb/v7-m/nofp\libcr_c.a(_writebuf.o)
 .ARM.attributes
                0x00000573       0x33 d:/programas/nxp/mcuxpressoide_11.5.0_7232/ide/plugins/com.nxp.mcuxpresso.tools.win32_11.5.0.202107051138/tools/bin/../lib/gcc/arm-none-eabi/10.3.1/../../../../arm-none-eabi/lib/thumb/v7-m/nofp\libcr_c.a(errno.o)
 .ARM.attributes
                0x000005a6       0x2d d:/programas/nxp/mcuxpressoide_11.5.0_7232/ide/plugins/com.nxp.mcuxpresso.tools.win32_11.5.0.202107051138/tools/bin/../lib/gcc/arm-none-eabi/10.3.1/../../../../arm-none-eabi/lib/thumb/v7-m/nofp\libcr_c.a(fclose.o)
 .ARM.attributes
                0x000005d3       0x2d d:/programas/nxp/mcuxpressoide_11.5.0_7232/ide/plugins/com.nxp.mcuxpresso.tools.win32_11.5.0.202107051138/tools/bin/../lib/gcc/arm-none-eabi/10.3.1/../../../../arm-none-eabi/lib/thumb/v7-m/nofp\libcr_c.a(fflush.o)
 .ARM.attributes
                0x00000600       0x2d d:/programas/nxp/mcuxpressoide_11.5.0_7232/ide/plugins/com.nxp.mcuxpresso.tools.win32_11.5.0.202107051138/tools/bin/../lib/gcc/arm-none-eabi/10.3.1/../../../../arm-none-eabi/lib/thumb/v7-m/nofp\libcr_c.a(fseek.o)
 .ARM.attributes
                0x0000062d       0x2d d:/programas/nxp/mcuxpressoide_11.5.0_7232/ide/plugins/com.nxp.mcuxpresso.tools.win32_11.5.0.202107051138/tools/bin/../lib/gcc/arm-none-eabi/10.3.1/../../../../arm-none-eabi/lib/thumb/v7-m/nofp\libcr_c.a(ftell.o)
 .ARM.attributes
                0x0000065a       0x2d d:/programas/nxp/mcuxpressoide_11.5.0_7232/ide/plugins/com.nxp.mcuxpresso.tools.win32_11.5.0.202107051138/tools/bin/../lib/gcc/arm-none-eabi/10.3.1/../../../../arm-none-eabi/lib/thumb/v7-m/nofp\libcr_c.a(remove.o)
 .ARM.attributes
                0x00000687       0x2d d:/programas/nxp/mcuxpressoide_11.5.0_7232/ide/plugins/com.nxp.mcuxpresso.tools.win32_11.5.0.202107051138/tools/bin/../lib/gcc/arm-none-eabi/10.3.1/../../../../arm-none-eabi/lib/thumb/v7-m/nofp\libcr_c.a(_cr_check_heap.o)
 .ARM.attributes
                0x000006b4       0x2d d:/programas/nxp/mcuxpressoide_11.5.0_7232/ide/plugins/com.nxp.mcuxpresso.tools.win32_11.5.0.202107051138/tools/bin/../lib/gcc/arm-none-eabi/10.3.1/../../../../arm-none-eabi/lib/thumb/v7-m/nofp\libcr_c.a(_do_fflush.o)
 .ARM.attributes
                0x000006e1       0x2d d:/programas/nxp/mcuxpressoide_11.5.0_7232/ide/plugins/com.nxp.mcuxpresso.tools.win32_11.5.0.202107051138/tools/bin/../lib/gcc/arm-none-eabi/10.3.1/thumb/v7-m/nofp\libcr_eabihelpers.a(double.o)
 .ARM.attributes
                0x0000070e       0x1b d:/programas/nxp/mcuxpressoide_11.5.0_7232/ide/plugins/com.nxp.mcuxpresso.tools.win32_11.5.0.202107051138/tools/bin/../lib/gcc/arm-none-eabi/10.3.1/thumb/v7-m/nofp\libcr_eabihelpers.a(memcpy.o)
 .ARM.attributes
                0x00000729       0x33 d:/programas/nxp/mcuxpressoide_11.5.0_7232/ide/plugins/com.nxp.mcuxpresso.tools.win32_11.5.0.202107051138/tools/bin/../lib/gcc/arm-none-eabi/10.3.1/../../../../arm-none-eabi/lib/thumb/v7-m/nofp\libcr_nohost.a(__ciob.o)
 .ARM.attributes
                0x0000075c       0x2d d:/programas/nxp/mcuxpressoide_11.5.0_7232/ide/plugins/com.nxp.mcuxpresso.tools.win32_11.5.0.202107051138/tools/bin/../lib/gcc/arm-none-eabi/10.3.1/../../../../arm-none-eabi/lib/thumb/v7-m/nofp\libcr_nohost.a(__sys_appexit.o)
 .ARM.attributes
                0x00000789       0x2d d:/programas/nxp/mcuxpressoide_11.5.0_7232/ide/plugins/com.nxp.mcuxpresso.tools.win32_11.5.0.202107051138/tools/bin/../lib/gcc/arm-none-eabi/10.3.1/../../../../arm-none-eabi/lib/thumb/v7-m/nofp\libcr_nohost.a(__sys_close.o)
 .ARM.attributes
                0x000007b6       0x2d d:/programas/nxp/mcuxpressoide_11.5.0_7232/ide/plugins/com.nxp.mcuxpresso.tools.win32_11.5.0.202107051138/tools/bin/../lib/gcc/arm-none-eabi/10.3.1/../../../../arm-none-eabi/lib/thumb/v7-m/nofp\libcr_nohost.a(__sys_flen.o)
 .ARM.attributes
                0x000007e3       0x2d d:/programas/nxp/mcuxpressoide_11.5.0_7232/ide/plugins/com.nxp.mcuxpresso.tools.win32_11.5.0.202107051138/tools/bin/../lib/gcc/arm-none-eabi/10.3.1/../../../../arm-none-eabi/lib/thumb/v7-m/nofp\libcr_nohost.a(__sys_istty.o)
 .ARM.attributes
                0x00000810       0x2d d:/programas/nxp/mcuxpressoide_11.5.0_7232/ide/plugins/com.nxp.mcuxpresso.tools.win32_11.5.0.202107051138/tools/bin/../lib/gcc/arm-none-eabi/10.3.1/../../../../arm-none-eabi/lib/thumb/v7-m/nofp\libcr_nohost.a(__sys_remove.o)
 .ARM.attributes
                0x0000083d       0x2d d:/programas/nxp/mcuxpressoide_11.5.0_7232/ide/plugins/com.nxp.mcuxpresso.tools.win32_11.5.0.202107051138/tools/bin/../lib/gcc/arm-none-eabi/10.3.1/../../../../arm-none-eabi/lib/thumb/v7-m/nofp\libcr_nohost.a(__sys_seek.o)
 .ARM.attributes
                0x0000086a       0x2d d:/programas/nxp/mcuxpressoide_11.5.0_7232/ide/plugins/com.nxp.mcuxpresso.tools.win32_11.5.0.202107051138/tools/bin/../lib/gcc/arm-none-eabi/10.3.1/../../../../arm-none-eabi/lib/thumb/v7-m/nofp\libcr_nohost.a(__sys_tmpnam.o)

.debug_frame    0x00000000     0x1e3c
 .debug_frame   0x00000000      0x170 ./medidor_impedancia/src/cr_startup_lpc175x_6x.o
 .debug_frame   0x00000170       0x90 ./medidor_impedancia/src/main.o
 .debug_frame   0x00000200       0x34 ./medidor_impedancia/src/sysinit.o
 .debug_frame   0x00000234       0xb0 ./freertos/src/FreeRTOSCommonHooks.o
 .debug_frame   0x000002e4       0x58 ./freertos/src/heap_3.o
 .debug_frame   0x0000033c       0xd8 ./freertos/src/list.o
 .debug_frame   0x00000414      0x198 ./freertos/src/port.o
 .debug_frame   0x000005ac      0x634 ./freertos/src/tasks.o
 .debug_frame   0x00000be0      0x5d4 D:\UTN-FRA\FisicaElectronicaIII\zt5\lpc\LPCworkspace\lpc_board_nxp_lpcxpresso_1769\Debug\liblpc_board_nxp_lpcxpresso_1769.a(board.o)
 .debug_frame   0x000011b4       0x8c D:\UTN-FRA\FisicaElectronicaIII\zt5\lpc\LPCworkspace\lpc_board_nxp_lpcxpresso_1769\Debug\liblpc_board_nxp_lpcxpresso_1769.a(board_sysinit.o)
 .debug_frame   0x00001240       0x88 D:\UTN-FRA\FisicaElectronicaIII\zt5\lpc\LPCworkspace\lpc_chip_175x_6x\Debug\liblpc_chip_175x_6x.a(chip_17xx_40xx.o)
 .debug_frame   0x000012c8      0x490 D:\UTN-FRA\FisicaElectronicaIII\zt5\lpc\LPCworkspace\lpc_chip_175x_6x\Debug\liblpc_chip_175x_6x.a(clock_17xx_40xx.o)
 .debug_frame   0x00001758       0x80 D:\UTN-FRA\FisicaElectronicaIII\zt5\lpc\LPCworkspace\lpc_chip_175x_6x\Debug\liblpc_chip_175x_6x.a(iocon_17xx_40xx.o)
 .debug_frame   0x000017d8      0x12c D:\UTN-FRA\FisicaElectronicaIII\zt5\lpc\LPCworkspace\lpc_chip_175x_6x\Debug\liblpc_chip_175x_6x.a(sysinit_17xx_40xx.o)
 .debug_frame   0x00001904      0x538 D:\UTN-FRA\FisicaElectronicaIII\zt5\lpc\LPCworkspace\lpc_chip_175x_6x\Debug\liblpc_chip_175x_6x.a(uart_17xx_40xx.o)